Archive member included to satisfy reference by file (symbol)

bsp/libbsp.a(startup.o)       (Reset_Handler)
bsp/libbsp.a(system.o)        bsp/libbsp.a(startup.o) (SystemInit)
bsp/libbsp.a(board.o)         main.o (board_init)
bsp/libbsp.a(serial.o)        bsp/libbsp.a(board.o) (serial_init)
bsp/libbsp.a(gpio.o)          bsp/libbsp.a(board.o) (gpio_in)
bsp/libbsp.a(lib.o)           main.o (printf)
bsp/libbsp.a(audio.o)         bsp/libbsp.a(board.o) (audio_init)
bsp/libbsp.a(buggy_controller.o)
                              main.o (init_controller)
bsp/libbsp.a(pwm.o)           bsp/libbsp.a(audio.o) (pwm_init)
bsp/libbsp.a(adc.o)           bsp/libbsp.a(audio.o) (adc_init)
ble/libble_uart.a(ble_uart.c.o)
                              main.o (ble_send)
ble/libble_uart.a(bsp_btn_ble.c.o)
                              ble/libble_uart.a(ble_uart.c.o) (bsp_btn_ble_sleep_mode_prepare)
ble/libble_uart.a(bsp.c.o)    ble/libble_uart.a(bsp_btn_ble.c.o) (bsp_button_is_pressed)
ble/libble_uart.a(nrf_ble_gatt.c.o)
                              ble/libble_uart.a(ble_uart.c.o) (nrf_ble_gatt_init)
ble/libble_uart.a(nrf_ble_qwr.c.o)
                              ble/libble_uart.a(ble_uart.c.o) (nrf_ble_qwr_init)
ble/libble_uart.a(nrf_log_default_backends.c.o)
                              ble/libble_uart.a(ble_uart.c.o) (nrf_log_default_backends_init)
ble/libble_uart.a(nrf_log_frontend.c.o)
                              ble/libble_uart.a(ble_uart.c.o) (nrf_log_init)
ble/libble_uart.a(nrf_memobj.c.o)
                              ble/libble_uart.a(nrf_log_frontend.c.o) (nrf_memobj_pool_init)
ble/libble_uart.a(nrf_pwr_mgmt.c.o)
                              ble/libble_uart.a(ble_uart.c.o) (nrf_pwr_mgmt_init)
ble/libble_uart.a(nrf_ringbuf.c.o)
                              ble/libble_uart.a(nrf_log_frontend.c.o) (nrf_ringbuf_init)
ble/libble_uart.a(nrf_sdh_ble.c.o)
                              ble/libble_uart.a(ble_uart.c.o) (nrf_sdh_ble_default_cfg_set)
ble/libble_uart.a(nrf_sdh.c.o)
                              ble/libble_uart.a(ble_uart.c.o) (nrf_sdh_enable_request)
ble/libble_uart.a(nrf_section_iter.c.o)
                              ble/libble_uart.a(nrf_pwr_mgmt.c.o) (nrf_section_iter_init)
ble/libble_uart.a(nrf_strerror.c.o)
                              ble/libble_uart.a(nrf_ble_gatt.c.o) (nrf_strerror_get)
ble/libble_uart.a(app_button.c.o)
                              ble/libble_uart.a(bsp.c.o) (app_button_init)
ble/libble_uart.a(app_error.c.o)
                              ble/libble_uart.a(ble_uart.c.o) (app_error_handler_bare)
ble/libble_uart.a(app_error_handler_gcc.c.o)
                              ble/libble_uart.a(ble_uart.c.o) (app_error_handler)
ble/libble_uart.a(app_error_weak.c.o)
                              ble/libble_uart.a(nrf_sdh.c.o) (app_error_fault_handler)
ble/libble_uart.a(app_timer2.c.o)
                              ble/libble_uart.a(ble_uart.c.o) (app_timer_init)
ble/libble_uart.a(app_util_platform.c.o)
                              ble/libble_uart.a(nrf_log_frontend.c.o) (app_util_critical_region_enter)
ble/libble_uart.a(ble_advertising.c.o)
                              ble/libble_uart.a(ble_uart.c.o) (ble_advertising_conn_cfg_tag_set)
ble/libble_uart.a(ble_conn_params.c.o)
                              ble/libble_uart.a(ble_uart.c.o) (ble_conn_params_init)
ble/libble_uart.a(ble_nus.c.o)
                              ble/libble_uart.a(ble_uart.c.o) (ble_nus_on_ble_evt)
ble/libble_uart.a(ble_srv_common.c.o)
                              ble/libble_uart.a(ble_conn_params.c.o) (ble_srv_is_notification_enabled)
ble/libble_uart.a(boards.c.o)
                              ble/libble_uart.a(bsp.c.o) (bsp_board_led_state_get)
ble/libble_uart.a(drv_rtc.c.o)
                              ble/libble_uart.a(app_timer2.c.o) (drv_rtc_init)
ble/libble_uart.a(nrf_atfifo.c.o)
                              ble/libble_uart.a(app_timer2.c.o) (nrf_atfifo_init)
ble/libble_uart.a(nrf_atomic.c.o)
                              ble/libble_uart.a(nrf_log_frontend.c.o) (nrf_atomic_u32_fetch_store)
ble/libble_uart.a(nrf_balloc.c.o)
                              ble/libble_uart.a(nrf_memobj.c.o) (nrf_balloc_init)
ble/libble_uart.a(nrf_log_backend_rtt.c.o)
                              ble/libble_uart.a(nrf_log_default_backends.c.o) (nrf_log_backend_rtt_init)
ble/libble_uart.a(nrf_log_backend_serial.c.o)
                              ble/libble_uart.a(nrf_log_backend_rtt.c.o) (nrf_log_backend_serial_put)
ble/libble_uart.a(nrf_log_str_formatter.c.o)
                              ble/libble_uart.a(nrf_log_backend_serial.c.o) (nrf_log_std_entry_process)
ble/libble_uart.a(nrf_sortlist.c.o)
                              ble/libble_uart.a(app_timer2.c.o) (nrf_sortlist_add)
ble/libble_uart.a(nrfx_gpiote.c.o)
                              ble/libble_uart.a(app_button.c.o) (nrfx_gpiote_init)
ble/libble_uart.a(SEGGER_RTT.c.o)
                              ble/libble_uart.a(nrf_log_backend_rtt.c.o) (SEGGER_RTT_WriteNoLock)
[...]
Memory Configuration

Name             Origin             Length             Attributes
FLASH            0x000000000001c000 0x0000000000064000 xr
RAM              0x0000000020002608 0x000000000001d9f8 xrw
*default*        0x0000000000000000 0xffffffffffffffff

Linker script and memory map


.text           0x000000000001c000     0xa429
 *(.isr_vector)
 .isr_vector    0x000000000001c000      0x200 bsp/libbsp.a(startup.o)
                0x000000000001c000                vector_table
 *(.text*)
 .text.task_ctrl
                0x000000000001c200       0x3c main.o
                0x000000000001c200                task_ctrl
 .text.task_disp
                0x000000000001c23c       0x14 main.o
                0x000000000001c23c                task_disp
 .text.ble_recv_handler
                0x000000000001c250       0x50 main.o
 .text.startup.main
                0x000000000001c2a0       0x7c main.o
                0x000000000001c2a0                main
 .text.UsageFaultHandler
                0x000000000001c31c        0xc bsp/libbsp.a(startup.o)
 .text.BusFaultHandler
                0x000000000001c328        0xc bsp/libbsp.a(startup.o)
 .text.HardFaultHandler
                0x000000000001c334        0xc bsp/libbsp.a(startup.o)
 .text.IntDefaultHandler
                0x000000000001c340        0xc bsp/libbsp.a(startup.o)
 .text.Reset_Handler
                0x000000000001c34c       0xa4 bsp/libbsp.a(startup.o)
                0x000000000001c34c                Reset_Handler
 .text.SystemInit
                0x000000000001c3f0       0x30 bsp/libbsp.a(system.o)
                0x000000000001c3f0                SystemInit
 .text.delay_us.constprop.0
                0x000000000001c420       0x84 bsp/libbsp.a(board.o)
 .text.board_init
                0x000000000001c4a4       0x64 bsp/libbsp.a(board.o)
                0x000000000001c4a4                board_init
 .text.led_display
                0x000000000001c508       0x80 bsp/libbsp.a(board.o)
                0x000000000001c508                led_display
 .text.led_blink
                0x000000000001c588       0x60 bsp/libbsp.a(board.o)
                0x000000000001c588                led_blink
 .text.serial_init
                0x000000000001c5e8       0x50 bsp/libbsp.a(serial.o)
                0x000000000001c5e8                serial_init
 .text.puts     0x000000000001c638       0x28 bsp/libbsp.a(serial.o)
                0x000000000001c638                puts
 .text.print_buf
                0x000000000001c660       0x34 bsp/libbsp.a(serial.o)
                0x000000000001c660                print_buf
 .text.gpio_in  0x000000000001c694       0x18 bsp/libbsp.a(gpio.o)
                0x000000000001c694                gpio_in
 .text.gpio_out
                0x000000000001c6ac       0x38 bsp/libbsp.a(gpio.o)
                0x000000000001c6ac                gpio_out
 .text.gpio_set
                0x000000000001c6e4       0x1c bsp/libbsp.a(gpio.o)
                0x000000000001c6e4                gpio_set
 .text.gpio_clear
                0x000000000001c700       0x1c bsp/libbsp.a(gpio.o)
                0x000000000001c700                gpio_clear
 .text.printf   0x000000000001c71c      0x31c bsp/libbsp.a(lib.o)
                0x000000000001c71c                printf
 .text.audio_init
                0x000000000001ca38       0x38 bsp/libbsp.a(audio.o)
                0x000000000001ca38                audio_init
 .text.audio_sweep
                0x000000000001ca70       0x38 bsp/libbsp.a(audio.o)
                0x000000000001ca70                audio_sweep
 .text.init_controller
                0x000000000001caa8       0x34 bsp/libbsp.a(buggy_controller.o)
                0x000000000001caa8                init_controller
 .text.add_controllerMsg
                0x000000000001cadc       0x44 bsp/libbsp.a(buggy_controller.o)
                0x000000000001cadc                add_controllerMsg
 .text.execute_driver
                0x000000000001cb20       0xb8 bsp/libbsp.a(buggy_controller.o)
                0x000000000001cb20                execute_driver
 .text.check_controllerMsg
                0x000000000001cbd8       0x74 bsp/libbsp.a(buggy_controller.o)
                0x000000000001cbd8                check_controllerMsg
 .text.pwm_init
                0x000000000001cc4c       0x18 bsp/libbsp.a(pwm.o)
                0x000000000001cc4c                pwm_init
 .text.pwm_out  0x000000000001cc64       0x90 bsp/libbsp.a(pwm.o)
                0x000000000001cc64                pwm_out
 .text.adc_init
                0x000000000001ccf4       0x34 bsp/libbsp.a(adc.o)
                0x000000000001ccf4                adc_init
 .text.sd_ble_gap_disconnect
                0x000000000001cd28        0x4 ble/libble_uart.a(ble_uart.c.o)
 .text.sd_ble_gap_ppcp_set
                0x000000000001cd2c        0x4 ble/libble_uart.a(ble_uart.c.o)
 .text.sd_ble_gap_device_name_set
                0x000000000001cd30        0x4 ble/libble_uart.a(ble_uart.c.o)
 .text.sd_ble_gap_sec_params_reply
                0x000000000001cd34        0x4 ble/libble_uart.a(ble_uart.c.o)
 .text.sd_ble_gap_phy_update
                0x000000000001cd38        0x4 ble/libble_uart.a(ble_uart.c.o)
 .text.sd_ble_gatts_sys_attr_set
                0x000000000001cd3c        0x4 ble/libble_uart.a(ble_uart.c.o)
 .text.sd_power_system_off
                0x000000000001cd40        0x4 ble/libble_uart.a(ble_uart.c.o)
 .text.nrf_qwr_error_handler
                0x000000000001cd44        0x4 ble/libble_uart.a(ble_uart.c.o)
 .text.ble_evt_handler
                0x000000000001cd48      0x100 ble/libble_uart.a(ble_uart.c.o)
 .text.on_conn_params_evt
                0x000000000001ce48       0x24 ble/libble_uart.a(ble_uart.c.o)
 .text.bsp_event_handler
                0x000000000001ce6c       0x70 ble/libble_uart.a(ble_uart.c.o)
                0x000000000001ce6c                bsp_event_handler
 .text.gatt_evt_handler
                0x000000000001cedc       0x4c ble/libble_uart.a(ble_uart.c.o)
                0x000000000001cedc                gatt_evt_handler
 .text.nus_data_handler
                0x000000000001cf28       0x14 ble/libble_uart.a(ble_uart.c.o)
 .text.conn_params_error_handler
                0x000000000001cf3c        0x4 ble/libble_uart.a(ble_uart.c.o)
 .text.on_adv_evt
                0x000000000001cf40       0x40 ble/libble_uart.a(ble_uart.c.o)
 .text.ble_send
                0x000000000001cf80       0xc4 ble/libble_uart.a(ble_uart.c.o)
                0x000000000001cf80                ble_send
 .text.ble_init
                0x000000000001d044      0x294 ble/libble_uart.a(ble_uart.c.o)
                0x000000000001d044                ble_init
 .text.ble_evt_handler
                0x000000000001d2d8       0xac ble/libble_uart.a(bsp_btn_ble.c.o)
 .text.bsp_btn_ble_sleep_mode_prepare
                0x000000000001d384       0x24 ble/libble_uart.a(bsp_btn_ble.c.o)
                0x000000000001d384                bsp_btn_ble_sleep_mode_prepare
 .text.bsp_btn_ble_init
                0x000000000001d3a8       0x6c ble/libble_uart.a(bsp_btn_ble.c.o)
                0x000000000001d3a8                bsp_btn_ble_init
 .text.alert_timer_handler
                0x000000000001d414        0x8 ble/libble_uart.a(bsp.c.o)
 .text.bsp_button_event_handler
                0x000000000001d41c       0xa8 ble/libble_uart.a(bsp.c.o)
 .text.button_timer_handler
                0x000000000001d4c4       0x34 ble/libble_uart.a(bsp.c.o)
 .text.bsp_led_indication
                0x000000000001d4f8      0x308 ble/libble_uart.a(bsp.c.o)
 .text.leds_timer_handler
                0x000000000001d800       0x1c ble/libble_uart.a(bsp.c.o)
 .text.bsp_button_is_pressed
                0x000000000001d81c        0xc ble/libble_uart.a(bsp.c.o)
                0x000000000001d81c                bsp_button_is_pressed
 .text.bsp_indication_set
                0x000000000001d828       0x18 ble/libble_uart.a(bsp.c.o)
                0x000000000001d828                bsp_indication_set
 .text.bsp_init
                0x000000000001d840       0xb4 ble/libble_uart.a(bsp.c.o)
                0x000000000001d840                bsp_init
 .text.bsp_event_to_button_action_assign
                0x000000000001d8f4       0x54 ble/libble_uart.a(bsp.c.o)
                0x000000000001d8f4                bsp_event_to_button_action_assign
 .text.bsp_wakeup_button_enable
                0x000000000001d948       0x40 ble/libble_uart.a(bsp.c.o)
                0x000000000001d948                bsp_wakeup_button_enable
 .text.sd_ble_gap_data_length_update
                0x000000000001d988        0x4 ble/libble_uart.a(nrf_ble_gatt.c.o)
 .text.sd_ble_gattc_exchange_mtu_request
                0x000000000001d98c        0x4 ble/libble_uart.a(nrf_ble_gatt.c.o)
 .text.sd_ble_gatts_exchange_mtu_reply
                0x000000000001d990        0x4 ble/libble_uart.a(nrf_ble_gatt.c.o)
 .text.data_length_update
                0x000000000001d994       0x8c ble/libble_uart.a(nrf_ble_gatt.c.o)
 .text.nrf_ble_gatt_init
                0x000000000001da20       0x30 ble/libble_uart.a(nrf_ble_gatt.c.o)
                0x000000000001da20                nrf_ble_gatt_init
 .text.nrf_ble_gatt_att_mtu_periph_set
                0x000000000001da50       0x18 ble/libble_uart.a(nrf_ble_gatt.c.o)
                0x000000000001da50                nrf_ble_gatt_att_mtu_periph_set
 .text.nrf_ble_gatt_on_ble_evt
                0x000000000001da68      0x1cc ble/libble_uart.a(nrf_ble_gatt.c.o)
                0x000000000001da68                nrf_ble_gatt_on_ble_evt
 .text.sd_ble_gatts_rw_authorize_reply
                0x000000000001dc34        0x4 ble/libble_uart.a(nrf_ble_qwr.c.o)
 .text.sd_ble_user_mem_reply
                0x000000000001dc38        0x4 ble/libble_uart.a(nrf_ble_qwr.c.o)
 .text.nrf_ble_qwr_init
                0x000000000001dc3c       0x24 ble/libble_uart.a(nrf_ble_qwr.c.o)
                0x000000000001dc3c                nrf_ble_qwr_init
 .text.nrf_ble_qwr_conn_handle_assign
                0x000000000001dc60       0x18 ble/libble_uart.a(nrf_ble_qwr.c.o)
                0x000000000001dc60                nrf_ble_qwr_conn_handle_assign
 .text.nrf_ble_qwr_on_ble_evt
                0x000000000001dc78       0xec ble/libble_uart.a(nrf_ble_qwr.c.o)
                0x000000000001dc78                nrf_ble_qwr_on_ble_evt
 .text.nrf_log_default_backends_init
                0x000000000001dd64       0x20 ble/libble_uart.a(nrf_log_default_backends.c.o)
                0x000000000001dd64                nrf_log_default_backends_init
 .text.nrf_log_init
                0x000000000001dd84       0x28 ble/libble_uart.a(nrf_log_frontend.c.o)
                0x000000000001dd84                nrf_log_init
 .text.nrf_log_module_name_get
                0x000000000001ddac       0x48 ble/libble_uart.a(nrf_log_frontend.c.o)
                0x000000000001ddac                nrf_log_module_name_get
 .text.nrf_log_color_id_get
                0x000000000001ddf4       0x2c ble/libble_uart.a(nrf_log_frontend.c.o)
                0x000000000001ddf4                nrf_log_color_id_get
 .text.log_pending_hook
                0x000000000001de20        0x4 ble/libble_uart.a(nrf_log_frontend.c.o)
                0x000000000001de20                log_pending_hook
 .text.nrf_log_frontend_dequeue
                0x000000000001de24      0x24c ble/libble_uart.a(nrf_log_frontend.c.o)
                0x000000000001de24                nrf_log_frontend_dequeue
 .text.nrf_log_frontend_std_2
                0x000000000001e070      0x1c8 ble/libble_uart.a(nrf_log_frontend.c.o)
                0x000000000001e070                nrf_log_frontend_std_2
 .text.nrf_log_frontend_std_1
                0x000000000001e238      0x1bc ble/libble_uart.a(nrf_log_frontend.c.o)
                0x000000000001e238                nrf_log_frontend_std_1
 .text.nrf_log_frontend_std_0
                0x000000000001e3f4      0x1ac ble/libble_uart.a(nrf_log_frontend.c.o)
                0x000000000001e3f4                nrf_log_frontend_std_0
 .text.nrf_log_backend_add
                0x000000000001e5a0       0x5c ble/libble_uart.a(nrf_log_frontend.c.o)
                0x000000000001e5a0                nrf_log_backend_add
 .text.nrf_log_panic
                0x000000000001e5fc       0x28 ble/libble_uart.a(nrf_log_frontend.c.o)
                0x000000000001e5fc                nrf_log_panic
 .text.nrf_memobj_pool_init
                0x000000000001e624        0x4 ble/libble_uart.a(nrf_memobj.c.o)
                0x000000000001e624                nrf_memobj_pool_init
 .text.nrf_memobj_alloc
                0x000000000001e628       0x98 ble/libble_uart.a(nrf_memobj.c.o)
                0x000000000001e628                nrf_memobj_alloc
 .text.nrf_memobj_get
                0x000000000001e6c0        0x8 ble/libble_uart.a(nrf_memobj.c.o)
                0x000000000001e6c0                nrf_memobj_get
 .text.nrf_memobj_put
                0x000000000001e6c8       0x58 ble/libble_uart.a(nrf_memobj.c.o)
                0x000000000001e6c8                nrf_memobj_put
 .text.nrf_memobj_write
                0x000000000001e720       0x68 ble/libble_uart.a(nrf_memobj.c.o)
                0x000000000001e720                nrf_memobj_write
 .text.nrf_memobj_read
                0x000000000001e788       0x68 ble/libble_uart.a(nrf_memobj.c.o)
                0x000000000001e788                nrf_memobj_read
 .text.nrf_pwr_mgmt_init
                0x000000000001e7f0       0x2c ble/libble_uart.a(nrf_pwr_mgmt.c.o)
                0x000000000001e7f0                nrf_pwr_mgmt_init
 .text.nrf_ringbuf_init
                0x000000000001e81c       0x1c ble/libble_uart.a(nrf_ringbuf.c.o)
                0x000000000001e81c                nrf_ringbuf_init
 .text.sd_ble_enable
                0x000000000001e838        0x4 ble/libble_uart.a(nrf_sdh_ble.c.o)
 .text.sd_ble_cfg_set
                0x000000000001e83c        0x4 ble/libble_uart.a(nrf_sdh_ble.c.o)
 .text.sd_ble_evt_get
                0x000000000001e840        0x4 ble/libble_uart.a(nrf_sdh_ble.c.o)
 .text.nrf_sdh_ble_evts_poll.part.0
                0x000000000001e844       0x5c ble/libble_uart.a(nrf_sdh_ble.c.o)
 .text.nrf_sdh_ble_evts_poll
                0x000000000001e8a0       0x10 ble/libble_uart.a(nrf_sdh_ble.c.o)
 .text.nrf_sdh_ble_default_cfg_set
                0x000000000001e8b0      0x1b0 ble/libble_uart.a(nrf_sdh_ble.c.o)
                0x000000000001e8b0                nrf_sdh_ble_default_cfg_set
 .text.nrf_sdh_ble_enable
                0x000000000001ea60       0x9c ble/libble_uart.a(nrf_sdh_ble.c.o)
                0x000000000001ea60                nrf_sdh_ble_enable
 .text.sd_softdevice_enable
                0x000000000001eafc        0x4 ble/libble_uart.a(nrf_sdh.c.o)
 .text.nrf_sdh_enable_request.part.0
                0x000000000001eb00      0x10c ble/libble_uart.a(nrf_sdh.c.o)
 .text.nrf_sdh_enable_request
                0x000000000001ec0c       0x14 ble/libble_uart.a(nrf_sdh.c.o)
                0x000000000001ec0c                nrf_sdh_enable_request
 .text.SWI2_EGU2_IRQHandler
                0x000000000001ec20       0x2c ble/libble_uart.a(nrf_sdh.c.o)
                0x000000000001ec20                SWI2_EGU2_IRQHandler
 .text.nrf_section_iter_init
                0x000000000001ec4c       0x14 ble/libble_uart.a(nrf_section_iter.c.o)
                0x000000000001ec4c                nrf_section_iter_init
 .text.nrf_section_iter_next
                0x000000000001ec60       0x18 ble/libble_uart.a(nrf_section_iter.c.o)
                0x000000000001ec60                nrf_section_iter_next
 .text.nrf_strerror_get
                0x000000000001ec78       0x44 ble/libble_uart.a(nrf_strerror.c.o)
                0x000000000001ec78                nrf_strerror_get
 .text.gpiote_event_handler
                0x000000000001ecbc       0x74 ble/libble_uart.a(app_button.c.o)
 .text.detection_delay_timeout_handler
                0x000000000001ed30      0x274 ble/libble_uart.a(app_button.c.o)
 .text.app_button_init
                0x000000000001efa4       0xb8 ble/libble_uart.a(app_button.c.o)
                0x000000000001efa4                app_button_init
 .text.app_button_enable
                0x000000000001f05c       0x2c ble/libble_uart.a(app_button.c.o)
                0x000000000001f05c                app_button_enable
 .text.app_error_handler_bare
                0x000000000001f088       0x20 ble/libble_uart.a(app_error.c.o)
                0x000000000001f088                app_error_handler_bare
 .text.app_error_fault_handler
                0x000000000001f0a8       0x6c ble/libble_uart.a(app_error_weak.c.o)
                0x000000000001f0a8                app_error_fault_handler
 .text.compare_func
                0x000000000001f114       0x18 ble/libble_uart.a(app_timer2.c.o)
 .text.timer_expire
                0x000000000001f12c       0xe8 ble/libble_uart.a(app_timer2.c.o)
 .text.rtc_irq  0x000000000001f214      0x220 ble/libble_uart.a(app_timer2.c.o)
 .text.app_timer_init
                0x000000000001f434       0x6c ble/libble_uart.a(app_timer2.c.o)
                0x000000000001f434                app_timer_init
 .text.app_timer_create
                0x000000000001f4a0       0x30 ble/libble_uart.a(app_timer2.c.o)
                0x000000000001f4a0                app_timer_create
 .text.app_timer_start
                0x000000000001f4d0       0xb8 ble/libble_uart.a(app_timer2.c.o)
                0x000000000001f4d0                app_timer_start
 .text.app_timer_stop
                0x000000000001f588       0x7c ble/libble_uart.a(app_timer2.c.o)
                0x000000000001f588                app_timer_stop
 .text.app_util_critical_region_enter
                0x000000000001f604       0x4c ble/libble_uart.a(app_util_platform.c.o)
                0x000000000001f604                app_util_critical_region_enter
 .text.app_util_critical_region_exit
                0x000000000001f650       0x30 ble/libble_uart.a(app_util_platform.c.o)
                0x000000000001f650                app_util_critical_region_exit
 .text.sd_ble_gap_adv_set_configure
                0x000000000001f680        0x4 ble/libble_uart.a(ble_advertising.c.o)
 .text.sd_ble_gap_adv_start
                0x000000000001f684        0x4 ble/libble_uart.a(ble_advertising.c.o)
 .text.sd_ble_gap_adv_stop
                0x000000000001f688        0x4 ble/libble_uart.a(ble_advertising.c.o)
 .text.ble_advertising_start.part.0
                0x000000000001f68c      0x2d4 ble/libble_uart.a(ble_advertising.c.o)
 .text.ble_advertising_conn_cfg_tag_set
                0x000000000001f960        0x8 ble/libble_uart.a(ble_advertising.c.o)
                0x000000000001f960                ble_advertising_conn_cfg_tag_set
 .text.ble_advertising_init
                0x000000000001f968       0xf4 ble/libble_uart.a(ble_advertising.c.o)
                0x000000000001f968                ble_advertising_init
 .text.ble_advertising_start
                0x000000000001fa5c        0xc ble/libble_uart.a(ble_advertising.c.o)
                0x000000000001fa5c                ble_advertising_start
 .text.ble_advertising_on_ble_evt
                0x000000000001fa68       0x8c ble/libble_uart.a(ble_advertising.c.o)
                0x000000000001fa68                ble_advertising_on_ble_evt
 .text.ble_advertising_restart_without_whitelist
                0x000000000001faf4       0x60 ble/libble_uart.a(ble_advertising.c.o)
                0x000000000001faf4                ble_advertising_restart_without_whitelist
 .text.sd_ble_gap_conn_param_update
                0x000000000001fb54        0x4 ble/libble_uart.a(ble_conn_params.c.o)
 .text.sd_ble_gap_disconnect
                0x000000000001fb58        0x4 ble/libble_uart.a(ble_conn_params.c.o)
 .text.sd_ble_gap_ppcp_set
                0x000000000001fb5c        0x4 ble/libble_uart.a(ble_conn_params.c.o)
 .text.sd_ble_gap_ppcp_get
                0x000000000001fb60        0x4 ble/libble_uart.a(ble_conn_params.c.o)
 .text.update_timeout_handler
                0x000000000001fb64       0x80 ble/libble_uart.a(ble_conn_params.c.o)
 .text.ble_evt_handler
                0x000000000001fbe4      0x1d0 ble/libble_uart.a(ble_conn_params.c.o)
 .text.ble_conn_params_init
                0x000000000001fdb4       0x78 ble/libble_uart.a(ble_conn_params.c.o)
                0x000000000001fdb4                ble_conn_params_init
 .text.sd_ble_gatts_service_add
                0x000000000001fe2c        0x4 ble/libble_uart.a(ble_nus.c.o)
 .text.sd_ble_gatts_value_get
                0x000000000001fe30        0x4 ble/libble_uart.a(ble_nus.c.o)
 .text.sd_ble_gatts_hvx
                0x000000000001fe34        0x4 ble/libble_uart.a(ble_nus.c.o)
 .text.sd_ble_uuid_vs_add
                0x000000000001fe38        0x4 ble/libble_uart.a(ble_nus.c.o)
 .text.ble_nus_on_ble_evt
                0x000000000001fe3c      0x134 ble/libble_uart.a(ble_nus.c.o)
                0x000000000001fe3c                ble_nus_on_ble_evt
 .text.ble_nus_init
                0x000000000001ff70       0xe4 ble/libble_uart.a(ble_nus.c.o)
                0x000000000001ff70                ble_nus_init
 .text.ble_nus_data_send
                0x0000000000020054       0x6c ble/libble_uart.a(ble_nus.c.o)
                0x0000000000020054                ble_nus_data_send
 .text.sd_ble_gatts_characteristic_add
                0x00000000000200c0        0x4 ble/libble_uart.a(ble_srv_common.c.o)
 .text.ble_srv_is_notification_enabled
                0x00000000000200c4        0x8 ble/libble_uart.a(ble_srv_common.c.o)
                0x00000000000200c4                ble_srv_is_notification_enabled
 .text.characteristic_add
                0x00000000000200cc      0x270 ble/libble_uart.a(ble_srv_common.c.o)
                0x00000000000200cc                characteristic_add
 .text.bsp_board_led_state_get
                0x000000000002033c       0x28 ble/libble_uart.a(boards.c.o)
                0x000000000002033c                bsp_board_led_state_get
 .text.bsp_board_led_on
                0x0000000000020364       0x24 ble/libble_uart.a(boards.c.o)
                0x0000000000020364                bsp_board_led_on
 .text.bsp_board_led_off
                0x0000000000020388       0x24 ble/libble_uart.a(boards.c.o)
                0x0000000000020388                bsp_board_led_off
 .text.bsp_board_leds_off
                0x00000000000203ac       0x60 ble/libble_uart.a(boards.c.o)
                0x00000000000203ac                bsp_board_leds_off
 .text.bsp_board_leds_on
                0x000000000002040c       0x60 ble/libble_uart.a(boards.c.o)
                0x000000000002040c                bsp_board_leds_on
 .text.bsp_board_led_invert
                0x000000000002046c       0x34 ble/libble_uart.a(boards.c.o)
                0x000000000002046c                bsp_board_led_invert
 .text.bsp_board_button_state_get
                0x00000000000204a0       0x28 ble/libble_uart.a(boards.c.o)
                0x00000000000204a0                bsp_board_button_state_get
 .text.bsp_board_pin_to_button_idx
                0x00000000000204c8       0x14 ble/libble_uart.a(boards.c.o)
                0x00000000000204c8                bsp_board_pin_to_button_idx
 .text.bsp_board_button_idx_to_pin
                0x00000000000204dc        0xc ble/libble_uart.a(boards.c.o)
                0x00000000000204dc                bsp_board_button_idx_to_pin
 .text.bsp_board_init
                0x00000000000204e8       0xb4 ble/libble_uart.a(boards.c.o)
                0x00000000000204e8                bsp_board_init
 .text.drv_rtc_init
                0x000000000002059c       0xc8 ble/libble_uart.a(drv_rtc.c.o)
                0x000000000002059c                drv_rtc_init
 .text.drv_rtc_start
                0x0000000000020664        0x8 ble/libble_uart.a(drv_rtc.c.o)
                0x0000000000020664                drv_rtc_start
 .text.drv_rtc_stop
                0x000000000002066c        0x8 ble/libble_uart.a(drv_rtc.c.o)
                0x000000000002066c                drv_rtc_stop
 .text.drv_rtc_compare_set
                0x0000000000020674       0x54 ble/libble_uart.a(drv_rtc.c.o)
                0x0000000000020674                drv_rtc_compare_set
 .text.drv_rtc_windowed_compare_set
                0x00000000000206c8      0x100 ble/libble_uart.a(drv_rtc.c.o)
                0x00000000000206c8                drv_rtc_windowed_compare_set
 .text.drv_rtc_overflow_enable
                0x00000000000207c8       0x14 ble/libble_uart.a(drv_rtc.c.o)
                0x00000000000207c8                drv_rtc_overflow_enable
 .text.drv_rtc_overflow_pending
                0x00000000000207dc       0x20 ble/libble_uart.a(drv_rtc.c.o)
                0x00000000000207dc                drv_rtc_overflow_pending
 .text.drv_rtc_compare_disable
                0x00000000000207fc       0x18 ble/libble_uart.a(drv_rtc.c.o)
                0x00000000000207fc                drv_rtc_compare_disable
 .text.drv_rtc_compare_pending
                0x0000000000020814       0x20 ble/libble_uart.a(drv_rtc.c.o)
                0x0000000000020814                drv_rtc_compare_pending
 .text.drv_rtc_counter_get
                0x0000000000020834        0x8 ble/libble_uart.a(drv_rtc.c.o)
                0x0000000000020834                drv_rtc_counter_get
 .text.drv_rtc_irq_trigger
                0x000000000002083c       0x24 ble/libble_uart.a(drv_rtc.c.o)
                0x000000000002083c                drv_rtc_irq_trigger
 .text.RTC1_IRQHandler
                0x0000000000020860       0x14 ble/libble_uart.a(drv_rtc.c.o)
                0x0000000000020860                RTC1_IRQHandler
 .text.nrf_atfifo_init
                0x0000000000020874       0x30 ble/libble_uart.a(nrf_atfifo.c.o)
                0x0000000000020874                nrf_atfifo_init
 .text.nrf_atfifo_item_alloc
                0x00000000000208a4       0x64 ble/libble_uart.a(nrf_atfifo.c.o)
                0x00000000000208a4                nrf_atfifo_item_alloc
 .text.nrf_atfifo_item_put
                0x0000000000020908       0x20 ble/libble_uart.a(nrf_atfifo.c.o)
                0x0000000000020908                nrf_atfifo_item_put
 .text.nrf_atfifo_item_get
                0x0000000000020928       0x64 ble/libble_uart.a(nrf_atfifo.c.o)
                0x0000000000020928                nrf_atfifo_item_get
 .text.nrf_atfifo_item_free
                0x000000000002098c       0x20 ble/libble_uart.a(nrf_atfifo.c.o)
                0x000000000002098c                nrf_atfifo_item_free
 .text.nrf_atomic_u32_fetch_store
                0x00000000000209ac       0x14 ble/libble_uart.a(nrf_atomic.c.o)
                0x00000000000209ac                nrf_atomic_u32_fetch_store
 .text.nrf_atomic_u32_or
                0x00000000000209c0       0x18 ble/libble_uart.a(nrf_atomic.c.o)
                0x00000000000209c0                nrf_atomic_u32_or
 .text.nrf_atomic_u32_and
                0x00000000000209d8       0x18 ble/libble_uart.a(nrf_atomic.c.o)
                0x00000000000209d8                nrf_atomic_u32_and
 .text.nrf_atomic_u32_add
                0x00000000000209f0       0x18 ble/libble_uart.a(nrf_atomic.c.o)
                0x00000000000209f0                nrf_atomic_u32_add
 .text.nrf_atomic_u32_sub
                0x0000000000020a08       0x18 ble/libble_uart.a(nrf_atomic.c.o)
                0x0000000000020a08                nrf_atomic_u32_sub
 .text.nrf_atomic_flag_set
                0x0000000000020a20       0x18 ble/libble_uart.a(nrf_atomic.c.o)
                0x0000000000020a20                nrf_atomic_flag_set
 .text.nrf_atomic_flag_clear_fetch
                0x0000000000020a38       0x18 ble/libble_uart.a(nrf_atomic.c.o)
                0x0000000000020a38                nrf_atomic_flag_clear_fetch
 .text.nrf_balloc_init
                0x0000000000020a50       0x3c ble/libble_uart.a(nrf_balloc.c.o)
                0x0000000000020a50                nrf_balloc_init
 .text.nrf_balloc_alloc
                0x0000000000020a8c       0x50 ble/libble_uart.a(nrf_balloc.c.o)
                0x0000000000020a8c                nrf_balloc_alloc
 .text.nrf_balloc_free
                0x0000000000020adc       0x38 ble/libble_uart.a(nrf_balloc.c.o)
                0x0000000000020adc                nrf_balloc_free
 .text.nrf_log_backend_rtt_flush
                0x0000000000020b14        0x4 ble/libble_uart.a(nrf_log_backend_rtt.c.o)
 .text.nrf_log_backend_rtt_put
                0x0000000000020b18       0x20 ble/libble_uart.a(nrf_log_backend_rtt.c.o)
 .text.serial_tx
                0x0000000000020b38       0x5c ble/libble_uart.a(nrf_log_backend_rtt.c.o)
 .text.nrf_log_backend_rtt_panic_set
                0x0000000000020b94        0x4 ble/libble_uart.a(nrf_log_backend_rtt.c.o)
 .text.nrf_log_backend_rtt_init
                0x0000000000020b98        0x4 ble/libble_uart.a(nrf_log_backend_rtt.c.o)
                0x0000000000020b98                nrf_log_backend_rtt_init
 .text.nrf_log_backend_serial_put
                0x0000000000020b9c       0xd8 ble/libble_uart.a(nrf_log_backend_serial.c.o)
                0x0000000000020b9c                nrf_log_backend_serial_put
 .text.prefix_process.constprop.0
                0x0000000000020c74       0x80 ble/libble_uart.a(nrf_log_str_formatter.c.o)
 .text.nrf_log_std_entry_process
                0x0000000000020cf4       0xec ble/libble_uart.a(nrf_log_str_formatter.c.o)
                0x0000000000020cf4                nrf_log_std_entry_process
 .text.nrf_log_hexdump_entry_process
                0x0000000000020de0      0x104 ble/libble_uart.a(nrf_log_str_formatter.c.o)
                0x0000000000020de0                nrf_log_hexdump_entry_process
 .text.nrf_sortlist_add
                0x0000000000020ee4       0x28 ble/libble_uart.a(nrf_sortlist.c.o)
                0x0000000000020ee4                nrf_sortlist_add
 .text.nrf_sortlist_pop
                0x0000000000020f0c        0xc ble/libble_uart.a(nrf_sortlist.c.o)
                0x0000000000020f0c                nrf_sortlist_pop
 .text.nrf_sortlist_peek
                0x0000000000020f18        0x8 ble/libble_uart.a(nrf_sortlist.c.o)
                0x0000000000020f18                nrf_sortlist_peek
 .text.nrf_sortlist_remove
                0x0000000000020f20       0x1c ble/libble_uart.a(nrf_sortlist.c.o)
                0x0000000000020f20                nrf_sortlist_remove
 .text.nrfx_gpiote_init
                0x0000000000020f3c       0xb4 ble/libble_uart.a(nrfx_gpiote.c.o)
                0x0000000000020f3c                nrfx_gpiote_init
 .text.nrfx_gpiote_is_init
                0x0000000000020ff0       0x14 ble/libble_uart.a(nrfx_gpiote.c.o)
                0x0000000000020ff0                nrfx_gpiote_is_init
 .text.nrfx_gpiote_in_init
                0x0000000000021004      0x200 ble/libble_uart.a(nrfx_gpiote.c.o)
                0x0000000000021004                nrfx_gpiote_in_init
 .text.nrfx_gpiote_in_event_enable
                0x0000000000021204       0xf0 ble/libble_uart.a(nrfx_gpiote.c.o)
                0x0000000000021204                nrfx_gpiote_in_event_enable
 .text.nrfx_gpiote_in_is_set
                0x00000000000212f4       0x20 ble/libble_uart.a(nrfx_gpiote.c.o)
                0x00000000000212f4                nrfx_gpiote_in_is_set
 .text.GPIOTE_IRQHandler
                0x0000000000021314      0x504 ble/libble_uart.a(nrfx_gpiote.c.o)
                0x0000000000021314                GPIOTE_IRQHandler
 .text.SEGGER_RTT_WriteNoLock
                0x0000000000021818      0x1a8 ble/libble_uart.a(SEGGER_RTT.c.o)
                0x0000000000021818                SEGGER_RTT_WriteNoLock
 .text.SEGGER_RTT_Init
                0x00000000000219c0       0x68 ble/libble_uart.a(SEGGER_RTT.c.o)
                0x00000000000219c0                SEGGER_RTT_Init
 .text.sd_ble_gap_addr_get
                0x0000000000021a28        0x4 ble/libble_uart.a(ble_advdata.c.o)
 .text.sd_ble_gap_appearance_get
                0x0000000000021a2c        0x4 ble/libble_uart.a(ble_advdata.c.o)
 .text.sd_ble_gap_device_name_get
                0x0000000000021a30        0x4 ble/libble_uart.a(ble_advdata.c.o)
 .text.sd_ble_uuid_encode
                0x0000000000021a34        0x4 ble/libble_uart.a(ble_advdata.c.o)
 .text.uuid_list_sized_encode
                0x0000000000021a38       0xb8 ble/libble_uart.a(ble_advdata.c.o)
 .text.ble_advdata_encode
                0x0000000000021af0      0x424 ble/libble_uart.a(ble_advdata.c.o)
                0x0000000000021af0                ble_advdata_encode
 .text.ble_advdata_parse
                0x0000000000021f14       0x4c ble/libble_uart.a(ble_advdata.c.o)
                0x0000000000021f14                ble_advdata_parse
 .text.blcm_link_ctx_get
                0x0000000000021f60       0x50 ble/libble_uart.a(ble_link_ctx_manager.c.o)
                0x0000000000021f60                blcm_link_ctx_get
 .text.nrf_fprintf_buffer_flush
                0x0000000000021fb0       0x18 ble/libble_uart.a(nrf_fprintf.c.o)
                0x0000000000021fb0                nrf_fprintf_buffer_flush
 .text.nrf_fprintf
                0x0000000000021fc8       0x20 ble/libble_uart.a(nrf_fprintf.c.o)
                0x0000000000021fc8                nrf_fprintf
 .text.unsigned_print
                0x0000000000021fe8      0x158 ble/libble_uart.a(nrf_fprintf_format.c.o)
 .text.nrf_fprintf_fmt
                0x0000000000022140      0x610 ble/libble_uart.a(nrf_fprintf_format.c.o)
                0x0000000000022140                nrf_fprintf_fmt
 .text.ble_evt_handler
                0x0000000000022750      0x13c ble/libble_uart.a(ble_conn_state.c.o)
 .text.ble_conn_state_conn_idx
                0x000000000002288c       0x24 ble/libble_uart.a(ble_conn_state.c.o)
                0x000000000002288c                ble_conn_state_conn_idx
 .text.nrf_atflags_set
                0x00000000000228b0       0x18 ble/libble_uart.a(nrf_atflags.c.o)
                0x00000000000228b0                nrf_atflags_set
 .text.nrf_atflags_clear
                0x00000000000228c8       0x18 ble/libble_uart.a(nrf_atflags.c.o)
                0x00000000000228c8                nrf_atflags_clear
 .text.nrf_atflags_get
                0x00000000000228e0       0x14 ble/libble_uart.a(nrf_atflags.c.o)
                0x00000000000228e0                nrf_atflags_get
 .text.svcRtxKernelInitialize
                0x00000000000228f4      0x15c rtx/librtx.a(rtx_kernel.o)
 .text.svcRtxKernelStart
                0x0000000000022a50       0xb8 rtx/librtx.a(rtx_kernel.o)
 .text.osRtxKernelBeforeInit
                0x0000000000022b08        0x4 rtx/librtx.a(rtx_kernel.o)
                0x0000000000022b08                osRtxKernelBeforeInit
 .text.osRtxKernelErrorNotify
                0x0000000000022b0c       0x18 rtx/librtx.a(rtx_kernel.o)
                0x0000000000022b0c                osRtxKernelErrorNotify
 .text.osKernelInitialize
                0x0000000000022b24       0x38 rtx/librtx.a(rtx_kernel.o)
                0x0000000000022b24                osKernelInitialize
 .text.osKernelStart
                0x0000000000022b5c       0x34 rtx/librtx.a(rtx_kernel.o)
                0x0000000000022b5c                osKernelStart
 .text.osRtxMemoryInit
                0x0000000000022b90       0x44 rtx/librtx.a(rtx_memory.o)
                0x0000000000022b90                osRtxMemoryInit
 .text.osRtxMemoryAlloc
                0x0000000000022bd4       0x90 rtx/librtx.a(rtx_memory.o)
                0x0000000000022bd4                osRtxMemoryAlloc
 .text.osRtxMemoryFree
                0x0000000000022c64       0x4c rtx/librtx.a(rtx_memory.o)
                0x0000000000022c64                osRtxMemoryFree
 .text.osRtxMemoryPoolInit
                0x0000000000022cb0       0x64 rtx/librtx.a(rtx_mempool.o)
                0x0000000000022cb0                osRtxMemoryPoolInit
 .text.osRtxMemoryPoolAlloc
                0x0000000000022d14       0x48 rtx/librtx.a(rtx_mempool.o)
                0x0000000000022d14                osRtxMemoryPoolAlloc
 .text.osRtxMemoryPoolFree
                0x0000000000022d5c       0x60 rtx/librtx.a(rtx_mempool.o)
                0x0000000000022d5c                osRtxMemoryPoolFree
 .text.svcRtxMessageQueueNew
                0x0000000000022dbc      0x170 rtx/librtx.a(rtx_msgqueue.o)
 .text.svcRtxMessageQueueGetCount
                0x0000000000022f2c       0x24 rtx/librtx.a(rtx_msgqueue.o)
 .text.svcRtxMessageQueuePut
                0x0000000000022f50      0x12c rtx/librtx.a(rtx_msgqueue.o)
 .text.osRtxMessageQueuePostProcess
                0x000000000002307c      0x18c rtx/librtx.a(rtx_msgqueue.o)
 .text.svcRtxMessageQueueGet
                0x0000000000023208      0x1c4 rtx/librtx.a(rtx_msgqueue.o)
 .text.osRtxMessageQueueTimerSetup
                0x00000000000233cc      0x184 rtx/librtx.a(rtx_msgqueue.o)
                0x00000000000233cc                osRtxMessageQueueTimerSetup
 .text.osMessageQueueNew
                0x0000000000023550       0x40 rtx/librtx.a(rtx_msgqueue.o)
                0x0000000000023550                osMessageQueueNew
 .text.osMessageQueuePut
                0x0000000000023590       0x9c rtx/librtx.a(rtx_msgqueue.o)
                0x0000000000023590                osMessageQueuePut
 .text.osMessageQueueGet
                0x000000000002362c       0xe0 rtx/librtx.a(rtx_msgqueue.o)
                0x000000000002362c                osMessageQueueGet
 .text.osMessageQueueGetCount
                0x000000000002370c       0x44 rtx/librtx.a(rtx_msgqueue.o)
                0x000000000002370c                osMessageQueueGetCount
 .text.osRtxTick_Handler
                0x0000000000023750       0x80 rtx/librtx.a(rtx_system.o)
                0x0000000000023750                osRtxTick_Handler
 .text.osRtxPendSV_Handler
                0x00000000000237d0       0xa8 rtx/librtx.a(rtx_system.o)
                0x00000000000237d0                osRtxPendSV_Handler
 .text.osRtxPostProcess
                0x0000000000023878       0x74 rtx/librtx.a(rtx_system.o)
                0x0000000000023878                osRtxPostProcess
 .text.osRtxThreadWaitEnter.part.0
                0x00000000000238ec       0xa4 rtx/librtx.a(rtx_thread.o)
 .text.svcRtxThreadFlagsWait
                0x0000000000023990      0x108 rtx/librtx.a(rtx_thread.o)
 .text.osRtxThreadListPut
                0x0000000000023a98       0x34 rtx/librtx.a(rtx_thread.o)
                0x0000000000023a98                osRtxThreadListPut
 .text.osRtxThreadListGet
                0x0000000000023acc       0x14 rtx/librtx.a(rtx_thread.o)
                0x0000000000023acc                osRtxThreadListGet
 .text.osRtxThreadListSort
                0x0000000000023ae0       0x5c rtx/librtx.a(rtx_thread.o)
                0x0000000000023ae0                osRtxThreadListSort
 .text.osRtxThreadListRemove
                0x0000000000023b3c       0x14 rtx/librtx.a(rtx_thread.o)
                0x0000000000023b3c                osRtxThreadListRemove
 .text.osRtxThreadReadyPut
                0x0000000000023b50       0x44 rtx/librtx.a(rtx_thread.o)
                0x0000000000023b50                osRtxThreadReadyPut
 .text.osRtxThreadDelayTick
                0x0000000000023b94      0x15c rtx/librtx.a(rtx_thread.o)
                0x0000000000023b94                osRtxThreadDelayTick
 .text.osRtxThreadRegPtr
                0x0000000000023cf0       0x14 rtx/librtx.a(rtx_thread.o)
                0x0000000000023cf0                osRtxThreadRegPtr
 .text.osRtxThreadSwitch
                0x0000000000023d04       0x10 rtx/librtx.a(rtx_thread.o)
                0x0000000000023d04                osRtxThreadSwitch
 .text.osRtxThreadDispatch
                0x0000000000023d14      0x108 rtx/librtx.a(rtx_thread.o)
                0x0000000000023d14                osRtxThreadDispatch
 .text.svcRtxThreadNew
                0x0000000000023e1c      0x2f0 rtx/librtx.a(rtx_thread.o)
 .text.svcRtxThreadSetPriority
                0x000000000002410c       0xb4 rtx/librtx.a(rtx_thread.o)
 .text.osRtxThreadWaitExit
                0x00000000000241c0       0xb8 rtx/librtx.a(rtx_thread.o)
                0x00000000000241c0                osRtxThreadWaitExit
 .text.osRtxThreadPostProcess
                0x0000000000024278       0x94 rtx/librtx.a(rtx_thread.o)
 .text.svcRtxThreadFlagsSet
                0x000000000002430c       0xf4 rtx/librtx.a(rtx_thread.o)
 .text.osRtxThreadWaitEnter
                0x0000000000024400       0x18 rtx/librtx.a(rtx_thread.o)
                0x0000000000024400                osRtxThreadWaitEnter
 .text.osRtxThreadBeforeFree
                0x0000000000024418        0x4 rtx/librtx.a(rtx_thread.o)
                0x0000000000024418                osRtxThreadBeforeFree
 .text.osRtxThreadFree
                0x000000000002441c       0x5c rtx/librtx.a(rtx_thread.o)
 .text.svcRtxThreadExit
                0x0000000000024478      0x124 rtx/librtx.a(rtx_thread.o)
 .text.osRtxThreadStartup
                0x000000000002459c       0x44 rtx/librtx.a(rtx_thread.o)
                0x000000000002459c                osRtxThreadStartup
 .text.osThreadNew
                0x00000000000245e0       0x40 rtx/librtx.a(rtx_thread.o)
                0x00000000000245e0                osThreadNew
 .text.osThreadSetPriority
                0x0000000000024620       0x3c rtx/librtx.a(rtx_thread.o)
                0x0000000000024620                osThreadSetPriority
 .text.osThreadExit
                0x000000000002465c       0x1c rtx/librtx.a(rtx_thread.o)
                0x000000000002465c                osThreadExit
 .text.osThreadEntry
                0x0000000000024678        0x8 rtx/librtx.a(rtx_thread.o)
 .text.osThreadFlagsSet
                0x0000000000024680       0x90 rtx/librtx.a(rtx_thread.o)
                0x0000000000024680                osThreadFlagsSet
 .text.osThreadFlagsWait
                0x0000000000024710       0x44 rtx/librtx.a(rtx_thread.o)
                0x0000000000024710                osThreadFlagsWait
 .text.osRtxTimerTick
                0x0000000000024754       0xc0 rtx/librtx.a(rtx_timer.o)
 .text.osRtxTimerSetup
                0x0000000000024814       0x20 rtx/librtx.a(rtx_timer.o)
                0x0000000000024814                osRtxTimerSetup
 .text.osRtxTimerThread
                0x0000000000024834       0x28 rtx/librtx.a(rtx_timer.o)
                0x0000000000024834                osRtxTimerThread
 .text          0x000000000002485c       0xc8 rtx/librtx.a(irq_armv7m.o)
                0x000000000002485c                SVC_Handler
                0x00000000000248f6                PendSV_Handler
                0x0000000000024906                SysTick_Handler
 .text.OS_Tick_Setup
                0x0000000000024924       0x4c rtx/librtx.a(os_systick.o)
                0x0000000000024924                OS_Tick_Setup
 .text.OS_Tick_Enable
                0x0000000000024970       0x28 rtx/librtx.a(os_systick.o)
                0x0000000000024970                OS_Tick_Enable
 .text.OS_Tick_AcknowledgeIRQ
                0x0000000000024998        0x8 rtx/librtx.a(os_systick.o)
                0x0000000000024998                OS_Tick_AcknowledgeIRQ
 .text.OS_Tick_GetIRQn
                0x00000000000249a0        0x8 rtx/librtx.a(os_systick.o)
                0x00000000000249a0                OS_Tick_GetIRQn
 .text.osRtxIdleThread
                0x00000000000249a8        0x4 rtx/librtx.a(RTX_Config.o)
                0x00000000000249a8                osRtxIdleThread
 .text.osRtxErrorNotify
                0x00000000000249ac        0x4 rtx/librtx.a(RTX_Config.o)
                0x00000000000249ac                osRtxErrorNotify
 .text.EvrRtxMemoryInit
                0x00000000000249b0        0x4 rtx/librtx.a(rtx_evr.o)
                0x00000000000249b0                EvrRtxMemoryInit
 .text.EvrRtxMemoryAlloc
                0x00000000000249b4        0x4 rtx/librtx.a(rtx_evr.o)
                0x00000000000249b4                EvrRtxMemoryAlloc
 .text.EvrRtxMemoryFree
                0x00000000000249b8        0x4 rtx/librtx.a(rtx_evr.o)
                0x00000000000249b8                EvrRtxMemoryFree
 .text.EvrRtxMemoryBlockInit
                0x00000000000249bc        0x4 rtx/librtx.a(rtx_evr.o)
                0x00000000000249bc                EvrRtxMemoryBlockInit
 .text.EvrRtxMemoryBlockAlloc
                0x00000000000249c0        0x4 rtx/librtx.a(rtx_evr.o)
                0x00000000000249c0                EvrRtxMemoryBlockAlloc
 .text.EvrRtxMemoryBlockFree
                0x00000000000249c4        0x4 rtx/librtx.a(rtx_evr.o)
                0x00000000000249c4                EvrRtxMemoryBlockFree
 .text.EvrRtxKernelError
                0x00000000000249c8        0x4 rtx/librtx.a(rtx_evr.o)
                0x00000000000249c8                EvrRtxKernelError
 .text.EvrRtxKernelInitialize
                0x00000000000249cc        0x4 rtx/librtx.a(rtx_evr.o)
                0x00000000000249cc                EvrRtxKernelInitialize
 .text.EvrRtxKernelInitialized
                0x00000000000249d0        0x4 rtx/librtx.a(rtx_evr.o)
                0x00000000000249d0                EvrRtxKernelInitialized
 .text.EvrRtxKernelStart
                0x00000000000249d4        0x4 rtx/librtx.a(rtx_evr.o)
                0x00000000000249d4                EvrRtxKernelStart
 .text.EvrRtxKernelStarted
                0x00000000000249d8        0x4 rtx/librtx.a(rtx_evr.o)
                0x00000000000249d8                EvrRtxKernelStarted
 .text.EvrRtxKernelErrorNotify
                0x00000000000249dc        0x4 rtx/librtx.a(rtx_evr.o)
                0x00000000000249dc                EvrRtxKernelErrorNotify
 .text.EvrRtxThreadError
                0x00000000000249e0        0x4 rtx/librtx.a(rtx_evr.o)
                0x00000000000249e0                EvrRtxThreadError
 .text.EvrRtxThreadNew
                0x00000000000249e4        0x4 rtx/librtx.a(rtx_evr.o)
                0x00000000000249e4                EvrRtxThreadNew
 .text.EvrRtxThreadCreated
                0x00000000000249e8        0x4 rtx/librtx.a(rtx_evr.o)
                0x00000000000249e8                EvrRtxThreadCreated
 .text.EvrRtxThreadSetPriority
                0x00000000000249ec        0x4 rtx/librtx.a(rtx_evr.o)
                0x00000000000249ec                EvrRtxThreadSetPriority
 .text.EvrRtxThreadPriorityUpdated
                0x00000000000249f0        0x4 rtx/librtx.a(rtx_evr.o)
                0x00000000000249f0                EvrRtxThreadPriorityUpdated
 .text.EvrRtxThreadJoined
                0x00000000000249f4        0x4 rtx/librtx.a(rtx_evr.o)
                0x00000000000249f4                EvrRtxThreadJoined
 .text.EvrRtxThreadBlocked
                0x00000000000249f8        0x4 rtx/librtx.a(rtx_evr.o)
                0x00000000000249f8                EvrRtxThreadBlocked
 .text.EvrRtxThreadUnblocked
                0x00000000000249fc        0x4 rtx/librtx.a(rtx_evr.o)
                0x00000000000249fc                EvrRtxThreadUnblocked
 .text.EvrRtxThreadPreempted
                0x0000000000024a00        0x4 rtx/librtx.a(rtx_evr.o)
                0x0000000000024a00                EvrRtxThreadPreempted
 .text.EvrRtxThreadSwitched
                0x0000000000024a04        0x4 rtx/librtx.a(rtx_evr.o)
                0x0000000000024a04                EvrRtxThreadSwitched
 .text.EvrRtxThreadExit
                0x0000000000024a08        0x4 rtx/librtx.a(rtx_evr.o)
                0x0000000000024a08                EvrRtxThreadExit
 .text.EvrRtxThreadDestroyed
                0x0000000000024a0c        0x4 rtx/librtx.a(rtx_evr.o)
                0x0000000000024a0c                EvrRtxThreadDestroyed
 .text.EvrRtxThreadFlagsError
                0x0000000000024a10        0x4 rtx/librtx.a(rtx_evr.o)
                0x0000000000024a10                EvrRtxThreadFlagsError
 .text.EvrRtxThreadFlagsSet
                0x0000000000024a14        0x4 rtx/librtx.a(rtx_evr.o)
                0x0000000000024a14                EvrRtxThreadFlagsSet
 .text.EvrRtxThreadFlagsSetDone
                0x0000000000024a18        0x4 rtx/librtx.a(rtx_evr.o)
                0x0000000000024a18                EvrRtxThreadFlagsSetDone
 .text.EvrRtxThreadFlagsWait
                0x0000000000024a1c        0x4 rtx/librtx.a(rtx_evr.o)
                0x0000000000024a1c                EvrRtxThreadFlagsWait
 .text.EvrRtxThreadFlagsWaitPending
                0x0000000000024a20        0x4 rtx/librtx.a(rtx_evr.o)
                0x0000000000024a20                EvrRtxThreadFlagsWaitPending
 .text.EvrRtxThreadFlagsWaitTimeout
                0x0000000000024a24        0x4 rtx/librtx.a(rtx_evr.o)
                0x0000000000024a24                EvrRtxThreadFlagsWaitTimeout
 .text.EvrRtxThreadFlagsWaitCompleted
                0x0000000000024a28        0x4 rtx/librtx.a(rtx_evr.o)
                0x0000000000024a28                EvrRtxThreadFlagsWaitCompleted
 .text.EvrRtxThreadFlagsWaitNotCompleted
                0x0000000000024a2c        0x4 rtx/librtx.a(rtx_evr.o)
                0x0000000000024a2c                EvrRtxThreadFlagsWaitNotCompleted
 .text.EvrRtxDelayCompleted
                0x0000000000024a30        0x4 rtx/librtx.a(rtx_evr.o)
                0x0000000000024a30                EvrRtxDelayCompleted
 .text.EvrRtxTimerCallback
                0x0000000000024a34        0x4 rtx/librtx.a(rtx_evr.o)
                0x0000000000024a34                EvrRtxTimerCallback
 .text.EvrRtxEventFlagsWaitTimeout
                0x0000000000024a38        0x4 rtx/librtx.a(rtx_evr.o)
                0x0000000000024a38                EvrRtxEventFlagsWaitTimeout
 .text.EvrRtxMutexAcquireTimeout
                0x0000000000024a3c        0x4 rtx/librtx.a(rtx_evr.o)
                0x0000000000024a3c                EvrRtxMutexAcquireTimeout
 .text.EvrRtxMutexAcquired
                0x0000000000024a40        0x4 rtx/librtx.a(rtx_evr.o)
                0x0000000000024a40                EvrRtxMutexAcquired
 .text.EvrRtxMutexReleased
                0x0000000000024a44        0x4 rtx/librtx.a(rtx_evr.o)
                0x0000000000024a44                EvrRtxMutexReleased
 .text.EvrRtxSemaphoreAcquireTimeout
                0x0000000000024a48        0x4 rtx/librtx.a(rtx_evr.o)
                0x0000000000024a48                EvrRtxSemaphoreAcquireTimeout
 .text.EvrRtxMemoryPoolAllocTimeout
                0x0000000000024a4c        0x4 rtx/librtx.a(rtx_evr.o)
                0x0000000000024a4c                EvrRtxMemoryPoolAllocTimeout
 .text.EvrRtxMessageQueueError
                0x0000000000024a50        0x4 rtx/librtx.a(rtx_evr.o)
                0x0000000000024a50                EvrRtxMessageQueueError
 .text.EvrRtxMessageQueueNew
                0x0000000000024a54        0x4 rtx/librtx.a(rtx_evr.o)
                0x0000000000024a54                EvrRtxMessageQueueNew
 .text.EvrRtxMessageQueueCreated
                0x0000000000024a58        0x4 rtx/librtx.a(rtx_evr.o)
                0x0000000000024a58                EvrRtxMessageQueueCreated
 .text.EvrRtxMessageQueuePut
                0x0000000000024a5c        0x4 rtx/librtx.a(rtx_evr.o)
                0x0000000000024a5c                EvrRtxMessageQueuePut
 .text.EvrRtxMessageQueuePutPending
                0x0000000000024a60        0x4 rtx/librtx.a(rtx_evr.o)
                0x0000000000024a60                EvrRtxMessageQueuePutPending
 .text.EvrRtxMessageQueuePutTimeout
                0x0000000000024a64        0x4 rtx/librtx.a(rtx_evr.o)
                0x0000000000024a64                EvrRtxMessageQueuePutTimeout
 .text.EvrRtxMessageQueueInsertPending
                0x0000000000024a68        0x4 rtx/librtx.a(rtx_evr.o)
                0x0000000000024a68                EvrRtxMessageQueueInsertPending
 .text.EvrRtxMessageQueueInserted
                0x0000000000024a6c        0x4 rtx/librtx.a(rtx_evr.o)
                0x0000000000024a6c                EvrRtxMessageQueueInserted
 .text.EvrRtxMessageQueueNotInserted
                0x0000000000024a70        0x4 rtx/librtx.a(rtx_evr.o)
                0x0000000000024a70                EvrRtxMessageQueueNotInserted
 .text.EvrRtxMessageQueueGet
                0x0000000000024a74        0x4 rtx/librtx.a(rtx_evr.o)
                0x0000000000024a74                EvrRtxMessageQueueGet
 .text.EvrRtxMessageQueueGetPending
                0x0000000000024a78        0x4 rtx/librtx.a(rtx_evr.o)
                0x0000000000024a78                EvrRtxMessageQueueGetPending
 .text.EvrRtxMessageQueueGetTimeout
                0x0000000000024a7c        0x4 rtx/librtx.a(rtx_evr.o)
                0x0000000000024a7c                EvrRtxMessageQueueGetTimeout
 .text.EvrRtxMessageQueueRetrieved
                0x0000000000024a80        0x4 rtx/librtx.a(rtx_evr.o)
                0x0000000000024a80                EvrRtxMessageQueueRetrieved
 .text.EvrRtxMessageQueueNotRetrieved
                0x0000000000024a84        0x4 rtx/librtx.a(rtx_evr.o)
                0x0000000000024a84                EvrRtxMessageQueueNotRetrieved
 .text.EvrRtxMessageQueueGetCount
                0x0000000000024a88        0x4 rtx/librtx.a(rtx_evr.o)
                0x0000000000024a88                EvrRtxMessageQueueGetCount
 .text.osRtxMutexOwnerRelease
                0x0000000000024a8c       0x64 rtx/librtx.a(rtx_mutex.o)
                0x0000000000024a8c                osRtxMutexOwnerRelease
 .text.osRtxMutexOwnerRestore
                0x0000000000024af0       0x40 rtx/librtx.a(rtx_mutex.o)
                0x0000000000024af0                osRtxMutexOwnerRestore
 .text.memset   0x0000000000024b30       0xa4 /opt/arm-gcc/arm-none-eabi/lib/thumb/v7e-m+fp/hard/libc.a(libc_a-memset.o)
                0x0000000000024b30                memset
 *fill*         0x0000000000024bd4        0xc 
 .text          0x0000000000024be0      0x2dc /opt/arm-gcc/arm-none-eabi/lib/thumb/v7e-m+fp/hard/libc.a(libc_a-strcmp.o)
                0x0000000000024be8                strcmp
 .text.strcpy   0x0000000000024ebc       0xbc /opt/arm-gcc/arm-none-eabi/lib/thumb/v7e-m+fp/hard/libc.a(libc_a-strcpy.o)
                0x0000000000024ebc                strcpy
 .text          0x0000000000024f78      0x134 /opt/arm-gcc/arm-none-eabi/lib/thumb/v7e-m+fp/hard/libc.a(libc_a-memcpy.o)
                0x0000000000024f78                memcpy
 *fill*         0x00000000000250ac       0x14 
 .text          0x00000000000250c0       0xdc /opt/arm-gcc/arm-none-eabi/lib/thumb/v7e-m+fp/hard/libc.a(libc_a-strlen.o)
                0x00000000000250c0                strlen
 .text          0x000000000002519c       0x30 /opt/arm-gcc/lib/gcc/arm-none-eabi/12.2.1/thumb/v7e-m+fp/hard/libgcc.a(_aeabi_uldivmod.o)
                0x000000000002519c                __aeabi_uldivmod
 .text.__udivmoddi4
                0x00000000000251cc      0x2bc /opt/arm-gcc/lib/gcc/arm-none-eabi/12.2.1/thumb/v7e-m+fp/hard/libgcc.a(_udivmoddi4.o)
                0x00000000000251cc                __udivmoddi4
 .text          0x0000000000025488        0x4 /opt/arm-gcc/lib/gcc/arm-none-eabi/12.2.1/thumb/v7e-m+fp/hard/libgcc.a(_dvmd_tls.o)
                0x0000000000025488                __aeabi_ldiv0
                0x0000000000025488                __aeabi_idiv0
 *(.init)
 *(.fini)
 *crtbegin.o(.ctors)
 *crtbegin?.o(.ctors)
 *(EXCLUDE_FILE(*crtend.o *crtend?.o) .ctors)
 *(SORT_BY_NAME(.ctors.*))
 *(.ctors)
 *crtbegin.o(.dtors)
 *crtbegin?.o(.dtors)
 *(EXCLUDE_FILE(*crtend.o *crtend?.o) .dtors)
 *(SORT_BY_NAME(.dtors.*))
 *(.dtors)
 *(.rodata*)
 .rodata.task_ctrl.str1.4
                0x000000000002548c        0x0 main.o
                                          0x2 (size before relaxing)
 .rodata.main.str1.4
                0x000000000002548c        0xf main.o
 *fill*         0x000000000002549b        0x1 
 .rodata.led_cols
                0x000000000002549c        0x5 bsp/libbsp.a(board.o)
                0x000000000002549c                led_cols
 *fill*         0x00000000000254a1        0x3 
 .rodata.led_rows
                0x00000000000254a4        0x5 bsp/libbsp.a(board.o)
                0x00000000000254a4                led_rows
 *fill*         0x00000000000254a9        0x3 
 .rodata._do_print.str1.4
                0x00000000000254ac       0x11 bsp/libbsp.a(lib.o)
 *fill*         0x00000000000254bd        0x3 
 .rodata.init_controller.str1.4
                0x00000000000254c0       0x47 bsp/libbsp.a(buggy_controller.o)
 *fill*         0x0000000000025507        0x1 
 .rodata.add_controllerMsg.str1.4
                0x0000000000025508       0x46 bsp/libbsp.a(buggy_controller.o)
                                         0x4b (size before relaxing)
 *fill*         0x000000000002554e        0x2 
 .rodata.execute_driver.str1.4
                0x0000000000025550       0x71 bsp/libbsp.a(buggy_controller.o)
 *fill*         0x00000000000255c1        0x3 
 .rodata.check_controllerMsg.str1.4
                0x00000000000255c4       0x1f bsp/libbsp.a(buggy_controller.o)
 *fill*         0x00000000000255e3        0x1 
 .rodata.ble_evt_handler.str1.4
                0x00000000000255e4       0x19 ble/libble_uart.a(ble_uart.c.o)
 *fill*         0x00000000000255fd        0x3 
 .rodata.gatt_evt_handler.str1.4
                0x0000000000025600       0x1c ble/libble_uart.a(ble_uart.c.o)
 .rodata.ble_init.str1.4
                0x000000000002561c       0x4d ble/libble_uart.a(ble_uart.c.o)
 *fill*         0x0000000000025669        0x3 
 .rodata.app_buttons
                0x000000000002566c       0x10 ble/libble_uart.a(bsp.c.o)
 .rodata.m_bsp_button_tmr
                0x000000000002567c        0x4 ble/libble_uart.a(bsp.c.o)
 .rodata.m_bsp_alert_tmr
                0x0000000000025680        0x4 ble/libble_uart.a(bsp.c.o)
 .rodata.m_bsp_leds_tmr
                0x0000000000025684        0x4 ble/libble_uart.a(bsp.c.o)
 .rodata.data_length_update.str1.4
                0x0000000000025688       0xe2 ble/libble_uart.a(nrf_ble_gatt.c.o)
 *fill*         0x000000000002576a        0x2 
 .rodata.nrf_ble_gatt_on_ble_evt.str1.4
                0x000000000002576c       0x63 ble/libble_uart.a(nrf_ble_gatt.c.o)
 *fill*         0x00000000000257cf        0x1 
 .rodata.str1.4
                0x00000000000257d0        0xd ble/libble_uart.a(nrf_ble_gatt.c.o)
 *fill*         0x00000000000257dd        0x3 
 .rodata.str1.4
                0x00000000000257e0       0x10 ble/libble_uart.a(nrf_log_default_backends.c.o)
 .rodata.nrf_log_frontend_dequeue.str1.4
                0x00000000000257f0       0x11 ble/libble_uart.a(nrf_log_frontend.c.o)
 *fill*         0x0000000000025801        0x3 
 .rodata.str1.4
                0x0000000000025804        0x4 ble/libble_uart.a(nrf_log_frontend.c.o)
 .rodata.m_log_push_ringbuf
                0x0000000000025808        0xc ble/libble_uart.a(nrf_log_frontend.c.o)
 .rodata.pwr_mgmt_data
                0x0000000000025814        0xc ble/libble_uart.a(nrf_pwr_mgmt.c.o)
 .rodata.str1.4
                0x0000000000025820        0x9 ble/libble_uart.a(nrf_pwr_mgmt.c.o)
 *fill*         0x0000000000025829        0x3 
 .rodata.nrf_sdh_ble_default_cfg_set.str1.4
                0x000000000002582c      0x1cf ble/libble_uart.a(nrf_sdh_ble.c.o)
 *fill*         0x00000000000259fb        0x1 
 .rodata.nrf_sdh_ble_enable.str1.4
                0x00000000000259fc       0xad ble/libble_uart.a(nrf_sdh_ble.c.o)
 *fill*         0x0000000000025aa9        0x3 
 .rodata.sdh_ble_observers
                0x0000000000025aac        0xc ble/libble_uart.a(nrf_sdh_ble.c.o)
 .rodata.str1.4
                0x0000000000025ab8        0xc ble/libble_uart.a(nrf_sdh_ble.c.o)
 .rodata.sdh_stack_observers
                0x0000000000025ac4        0xc ble/libble_uart.a(nrf_sdh.c.o)
 .rodata.sdh_state_observers
                0x0000000000025ad0        0xc ble/libble_uart.a(nrf_sdh.c.o)
 .rodata.sdh_req_observers
                0x0000000000025adc        0xc ble/libble_uart.a(nrf_sdh.c.o)
 .rodata.str1.4
                0x0000000000025ae8        0x8 ble/libble_uart.a(nrf_sdh.c.o)
 .rodata        0x0000000000025af0        0x4 ble/libble_uart.a(nrf_sdh.c.o)
 .rodata.str1.4
                0x0000000000025af4      0x3e9 ble/libble_uart.a(nrf_strerror.c.o)
 *fill*         0x0000000000025edd        0x3 
 .rodata.nrf_strerror_array
                0x0000000000025ee0      0x128 ble/libble_uart.a(nrf_strerror.c.o)
 .rodata.m_unknown_str
                0x0000000000026008       0x13 ble/libble_uart.a(nrf_strerror.c.o)
 *fill*         0x000000000002601b        0x1 
 .rodata.m_detection_delay_timer_id
                0x000000000002601c        0x4 ble/libble_uart.a(app_button.c.o)
 .rodata.str1.4
                0x0000000000026020        0xb ble/libble_uart.a(app_button.c.o)
 *fill*         0x000000000002602b        0x1 
 .rodata.app_error_fault_handler.str1.4
                0x000000000002602c       0x19 ble/libble_uart.a(app_error_weak.c.o)
 *fill*         0x0000000000026045        0x3 
 .rodata.m_app_timer_sortlist
                0x0000000000026048        0xc ble/libble_uart.a(app_timer2.c.o)
 .rodata.str1.4
                0x0000000000026054        0xa ble/libble_uart.a(app_timer2.c.o)
 *fill*         0x000000000002605e        0x2 
 .rodata        0x0000000000026060        0x4 ble/libble_uart.a(app_timer2.c.o)
 .rodata.str1.4
                0x0000000000026064        0x8 ble/libble_uart.a(ble_nus.c.o)
 .rodata        0x000000000002606c       0x10 ble/libble_uart.a(ble_nus.c.o)
 .rodata.m_board_btn_list
                0x000000000002607c        0x2 ble/libble_uart.a(boards.c.o)
 *fill*         0x000000000002607e        0x2 
 .rodata.m_board_led_list
                0x0000000000026080        0xa ble/libble_uart.a(boards.c.o)
 *fill*         0x000000000002608a        0x2 
 .rodata.drv_rtc_init.str1.4
                0x000000000002608c       0x36 ble/libble_uart.a(drv_rtc.c.o)
 *fill*         0x00000000000260c2        0xe 
 .rodata.delay_machine_code.0
                0x00000000000260d0        0x6 ble/libble_uart.a(drv_rtc.c.o)
 *fill*         0x00000000000260d6        0xa 
 .rodata.delay_machine_code.0
                0x00000000000260e0        0x6 ble/libble_uart.a(nrf_log_backend_rtt.c.o)
 *fill*         0x00000000000260e6        0x2 
 .rodata.nrf_log_backend_rtt_api
                0x00000000000260e8        0xc ble/libble_uart.a(nrf_log_backend_rtt.c.o)
                0x00000000000260e8                nrf_log_backend_rtt_api
 .rodata.prefix_process.constprop.0.str1.4
                0x00000000000260f4       0x36 ble/libble_uart.a(nrf_log_str_formatter.c.o)
 *fill*         0x000000000002612a        0x2 
 .rodata.nrf_log_std_entry_process.str1.4
                0x000000000002612c        0x3 ble/libble_uart.a(nrf_log_str_formatter.c.o)
 *fill*         0x000000000002612f        0x1 
 .rodata.nrf_log_hexdump_entry_process.str1.4
                0x0000000000026130       0x13 ble/libble_uart.a(nrf_log_str_formatter.c.o)
                                         0x16 (size before relaxing)
 *fill*         0x0000000000026143        0x1 
 .rodata.str1.4
                0x0000000000026144       0x56 ble/libble_uart.a(nrf_log_str_formatter.c.o)
 *fill*         0x000000000002619a        0x2 
 .rodata.m_colors
                0x000000000002619c       0x24 ble/libble_uart.a(nrf_log_str_formatter.c.o)
 .rodata.severity_names
                0x00000000000261c0       0x14 ble/libble_uart.a(nrf_log_str_formatter.c.o)
 .rodata.str1.4
                0x00000000000261d4        0x9 ble/libble_uart.a(nrf_sortlist.c.o)
 *fill*         0x00000000000261dd        0x3 
 .rodata.str1.4
                0x00000000000261e0        0x7 ble/libble_uart.a(nrfx_gpiote.c.o)
 *fill*         0x00000000000261e7        0x1 
 .rodata.SEGGER_RTT_ReadNoLock.str1.4
                0x00000000000261e8       0x17 ble/libble_uart.a(SEGGER_RTT.c.o)
 *fill*         0x00000000000261ff        0x1 
 .rodata._aV2C.0
                0x0000000000026200       0x10 ble/libble_uart.a(nrf_fprintf_format.c.o)
 .rodata.svcRtxKernelGetInfo.str1.4
                0x0000000000026210        0xb rtx/librtx.a(rtx_kernel.o)
 *fill*         0x000000000002621b        0x1 
 .rodata        0x000000000002621c       0xa8 rtx/librtx.a(rtx_lib.o)
                0x000000000002621c                os_cb_sections
                0x0000000000026254                osRtxConfig
 .rodata.osRtxUserSVC
                0x00000000000262c4        0x4 rtx/librtx.a(rtx_lib.o)
                0x00000000000262c4                osRtxUserSVC
 .rodata.os_timer_mq_attr
                0x00000000000262c8       0x18 rtx/librtx.a(rtx_lib.o)
 .rodata.os_timer_thread_attr
                0x00000000000262e0       0x24 rtx/librtx.a(rtx_lib.o)
 .rodata.os_idle_thread_attr
                0x0000000000026304       0x24 rtx/librtx.a(rtx_lib.o)
 .rodata._ctype_
                0x0000000000026328      0x101 /opt/arm-gcc/arm-none-eabi/lib/thumb/v7e-m+fp/hard/libc.a(libc_a-ctype_.o)
                0x0000000000026328                _ctype_
 *(.eh_frame*)

.glue_7         0x000000000002642c        0x0
 .glue_7        0x000000000002642c        0x0 linker stubs

.glue_7t        0x000000000002642c        0x0
 .glue_7t       0x000000000002642c        0x0 linker stubs

.vfp11_veneer   0x000000000002642c        0x0
 .vfp11_veneer  0x000000000002642c        0x0 linker stubs

.v4_bx          0x000000000002642c        0x0
 .v4_bx         0x000000000002642c        0x0 linker stubs

.iplt           0x000000000002642c        0x0
 .iplt          0x000000000002642c        0x0 main.o

.mem_section_dummy_rom

.sdh_soc_observers
                0x0000000000026429        0x0
                [!provide]                        PROVIDE (__start_sdh_soc_observers = .)
 *(SORT_BY_NAME(.sdh_soc_observers*))
                [!provide]                        PROVIDE (__stop_sdh_soc_observers = .)

.sdh_ble_observers
                0x000000000002642c       0x40
                0x000000000002642c                PROVIDE (__start_sdh_ble_observers = .)
 *(SORT_BY_NAME(.sdh_ble_observers*))
 .sdh_ble_observers0
                0x000000000002642c        0x8 ble/libble_uart.a(ble_conn_state.c.o)
 .sdh_ble_observers1
                0x0000000000026434       0x10 ble/libble_uart.a(ble_uart.c.o)
 .sdh_ble_observers1
                0x0000000000026444        0x8 ble/libble_uart.a(bsp_btn_ble.c.o)
 .sdh_ble_observers1
                0x000000000002644c        0x8 ble/libble_uart.a(ble_conn_params.c.o)
 .sdh_ble_observers2
                0x0000000000026454       0x10 ble/libble_uart.a(ble_uart.c.o)
 .sdh_ble_observers3
                0x0000000000026464        0x8 ble/libble_uart.a(ble_uart.c.o)
                0x000000000002646c                PROVIDE (__stop_sdh_ble_observers = .)

.pwr_mgmt_data  0x000000000002646c        0x0
                0x000000000002646c                PROVIDE (__start_pwr_mgmt_data = .)
 *(SORT_BY_NAME(.pwr_mgmt_data*))
                0x000000000002646c                PROVIDE (__stop_pwr_mgmt_data = .)

.sdh_req_observers
                0x000000000002646c        0x0
                0x000000000002646c                PROVIDE (__start_sdh_req_observers = .)
 *(SORT_BY_NAME(.sdh_req_observers*))
                0x000000000002646c                PROVIDE (__stop_sdh_req_observers = .)

.sdh_state_observers
                0x000000000002646c        0x0
                0x000000000002646c                PROVIDE (__start_sdh_state_observers = .)
 *(SORT_BY_NAME(.sdh_state_observers*))
                0x000000000002646c                PROVIDE (__stop_sdh_state_observers = .)

.sdh_stack_observers
                0x000000000002646c        0x8
                0x000000000002646c                PROVIDE (__start_sdh_stack_observers = .)
 *(SORT_BY_NAME(.sdh_stack_observers*))
 .sdh_stack_observers0
                0x000000000002646c        0x8 ble/libble_uart.a(nrf_sdh_ble.c.o)
                0x0000000000026474                PROVIDE (__stop_sdh_stack_observers = .)

.nrf_queue      0x0000000000026474        0x0
                [!provide]                        PROVIDE (__start_nrf_queue = .)
 *(.nrf_queue)
                [!provide]                        PROVIDE (__stop_nrf_queue = .)

.nrf_balloc     0x0000000000026474       0x14
                [!provide]                        PROVIDE (__start_nrf_balloc = .)
 *(.nrf_balloc)
 .nrf_balloc    0x0000000000026474       0x14 ble/libble_uart.a(nrf_log_frontend.c.o)
                0x0000000000026474                log_mempool
                [!provide]                        PROVIDE (__stop_nrf_balloc = .)

.cli_command    0x0000000000026488        0x0
                [!provide]                        PROVIDE (__start_cli_command = .)
 *(.cli_command)
                [!provide]                        PROVIDE (__stop_cli_command = .)

.crypto_data    0x0000000000026488        0x0
                [!provide]                        PROVIDE (__start_crypto_data = .)
 *(SORT_BY_NAME(.crypto_data*))
                [!provide]                        PROVIDE (__stop_crypto_data = .)

.log_const_data
                0x0000000000026488       0x50
                0x0000000000026488                PROVIDE (__start_log_const_data = .)
 *(SORT_BY_NAME(.log_const_data*))
 .log_const_data_GPIOTE
                0x0000000000026488        0x8 ble/libble_uart.a(nrfx_gpiote.c.o)
                0x0000000000026488                m_nrf_log_GPIOTE_logs_data_const
 .log_const_data_app
                0x0000000000026490        0x8 ble/libble_uart.a(nrf_log_frontend.c.o)
                0x0000000000026490                m_nrf_log_app_logs_data_const
 .log_const_data_app_button
                0x0000000000026498        0x8 ble/libble_uart.a(app_button.c.o)
                0x0000000000026498                m_nrf_log_app_button_logs_data_const
 .log_const_data_app_timer
                0x00000000000264a0        0x8 ble/libble_uart.a(app_timer2.c.o)
                0x00000000000264a0                m_nrf_log_app_timer_logs_data_const
 .log_const_data_ble_nus
                0x00000000000264a8        0x8 ble/libble_uart.a(ble_nus.c.o)
                0x00000000000264a8                m_nrf_log_ble_nus_logs_data_const
 .log_const_data_nrf_ble_gatt
                0x00000000000264b0        0x8 ble/libble_uart.a(nrf_ble_gatt.c.o)
                0x00000000000264b0                m_nrf_log_nrf_ble_gatt_logs_data_const
 .log_const_data_nrf_sdh
                0x00000000000264b8        0x8 ble/libble_uart.a(nrf_sdh.c.o)
                0x00000000000264b8                m_nrf_log_nrf_sdh_logs_data_const
 .log_const_data_nrf_sdh_ble
                0x00000000000264c0        0x8 ble/libble_uart.a(nrf_sdh_ble.c.o)
                0x00000000000264c0                m_nrf_log_nrf_sdh_ble_logs_data_const
 .log_const_data_pwr_mgmt
                0x00000000000264c8        0x8 ble/libble_uart.a(nrf_pwr_mgmt.c.o)
                0x00000000000264c8                m_nrf_log_pwr_mgmt_logs_data_const
 .log_const_data_sortlist
                0x00000000000264d0        0x8 ble/libble_uart.a(nrf_sortlist.c.o)
                0x00000000000264d0                m_nrf_log_sortlist_logs_data_const
                0x00000000000264d8                PROVIDE (__stop_log_const_data = .)

.log_backends   0x00000000000264d8       0x10
                [!provide]                        PROVIDE (__start_log_backends = .)
 *(SORT_BY_NAME(.log_backends*))
 .log_backends  0x00000000000264d8       0x10 ble/libble_uart.a(nrf_log_default_backends.c.o)
                [!provide]                        PROVIDE (__stop_log_backends = .)

.ARM.extab
 *(.ARM.extab* .gnu.linkonce.armextab.*)
                0x00000000000264e8                __exidx_start = .

.ARM.exidx      0x00000000000264e8        0x8
 *(.ARM.exidx* .gnu.linkonce.armexidx.*)
 .ARM.exidx.text.__udivmoddi4
                0x00000000000264e8        0x8 /opt/arm-gcc/lib/gcc/arm-none-eabi/12.2.1/thumb/v7e-m+fp/hard/libgcc.a(_udivmoddi4.o)
                0x00000000000264f0                __exidx_end = .

.rel.dyn        0x00000000000264f0        0x0
 .rel.iplt      0x00000000000264f0        0x0 main.o
                0x00000000000264f0                . = ALIGN (0x4)
                0x00000000000264f0                __etext = .

.data           0x0000000020002608      0x1d4 load address 0x00000000000264f0
                0x0000000020002608                __data_start__ = .
 *(vtable)
 *(.data*)
 .data.left     0x0000000020002608       0x19 bsp/libbsp.a(buggy_controller.o)
                0x0000000020002608                left
 *fill*         0x0000000020002621        0x3 
 .data.right    0x0000000020002624       0x19 bsp/libbsp.a(buggy_controller.o)
                0x0000000020002624                right
 *fill*         0x000000002000263d        0x3 
 .data.rev      0x0000000020002640       0x19 bsp/libbsp.a(buggy_controller.o)
                0x0000000020002640                rev
 *fill*         0x0000000020002659        0x3 
 .data.fwd      0x000000002000265c       0x19 bsp/libbsp.a(buggy_controller.o)
                0x000000002000265c                fwd
 *fill*         0x0000000020002675        0x3 
 .data.m_adv_uuids
                0x0000000020002678        0x4 ble/libble_uart.a(ble_uart.c.o)
 .data.m_ble_nus_max_data_len
                0x000000002000267c        0x2 ble/libble_uart.a(ble_uart.c.o)
 .data.m_conn_handle
                0x000000002000267e        0x2 ble/libble_uart.a(ble_uart.c.o)
 .data.m_nus    0x0000000020002680       0x1c ble/libble_uart.a(ble_uart.c.o)
 .data.m_nus_link_ctx_storage
                0x000000002000269c        0x8 ble/libble_uart.a(ble_uart.c.o)
 *fill*         0x00000000200026a4        0x4 
 .data.m_bsp_button_tmr_data
                0x00000000200026a8       0x20 ble/libble_uart.a(bsp.c.o)
 .data.m_bsp_alert_tmr_data
                0x00000000200026c8       0x20 ble/libble_uart.a(bsp.c.o)
 .data.m_bsp_leds_tmr_data
                0x00000000200026e8       0x20 ble/libble_uart.a(bsp.c.o)
 .data.log_backend_cb_rtt_log_backend
                0x0000000020002708        0x8 ble/libble_uart.a(nrf_log_default_backends.c.o)
 .data.m_detection_delay_timer_id_data
                0x0000000020002710       0x20 ble/libble_uart.a(app_button.c.o)
 .data.m_rtc_inst
                0x0000000020002730        0x8 ble/libble_uart.a(app_timer2.c.o)
 .data.os       0x0000000020002738       0xa4 rtx/librtx.a(rtx_kernel.o)
                0x0000000020002738                osRtxInfo
                0x00000000200027dc                . = ALIGN (0x4)
                [!provide]                        PROVIDE (__preinit_array_start = .)
 *(.preinit_array)
                [!provide]                        PROVIDE (__preinit_array_end = .)
                0x00000000200027dc                . = ALIGN (0x4)
                [!provide]                        PROVIDE (__init_array_start = .)
 *(SORT_BY_NAME(.init_array.*))
 *(.init_array)
                [!provide]                        PROVIDE (__init_array_end = .)
                0x00000000200027dc                . = ALIGN (0x4)
                [!provide]                        PROVIDE (__fini_array_start = .)
 *(SORT_BY_NAME(.fini_array.*))
 *(.fini_array)
                [!provide]                        PROVIDE (__fini_array_end = .)
 *(.jcr*)
                0x00000000200027dc                . = ALIGN (0x4)
                0x00000000200027dc                __data_end__ = .

.igot.plt       0x00000000200027dc        0x0 load address 0x00000000000266c4
 .igot.plt      0x00000000200027dc        0x0 main.o
                0x00000000200027dc                . = ALIGN (0x4)

.mem_section_dummy_ram

.cli_sorted_cmd_ptrs
                0x00000000200027dc        0x0
                [!provide]                        PROVIDE (__start_cli_sorted_cmd_ptrs = .)
 *(.cli_sorted_cmd_ptrs)
                [!provide]                        PROVIDE (__stop_cli_sorted_cmd_ptrs = .)

.fs_data        0x00000000200027dc        0x0
                [!provide]                        PROVIDE (__start_fs_data = .)
 *(.fs_data)
                [!provide]                        PROVIDE (__stop_fs_data = .)

.log_dynamic_data
                0x00000000200027dc        0x0
                0x00000000200027dc                PROVIDE (__start_log_dynamic_data = .)
 *(SORT_BY_NAME(.log_dynamic_data*))
                [!provide]                        PROVIDE (__stop_log_dynamic_data = .)

.log_filter_data
                0x00000000200027dc        0x0
                [!provide]                        PROVIDE (__start_log_filter_data = .)
 *(SORT_BY_NAME(.log_filter_data*))
                [!provide]                        PROVIDE (__stop_log_filter_data = .)

.bss            0x00000000200027e0     0x933c load address 0x00000000000266c8
                0x00000000200027e0                . = ALIGN (0x4)
                0x00000000200027e0                __bss_start__ = .
 *(.bss*)
 .bss.pic       0x00000000200027e0       0x19 main.o
                0x00000000200027e0                pic
 *fill*         0x00000000200027f9        0x3 
 .bss.cmd_len   0x00000000200027fc        0x4 main.o
                0x00000000200027fc                cmd_len
 .bss.cmd_buf   0x0000000020002800      0x100 main.o
                0x0000000020002800                cmd_buf
 .bss.tid_disp  0x0000000020002900        0x4 main.o
                0x0000000020002900                tid_disp
 .bss.tid_ctrl  0x0000000020002904        0x4 main.o
                0x0000000020002904                tid_ctrl
 .bss.SystemCoreClock
                0x0000000020002908        0x4 bsp/libbsp.a(system.o)
                0x0000000020002908                SystemCoreClock
 .bss.duty_cycle
                0x000000002000290c        0x4 bsp/libbsp.a(audio.o)
 .bss.controller_MsgQueue
                0x0000000020002910        0x4 bsp/libbsp.a(buggy_controller.o)
                0x0000000020002910                controller_MsgQueue
 .bss.s_sequence
                0x0000000020002914        0x4 bsp/libbsp.a(pwm.o)
 .bss.data_array.0
                0x0000000020002918       0xf4 ble/libble_uart.a(ble_uart.c.o)
 .bss.index.1   0x0000000020002a0c        0x1 ble/libble_uart.a(ble_uart.c.o)
 *fill*         0x0000000020002a0d        0x3 
 .bss.m_advertising
                0x0000000020002a10       0xf8 ble/libble_uart.a(ble_uart.c.o)
 .bss.m_qwr     0x0000000020002b08        0xc ble/libble_uart.a(ble_uart.c.o)
 .bss.m_gatt    0x0000000020002b14       0x14 ble/libble_uart.a(ble_uart.c.o)
 .bss.m_nus_link_ctx_storage_ctx_data_pool
                0x0000000020002b28        0x4 ble/libble_uart.a(ble_uart.c.o)
 .bss.m_ble_recv_handler
                0x0000000020002b2c        0x4 ble/libble_uart.a(ble_uart.c.o)
                0x0000000020002b2c                m_ble_recv_handler
 .bss.m_num_connections
                0x0000000020002b30        0x4 ble/libble_uart.a(bsp_btn_ble.c.o)
 .bss.m_error_handler
                0x0000000020002b34        0x4 ble/libble_uart.a(bsp_btn_ble.c.o)
 .bss.release_event_at_push.0
                0x0000000020002b38        0x2 ble/libble_uart.a(bsp.c.o)
 .bss.current_long_push_pin_no.1
                0x0000000020002b3a        0x1 ble/libble_uart.a(bsp.c.o)
 *fill*         0x0000000020002b3b        0x1 
 .bss.m_events_list
                0x0000000020002b3c        0x6 ble/libble_uart.a(bsp.c.o)
 *fill*         0x0000000020002b42        0x2 
 .bss.m_registered_callback
                0x0000000020002b44        0x4 ble/libble_uart.a(bsp.c.o)
 .bss.m_alert_on
                0x0000000020002b48        0x1 ble/libble_uart.a(bsp.c.o)
 *fill*         0x0000000020002b49        0x3 
 .bss.m_indication_type
                0x0000000020002b4c        0x4 ble/libble_uart.a(bsp.c.o)
 .bss.m_leds_clear
                0x0000000020002b50        0x1 ble/libble_uart.a(bsp.c.o)
 .bss.m_stable_state
                0x0000000020002b51        0x1 ble/libble_uart.a(bsp.c.o)
 *fill*         0x0000000020002b52        0x2 
 .bss.m_log_data
                0x0000000020002b54      0x420 ble/libble_uart.a(nrf_log_frontend.c.o)
 .bss.m_log_push_ringbuf_cb
                0x0000000020002f74       0x18 ble/libble_uart.a(nrf_log_frontend.c.o)
 .bss.m_log_push_ringbuf_buf
                0x0000000020002f8c       0x80 ble/libble_uart.a(nrf_log_frontend.c.o)
 .bss.log_mempool_nrf_balloc_cb
                0x000000002000300c        0x8 ble/libble_uart.a(nrf_log_frontend.c.o)
 .bss.log_mempool_nrf_balloc_pool_mem
                0x0000000020003014       0xc0 ble/libble_uart.a(nrf_log_frontend.c.o)
 .bss.log_mempool_nrf_balloc_pool_stack
                0x00000000200030d4        0x8 ble/libble_uart.a(nrf_log_frontend.c.o)
 .bss.m_handlers_iter
                0x00000000200030dc        0x8 ble/libble_uart.a(nrf_pwr_mgmt.c.o)
 .bss.m_shutdown_started
                0x00000000200030e4        0x1 ble/libble_uart.a(nrf_pwr_mgmt.c.o)
 *fill*         0x00000000200030e5        0x3 
 .bss.m_sysoff_mtx
                0x00000000200030e8        0x4 ble/libble_uart.a(nrf_pwr_mgmt.c.o)
 .bss.m_stack_is_enabled
                0x00000000200030ec        0x1 ble/libble_uart.a(nrf_sdh_ble.c.o)
 .bss.m_nrf_sdh_continue
                0x00000000200030ed        0x1 ble/libble_uart.a(nrf_sdh.c.o)
 .bss.m_nrf_sdh_suspended
                0x00000000200030ee        0x1 ble/libble_uart.a(nrf_sdh.c.o)
 .bss.m_nrf_sdh_enabled
                0x00000000200030ef        0x1 ble/libble_uart.a(nrf_sdh.c.o)
 .bss.m_pin_states
                0x00000000200030f0       0x20 ble/libble_uart.a(app_button.c.o)
 .bss.m_pin_active
                0x0000000020003110        0x8 ble/libble_uart.a(app_button.c.o)
 .bss.m_detection_delay
                0x0000000020003118        0x4 ble/libble_uart.a(app_button.c.o)
 .bss.m_button_count
                0x000000002000311c        0x1 ble/libble_uart.a(app_button.c.o)
 *fill*         0x000000002000311d        0x3 
 .bss.mp_buttons
                0x0000000020003120        0x4 ble/libble_uart.a(app_button.c.o)
 .bss.m_app_timer_sortlist_sortlist_cb
                0x0000000020003124        0x4 ble/libble_uart.a(app_timer2.c.o)
 .bss.m_req_fifo_inst
                0x0000000020003128       0x10 ble/libble_uart.a(app_timer2.c.o)
 .bss.m_req_fifo_data
                0x0000000020003138       0x58 ble/libble_uart.a(app_timer2.c.o)
 .bss.m_stamp64
                0x0000000020003190        0x8 ble/libble_uart.a(app_timer2.c.o)
 .bss.m_base_counter
                0x0000000020003198        0x8 ble/libble_uart.a(app_timer2.c.o)
 .bss.m_global_active
                0x00000000200031a0        0x1 ble/libble_uart.a(app_timer2.c.o)
 *fill*         0x00000000200031a1        0x3 
 .bss.mp_active_timer
                0x00000000200031a4        0x4 ble/libble_uart.a(app_timer2.c.o)
 .bss.nrf_nvic_state
                0x00000000200031a8        0xc ble/libble_uart.a(app_util_platform.c.o)
                0x00000000200031a8                nrf_nvic_state
 .bss.m_preferred_conn_params
                0x00000000200031b4        0x8 ble/libble_uart.a(ble_conn_params.c.o)
 .bss.m_conn_params_config
                0x00000000200031bc       0x1c ble/libble_uart.a(ble_conn_params.c.o)
 .bss.m_conn_params_instances
                0x00000000200031d8       0x14 ble/libble_uart.a(ble_conn_params.c.o)
 *fill*         0x00000000200031ec        0x4 
 .bss.m_timer_data
                0x00000000200031f0       0x20 ble/libble_uart.a(ble_conn_params.c.o)
 .bss.m_cb      0x0000000020003210        0x8 ble/libble_uart.a(drv_rtc.c.o)
 .bss.m_handlers
                0x0000000020003218        0x4 ble/libble_uart.a(drv_rtc.c.o)
 .bss.m_string_buff
                0x000000002000321c       0x40 ble/libble_uart.a(nrf_log_backend_rtt.c.o)
 .bss.m_host_present
                0x000000002000325c        0x1 ble/libble_uart.a(nrf_log_backend_rtt.c.o)
 *fill*         0x000000002000325d        0x3 
 .bss.m_cb      0x0000000020003260       0x68 ble/libble_uart.a(nrfx_gpiote.c.o)
 .bss._acDownBuffer
                0x00000000200032c8       0x10 ble/libble_uart.a(SEGGER_RTT.c.o)
 .bss._acUpBuffer
                0x00000000200032d8      0x200 ble/libble_uart.a(SEGGER_RTT.c.o)
 .bss._SEGGER_RTT
                0x00000000200034d8       0x78 ble/libble_uart.a(SEGGER_RTT.c.o)
                0x00000000200034d8                _SEGGER_RTT
 .bss.m_bcs     0x0000000020003550       0x7c ble/libble_uart.a(ble_conn_state.c.o)
 .bss.os.msgqueue.mem
                0x00000000200035cc       0x50 rtx/librtx.a(rtx_lib.o)
 .bss.os.msgqueue.cb
                0x000000002000361c       0x34 rtx/librtx.a(rtx_lib.o)
 .bss.os.thread.timer.stack
                0x0000000020003650      0x200 rtx/librtx.a(rtx_lib.o)
 .bss.os.thread.cb
                0x0000000020003850       0x88 rtx/librtx.a(rtx_lib.o)
 .bss.os.thread.idle.stack
                0x00000000200038d8      0x200 rtx/librtx.a(rtx_lib.o)
 .bss.os        0x0000000020003ad8     0x8040 rtx/librtx.a(rtx_lib.o)
 .bss.os        0x000000002000bb18        0x1 rtx/librtx.a(os_systick.o)
 *(COMMON)
                0x000000002000bb1c                . = ALIGN (0x4)
 *fill*         0x000000002000bb19        0x3 
                0x000000002000bb1c                __bss_end__ = .

.heap           0x000000002000bb1c        0x0
                0x000000002000bb1c                __HeapBase = .
                0x000000002000bb1c                __end__ = .
                0x000000002000bb1c                PROVIDE (end = .)
 *(.heap*)
                0x000000002000bb1c                __HeapLimit = .

.stack_dummy    0x000000002000bb1c     0x2000
 *(.stack*)
 .stack         0x000000002000bb1c     0x2000 bsp/libbsp.a(startup.o)
                0x000000002000bb1c                stack
                0x0000000020020000                __StackTop = (ORIGIN (RAM) + LENGTH (RAM))
                0x000000002001e000                __StackLimit = (__StackTop - SIZEOF (.stack_dummy))
                [!provide]                        PROVIDE (__stack = __StackTop)
                0x0000000000000001                ASSERT ((__StackLimit >= __HeapLimit), region RAM overflowed with stack)
                0x00000000000001d8                DataInitFlashUsed = (__bss_start__ - __data_start__)
                0x000000000000a4f0                CodeFlashUsed = (__etext - ORIGIN (FLASH))
                0x000000000000a6c8                TotalFlashUsed = (CodeFlashUsed + DataInitFlashUsed)
                0x0000000000000001                ASSERT ((TotalFlashUsed <= LENGTH (FLASH)), region FLASH overflowed with .data and user data)
LOAD main.o
LOAD bsp/libbsp.a
LOAD ble/libble_uart.a
LOAD rtx/librtx.a
LOAD /opt/arm-gcc/arm-none-eabi/lib/thumb/v7e-m+fp/hard/libm.a
LOAD /opt/arm-gcc/arm-none-eabi/lib/thumb/v7e-m+fp/hard/libc.a
LOAD /opt/arm-gcc/lib/gcc/arm-none-eabi/12.2.1/thumb/v7e-m+fp/hard/libgcc.a
LOAD /opt/arm-gcc/arm-none-eabi/lib/thumb/v7e-m+fp/hard/libnosys.a
OUTPUT(app.out elf32-littlearm)
LOAD linker stubs

.debug_info     0x0000000000000000    0x549b1
 .debug_info    0x0000000000000000      0x7f6 main.o
 .debug_info    0x00000000000007f6      0x2e9 bsp/libbsp.a(startup.o)
 .debug_info    0x0000000000000adf       0x75 bsp/libbsp.a(system.o)
 .debug_info    0x0000000000000b54     0x12c2 bsp/libbsp.a(board.o)
 .debug_info    0x0000000000001e16      0x29d bsp/libbsp.a(serial.o)
 .debug_info    0x00000000000020b3      0x22b bsp/libbsp.a(gpio.o)
 .debug_info    0x00000000000022de     0x1ad7 bsp/libbsp.a(lib.o)
 .debug_info    0x0000000000003db5      0x6f9 bsp/libbsp.a(audio.o)
 .debug_info    0x00000000000044ae      0x6f0 bsp/libbsp.a(buggy_controller.o)
 .debug_info    0x0000000000004b9e      0x165 bsp/libbsp.a(pwm.o)
 .debug_info    0x0000000000004d03      0x19f bsp/libbsp.a(adc.o)
 .debug_info    0x0000000000004ea2     0x4554 ble/libble_uart.a(ble_uart.c.o)
 .debug_info    0x00000000000093f6     0x1c10 ble/libble_uart.a(bsp_btn_ble.c.o)
 .debug_info    0x000000000000b006     0x14f9 ble/libble_uart.a(bsp.c.o)
 .debug_info    0x000000000000c4ff     0x26a7 ble/libble_uart.a(nrf_ble_gatt.c.o)
 .debug_info    0x000000000000eba6     0x1d2a ble/libble_uart.a(nrf_ble_qwr.c.o)
 .debug_info    0x00000000000108d0      0x2fc ble/libble_uart.a(nrf_log_default_backends.c.o)
 .debug_info    0x0000000000010bcc     0x3b4f ble/libble_uart.a(nrf_log_frontend.c.o)
 .debug_info    0x000000000001471b      0xb84 ble/libble_uart.a(nrf_memobj.c.o)
 .debug_info    0x000000000001529f     0x12d4 ble/libble_uart.a(nrf_pwr_mgmt.c.o)
 .debug_info    0x0000000000016573      0x62d ble/libble_uart.a(nrf_ringbuf.c.o)
 .debug_info    0x0000000000016ba0     0x28e9 ble/libble_uart.a(nrf_sdh_ble.c.o)
 .debug_info    0x0000000000019489     0x1835 ble/libble_uart.a(nrf_sdh.c.o)
 .debug_info    0x000000000001acbe      0x19a ble/libble_uart.a(nrf_section_iter.c.o)
 .debug_info    0x000000000001ae58      0x275 ble/libble_uart.a(nrf_strerror.c.o)
 .debug_info    0x000000000001b0cd     0x12e0 ble/libble_uart.a(app_button.c.o)
 .debug_info    0x000000000001c3ad      0x2be ble/libble_uart.a(app_error.c.o)
 .debug_info    0x000000000001c66b      0x478 ble/libble_uart.a(app_error_weak.c.o)
 .debug_info    0x000000000001cae3     0x1958 ble/libble_uart.a(app_timer2.c.o)
 .debug_info    0x000000000001e43b      0x9dc ble/libble_uart.a(app_util_platform.c.o)
 .debug_info    0x000000000001ee17     0x2f9d ble/libble_uart.a(ble_advertising.c.o)
 .debug_info    0x0000000000021db4     0x292c ble/libble_uart.a(ble_conn_params.c.o)
 .debug_info    0x00000000000246e0     0x260a ble/libble_uart.a(ble_nus.c.o)
 .debug_info    0x0000000000026cea      0xd8f ble/libble_uart.a(ble_srv_common.c.o)
 .debug_info    0x0000000000027a79      0xeb8 ble/libble_uart.a(boards.c.o)
 .debug_info    0x0000000000028931     0x20c2 ble/libble_uart.a(drv_rtc.c.o)
 .debug_info    0x000000000002a9f3      0xb02 ble/libble_uart.a(nrf_atfifo.c.o)
 .debug_info    0x000000000002b4f5      0xa65 ble/libble_uart.a(nrf_atomic.c.o)
 .debug_info    0x000000000002bf5a      0x3d1 ble/libble_uart.a(nrf_balloc.c.o)
 .debug_info    0x000000000002c32b      0x5a5 ble/libble_uart.a(nrf_log_backend_rtt.c.o)
 .debug_info    0x000000000002c8d0      0x7c7 ble/libble_uart.a(nrf_log_backend_serial.c.o)
 .debug_info    0x000000000002d097      0x848 ble/libble_uart.a(nrf_log_str_formatter.c.o)
 .debug_info    0x000000000002d8df      0x3a9 ble/libble_uart.a(nrf_sortlist.c.o)
 .debug_info    0x000000000002dc88     0x3cc1 ble/libble_uart.a(nrfx_gpiote.c.o)
 .debug_info    0x0000000000031949     0x2ff4 ble/libble_uart.a(SEGGER_RTT.c.o)
 .debug_info    0x000000000003493d     0x1fb1 ble/libble_uart.a(ble_advdata.c.o)
 .debug_info    0x00000000000368ee      0x1b2 ble/libble_uart.a(ble_link_ctx_manager.c.o)
 .debug_info    0x0000000000036aa0      0x250 ble/libble_uart.a(nrf_fprintf.c.o)
 .debug_info    0x0000000000036cf0      0xc29 ble/libble_uart.a(nrf_fprintf_format.c.o)
 .debug_info    0x0000000000037919     0x2c73 ble/libble_uart.a(ble_conn_state.c.o)
 .debug_info    0x000000000003a58c      0x71f ble/libble_uart.a(nrf_atflags.c.o)
 .debug_info    0x000000000003acab     0x33f2 rtx/librtx.a(rtx_kernel.o)
 .debug_info    0x000000000003e09d      0xc38 rtx/librtx.a(rtx_lib.o)
 .debug_info    0x000000000003ecd5      0x639 rtx/librtx.a(rtx_memory.o)
 .debug_info    0x000000000003f30e     0x34e0 rtx/librtx.a(rtx_mempool.o)
 .debug_info    0x00000000000427ee     0x41f0 rtx/librtx.a(rtx_msgqueue.o)
 .debug_info    0x00000000000469de     0x11fd rtx/librtx.a(rtx_system.o)
 .debug_info    0x0000000000047bdb     0x6adf rtx/librtx.a(rtx_thread.o)
 .debug_info    0x000000000004e6ba     0x1fb6 rtx/librtx.a(rtx_timer.o)
 .debug_info    0x0000000000050670       0x45 rtx/librtx.a(irq_armv7m.o)
 .debug_info    0x00000000000506b5      0x453 rtx/librtx.a(os_systick.o)
 .debug_info    0x0000000000050b08      0x100 rtx/librtx.a(RTX_Config.o)
 .debug_info    0x0000000000050c08     0x1ecf rtx/librtx.a(rtx_evr.o)
 .debug_info    0x0000000000052ad7     0x1eda rtx/librtx.a(rtx_mutex.o)

.debug_abbrev   0x0000000000000000     0xbf53
 .debug_abbrev  0x0000000000000000      0x223 main.o
 .debug_abbrev  0x0000000000000223      0x1d0 bsp/libbsp.a(startup.o)
 .debug_abbrev  0x00000000000003f3       0x74 bsp/libbsp.a(system.o)
 .debug_abbrev  0x0000000000000467      0x29f bsp/libbsp.a(board.o)
 .debug_abbrev  0x0000000000000706      0x183 bsp/libbsp.a(serial.o)
 .debug_abbrev  0x0000000000000889       0xef bsp/libbsp.a(gpio.o)
 .debug_abbrev  0x0000000000000978      0x36f bsp/libbsp.a(lib.o)
 .debug_abbrev  0x0000000000000ce7      0x26c bsp/libbsp.a(audio.o)
 .debug_abbrev  0x0000000000000f53      0x297 bsp/libbsp.a(buggy_controller.o)
 .debug_abbrev  0x00000000000011ea       0xcf bsp/libbsp.a(pwm.o)
 .debug_abbrev  0x00000000000012b9      0x128 bsp/libbsp.a(adc.o)
 .debug_abbrev  0x00000000000013e1      0x5b8 ble/libble_uart.a(ble_uart.c.o)
 .debug_abbrev  0x0000000000001999      0x328 ble/libble_uart.a(bsp_btn_ble.c.o)
 .debug_abbrev  0x0000000000001cc1      0x4db ble/libble_uart.a(bsp.c.o)
 .debug_abbrev  0x000000000000219c      0x47e ble/libble_uart.a(nrf_ble_gatt.c.o)
 .debug_abbrev  0x000000000000261a      0x352 ble/libble_uart.a(nrf_ble_qwr.c.o)
 .debug_abbrev  0x000000000000296c      0x1a4 ble/libble_uart.a(nrf_log_default_backends.c.o)
 .debug_abbrev  0x0000000000002b10      0x5d1 ble/libble_uart.a(nrf_log_frontend.c.o)
 .debug_abbrev  0x00000000000030e1      0x2b7 ble/libble_uart.a(nrf_memobj.c.o)
 .debug_abbrev  0x0000000000003398      0x4a8 ble/libble_uart.a(nrf_pwr_mgmt.c.o)
 .debug_abbrev  0x0000000000003840      0x187 ble/libble_uart.a(nrf_ringbuf.c.o)
 .debug_abbrev  0x00000000000039c7      0x49a ble/libble_uart.a(nrf_sdh_ble.c.o)
 .debug_abbrev  0x0000000000003e61      0x521 ble/libble_uart.a(nrf_sdh.c.o)
 .debug_abbrev  0x0000000000004382       0xbc ble/libble_uart.a(nrf_section_iter.c.o)
 .debug_abbrev  0x000000000000443e      0x15d ble/libble_uart.a(nrf_strerror.c.o)
 .debug_abbrev  0x000000000000459b      0x3e7 ble/libble_uart.a(app_button.c.o)
 .debug_abbrev  0x0000000000004982      0x147 ble/libble_uart.a(app_error.c.o)
 .debug_abbrev  0x0000000000004ac9      0x23a ble/libble_uart.a(app_error_weak.c.o)
 .debug_abbrev  0x0000000000004d03      0x551 ble/libble_uart.a(app_timer2.c.o)
 .debug_abbrev  0x0000000000005254      0x311 ble/libble_uart.a(app_util_platform.c.o)
 .debug_abbrev  0x0000000000005565      0x4c8 ble/libble_uart.a(ble_advertising.c.o)
 .debug_abbrev  0x0000000000005a2d      0x537 ble/libble_uart.a(ble_conn_params.c.o)
 .debug_abbrev  0x0000000000005f64      0x424 ble/libble_uart.a(ble_nus.c.o)
 .debug_abbrev  0x0000000000006388      0x2ae ble/libble_uart.a(ble_srv_common.c.o)
 .debug_abbrev  0x0000000000006636      0x343 ble/libble_uart.a(boards.c.o)
 .debug_abbrev  0x0000000000006979      0x539 ble/libble_uart.a(drv_rtc.c.o)
 .debug_abbrev  0x0000000000006eb2      0x2bf ble/libble_uart.a(nrf_atfifo.c.o)