Archive member included to satisfy reference by file (symbol)

bsp/libbsp.a(startup.o)       (Reset_Handler)
bsp/libbsp.a(system.o)        bsp/libbsp.a(startup.o) (SystemInit)
bsp/libbsp.a(board.o)         main.o (board_init)
bsp/libbsp.a(serial.o)        bsp/libbsp.a(board.o) (serial_init)
bsp/libbsp.a(gpio.o)          bsp/libbsp.a(board.o) (gpio_in)
bsp/libbsp.a(lib.o)           main.o (printf)
bsp/libbsp.a(audio.o)         bsp/libbsp.a(board.o) (audio_init)
bsp/libbsp.a(pwm.o)           bsp/libbsp.a(audio.o) (pwm_init)
bsp/libbsp.a(adc.o)           bsp/libbsp.a(audio.o) (adc_init)
ble/libble_uart.a(ble_uart.c.o)
                              main.o (ble_send)
ble/libble_uart.a(bsp_btn_ble.c.o)
                              ble/libble_uart.a(ble_uart.c.o) (bsp_btn_ble_sleep_mode_prepare)
ble/libble_uart.a(bsp.c.o)    ble/libble_uart.a(bsp_btn_ble.c.o) (bsp_button_is_pressed)
ble/libble_uart.a(nrf_ble_gatt.c.o)
                              ble/libble_uart.a(ble_uart.c.o) (nrf_ble_gatt_init)
ble/libble_uart.a(nrf_ble_qwr.c.o)
                              ble/libble_uart.a(ble_uart.c.o) (nrf_ble_qwr_init)
ble/libble_uart.a(nrf_log_default_backends.c.o)
                              ble/libble_uart.a(ble_uart.c.o) (nrf_log_default_backends_init)
ble/libble_uart.a(nrf_log_frontend.c.o)
                              ble/libble_uart.a(ble_uart.c.o) (nrf_log_init)
ble/libble_uart.a(nrf_memobj.c.o)
                              ble/libble_uart.a(nrf_log_frontend.c.o) (nrf_memobj_pool_init)
ble/libble_uart.a(nrf_pwr_mgmt.c.o)
                              ble/libble_uart.a(ble_uart.c.o) (nrf_pwr_mgmt_init)
ble/libble_uart.a(nrf_ringbuf.c.o)
                              ble/libble_uart.a(nrf_log_frontend.c.o) (nrf_ringbuf_init)
ble/libble_uart.a(nrf_sdh_ble.c.o)
                              ble/libble_uart.a(ble_uart.c.o) (nrf_sdh_ble_default_cfg_set)
ble/libble_uart.a(nrf_sdh.c.o)
                              ble/libble_uart.a(ble_uart.c.o) (nrf_sdh_enable_request)
ble/libble_uart.a(nrf_section_iter.c.o)
                              ble/libble_uart.a(nrf_pwr_mgmt.c.o) (nrf_section_iter_init)
ble/libble_uart.a(nrf_strerror.c.o)
                              ble/libble_uart.a(nrf_ble_gatt.c.o) (nrf_strerror_get)
ble/libble_uart.a(app_button.c.o)
                              ble/libble_uart.a(bsp.c.o) (app_button_init)
ble/libble_uart.a(app_error.c.o)
                              ble/libble_uart.a(ble_uart.c.o) (app_error_handler_bare)
ble/libble_uart.a(app_error_handler_gcc.c.o)
                              ble/libble_uart.a(ble_uart.c.o) (app_error_handler)
ble/libble_uart.a(app_error_weak.c.o)
                              ble/libble_uart.a(nrf_sdh.c.o) (app_error_fault_handler)
ble/libble_uart.a(app_timer2.c.o)
                              ble/libble_uart.a(ble_uart.c.o) (app_timer_init)
ble/libble_uart.a(app_util_platform.c.o)
                              ble/libble_uart.a(nrf_log_frontend.c.o) (app_util_critical_region_enter)
ble/libble_uart.a(ble_advertising.c.o)
                              ble/libble_uart.a(ble_uart.c.o) (ble_advertising_conn_cfg_tag_set)
ble/libble_uart.a(ble_conn_params.c.o)
                              ble/libble_uart.a(ble_uart.c.o) (ble_conn_params_init)
ble/libble_uart.a(ble_nus.c.o)
                              ble/libble_uart.a(ble_uart.c.o) (ble_nus_on_ble_evt)
ble/libble_uart.a(ble_srv_common.c.o)
                              ble/libble_uart.a(ble_conn_params.c.o) (ble_srv_is_notification_enabled)
ble/libble_uart.a(boards.c.o)
                              ble/libble_uart.a(bsp.c.o) (bsp_board_led_state_get)
ble/libble_uart.a(drv_rtc.c.o)
                              ble/libble_uart.a(app_timer2.c.o) (drv_rtc_init)
ble/libble_uart.a(nrf_atfifo.c.o)
                              ble/libble_uart.a(app_timer2.c.o) (nrf_atfifo_init)
ble/libble_uart.a(nrf_atomic.c.o)
                              ble/libble_uart.a(nrf_log_frontend.c.o) (nrf_atomic_u32_fetch_store)
ble/libble_uart.a(nrf_balloc.c.o)
                              ble/libble_uart.a(nrf_memobj.c.o) (nrf_balloc_init)
ble/libble_uart.a(nrf_log_backend_rtt.c.o)
                              ble/libble_uart.a(nrf_log_default_backends.c.o) (nrf_log_backend_rtt_init)
ble/libble_uart.a(nrf_log_backend_serial.c.o)
                              ble/libble_uart.a(nrf_log_backend_rtt.c.o) (nrf_log_backend_serial_put)
ble/libble_uart.a(nrf_log_str_formatter.c.o)
                              ble/libble_uart.a(nrf_log_backend_serial.c.o) (nrf_log_std_entry_process)
ble/libble_uart.a(nrf_sortlist.c.o)
                              ble/libble_uart.a(app_timer2.c.o) (nrf_sortlist_add)
ble/libble_uart.a(nrfx_gpiote.c.o)
                              ble/libble_uart.a(app_button.c.o) (nrfx_gpiote_init)
ble/libble_uart.a(SEGGER_RTT.c.o)
                              ble/libble_uart.a(nrf_log_backend_rtt.c.o) (SEGGER_RTT_WriteNoLock)
ble/libble_uart.a(ble_advdata.c.o)
[...]
Memory Configuration

Name             Origin             Length             Attributes
FLASH            0x000000000001c000 0x0000000000064000 xr
RAM              0x0000000020002608 0x000000000001d9f8 xrw
*default*        0x0000000000000000 0xffffffffffffffff

Linker script and memory map


.text           0x000000000001c000     0x9bb9
 *(.isr_vector)
 .isr_vector    0x000000000001c000      0x200 bsp/libbsp.a(startup.o)
                0x000000000001c000                vector_table
 *(.text*)
 .text.task_ctrl
                0x000000000001c200       0x38 main.o
                0x000000000001c200                task_ctrl
 .text.ble_recv_handler
                0x000000000001c238       0x50 main.o
 .text.startup.main
                0x000000000001c288       0x5c main.o
                0x000000000001c288                main
 .text.UsageFaultHandler
                0x000000000001c2e4        0xc bsp/libbsp.a(startup.o)
 .text.BusFaultHandler
                0x000000000001c2f0        0xc bsp/libbsp.a(startup.o)
 .text.HardFaultHandler
                0x000000000001c2fc        0xc bsp/libbsp.a(startup.o)
 .text.IntDefaultHandler
                0x000000000001c308        0xc bsp/libbsp.a(startup.o)
 .text.Reset_Handler
                0x000000000001c314       0xa4 bsp/libbsp.a(startup.o)
                0x000000000001c314                Reset_Handler
 .text.SystemInit
                0x000000000001c3b8       0x30 bsp/libbsp.a(system.o)
                0x000000000001c3b8                SystemInit
 .text.delay_us.constprop.0
                0x000000000001c3e8       0x84 bsp/libbsp.a(board.o)
 .text.board_init
                0x000000000001c46c       0x64 bsp/libbsp.a(board.o)
                0x000000000001c46c                board_init
 .text.led_blink
                0x000000000001c4d0       0x60 bsp/libbsp.a(board.o)
                0x000000000001c4d0                led_blink
 .text.serial_init
                0x000000000001c530       0x50 bsp/libbsp.a(serial.o)
                0x000000000001c530                serial_init
 .text.puts     0x000000000001c580       0x28 bsp/libbsp.a(serial.o)
                0x000000000001c580                puts
 .text.print_buf
                0x000000000001c5a8       0x34 bsp/libbsp.a(serial.o)
                0x000000000001c5a8                print_buf
 .text.gpio_in  0x000000000001c5dc       0x18 bsp/libbsp.a(gpio.o)
                0x000000000001c5dc                gpio_in
 .text.gpio_out
                0x000000000001c5f4       0x38 bsp/libbsp.a(gpio.o)
                0x000000000001c5f4                gpio_out
 .text.gpio_set
                0x000000000001c62c       0x1c bsp/libbsp.a(gpio.o)
                0x000000000001c62c                gpio_set
 .text.gpio_clear
                0x000000000001c648       0x1c bsp/libbsp.a(gpio.o)
                0x000000000001c648                gpio_clear
 .text.printf   0x000000000001c664      0x31c bsp/libbsp.a(lib.o)
                0x000000000001c664                printf
 .text.audio_init
                0x000000000001c980       0x38 bsp/libbsp.a(audio.o)
                0x000000000001c980                audio_init
 .text.audio_sweep
                0x000000000001c9b8       0x38 bsp/libbsp.a(audio.o)
                0x000000000001c9b8                audio_sweep
 .text.pwm_init
                0x000000000001c9f0       0x18 bsp/libbsp.a(pwm.o)
                0x000000000001c9f0                pwm_init
 .text.pwm_out  0x000000000001ca08       0x90 bsp/libbsp.a(pwm.o)
                0x000000000001ca08                pwm_out
 .text.adc_init
                0x000000000001ca98       0x34 bsp/libbsp.a(adc.o)
                0x000000000001ca98                adc_init
 .text.sd_ble_gap_disconnect
                0x000000000001cacc        0x4 ble/libble_uart.a(ble_uart.c.o)
 .text.sd_ble_gap_ppcp_set
                0x000000000001cad0        0x4 ble/libble_uart.a(ble_uart.c.o)
 .text.sd_ble_gap_device_name_set
                0x000000000001cad4        0x4 ble/libble_uart.a(ble_uart.c.o)
 .text.sd_ble_gap_sec_params_reply
                0x000000000001cad8        0x4 ble/libble_uart.a(ble_uart.c.o)
 .text.sd_ble_gap_phy_update
                0x000000000001cadc        0x4 ble/libble_uart.a(ble_uart.c.o)
 .text.sd_ble_gatts_sys_attr_set
                0x000000000001cae0        0x4 ble/libble_uart.a(ble_uart.c.o)
 .text.sd_power_system_off
                0x000000000001cae4        0x4 ble/libble_uart.a(ble_uart.c.o)
 .text.nrf_qwr_error_handler
                0x000000000001cae8        0x4 ble/libble_uart.a(ble_uart.c.o)
 .text.ble_evt_handler
                0x000000000001caec      0x100 ble/libble_uart.a(ble_uart.c.o)
 .text.on_conn_params_evt
                0x000000000001cbec       0x24 ble/libble_uart.a(ble_uart.c.o)
 .text.bsp_event_handler
                0x000000000001cc10       0x70 ble/libble_uart.a(ble_uart.c.o)
                0x000000000001cc10                bsp_event_handler
 .text.gatt_evt_handler
                0x000000000001cc80       0x4c ble/libble_uart.a(ble_uart.c.o)
                0x000000000001cc80                gatt_evt_handler
 .text.nus_data_handler
                0x000000000001cccc       0x14 ble/libble_uart.a(ble_uart.c.o)
 .text.conn_params_error_handler
                0x000000000001cce0        0x4 ble/libble_uart.a(ble_uart.c.o)
 .text.on_adv_evt
                0x000000000001cce4       0x40 ble/libble_uart.a(ble_uart.c.o)
 .text.ble_send
                0x000000000001cd24       0xc4 ble/libble_uart.a(ble_uart.c.o)
                0x000000000001cd24                ble_send
 .text.ble_init
                0x000000000001cde8      0x294 ble/libble_uart.a(ble_uart.c.o)
                0x000000000001cde8                ble_init
 .text.ble_evt_handler
                0x000000000001d07c       0xac ble/libble_uart.a(bsp_btn_ble.c.o)
 .text.bsp_btn_ble_sleep_mode_prepare
                0x000000000001d128       0x24 ble/libble_uart.a(bsp_btn_ble.c.o)
                0x000000000001d128                bsp_btn_ble_sleep_mode_prepare
 .text.bsp_btn_ble_init
                0x000000000001d14c       0x6c ble/libble_uart.a(bsp_btn_ble.c.o)
                0x000000000001d14c                bsp_btn_ble_init
 .text.alert_timer_handler
                0x000000000001d1b8        0x8 ble/libble_uart.a(bsp.c.o)
 .text.bsp_button_event_handler
                0x000000000001d1c0       0xa8 ble/libble_uart.a(bsp.c.o)
 .text.button_timer_handler
                0x000000000001d268       0x34 ble/libble_uart.a(bsp.c.o)
 .text.bsp_led_indication
                0x000000000001d29c      0x308 ble/libble_uart.a(bsp.c.o)
 .text.leds_timer_handler
                0x000000000001d5a4       0x1c ble/libble_uart.a(bsp.c.o)
 .text.bsp_button_is_pressed
                0x000000000001d5c0        0xc ble/libble_uart.a(bsp.c.o)
                0x000000000001d5c0                bsp_button_is_pressed
 .text.bsp_indication_set
                0x000000000001d5cc       0x18 ble/libble_uart.a(bsp.c.o)
                0x000000000001d5cc                bsp_indication_set
 .text.bsp_init
                0x000000000001d5e4       0xb4 ble/libble_uart.a(bsp.c.o)
                0x000000000001d5e4                bsp_init
 .text.bsp_event_to_button_action_assign
                0x000000000001d698       0x54 ble/libble_uart.a(bsp.c.o)
                0x000000000001d698                bsp_event_to_button_action_assign
 .text.bsp_wakeup_button_enable
                0x000000000001d6ec       0x40 ble/libble_uart.a(bsp.c.o)
                0x000000000001d6ec                bsp_wakeup_button_enable
 .text.sd_ble_gap_data_length_update
                0x000000000001d72c        0x4 ble/libble_uart.a(nrf_ble_gatt.c.o)
 .text.sd_ble_gattc_exchange_mtu_request
                0x000000000001d730        0x4 ble/libble_uart.a(nrf_ble_gatt.c.o)
 .text.sd_ble_gatts_exchange_mtu_reply
                0x000000000001d734        0x4 ble/libble_uart.a(nrf_ble_gatt.c.o)
 .text.data_length_update
                0x000000000001d738       0x8c ble/libble_uart.a(nrf_ble_gatt.c.o)
 .text.nrf_ble_gatt_init
                0x000000000001d7c4       0x30 ble/libble_uart.a(nrf_ble_gatt.c.o)
                0x000000000001d7c4                nrf_ble_gatt_init
 .text.nrf_ble_gatt_att_mtu_periph_set
                0x000000000001d7f4       0x18 ble/libble_uart.a(nrf_ble_gatt.c.o)
                0x000000000001d7f4                nrf_ble_gatt_att_mtu_periph_set
 .text.nrf_ble_gatt_on_ble_evt
                0x000000000001d80c      0x1cc ble/libble_uart.a(nrf_ble_gatt.c.o)
                0x000000000001d80c                nrf_ble_gatt_on_ble_evt
 .text.sd_ble_gatts_rw_authorize_reply
                0x000000000001d9d8        0x4 ble/libble_uart.a(nrf_ble_qwr.c.o)
 .text.sd_ble_user_mem_reply
                0x000000000001d9dc        0x4 ble/libble_uart.a(nrf_ble_qwr.c.o)
 .text.nrf_ble_qwr_init
                0x000000000001d9e0       0x24 ble/libble_uart.a(nrf_ble_qwr.c.o)
                0x000000000001d9e0                nrf_ble_qwr_init
 .text.nrf_ble_qwr_conn_handle_assign
                0x000000000001da04       0x18 ble/libble_uart.a(nrf_ble_qwr.c.o)
                0x000000000001da04                nrf_ble_qwr_conn_handle_assign
 .text.nrf_ble_qwr_on_ble_evt
                0x000000000001da1c       0xec ble/libble_uart.a(nrf_ble_qwr.c.o)
                0x000000000001da1c                nrf_ble_qwr_on_ble_evt
 .text.nrf_log_default_backends_init
                0x000000000001db08       0x20 ble/libble_uart.a(nrf_log_default_backends.c.o)
                0x000000000001db08                nrf_log_default_backends_init
 .text.nrf_log_init
                0x000000000001db28       0x28 ble/libble_uart.a(nrf_log_frontend.c.o)
                0x000000000001db28                nrf_log_init
 .text.nrf_log_module_name_get
                0x000000000001db50       0x48 ble/libble_uart.a(nrf_log_frontend.c.o)
                0x000000000001db50                nrf_log_module_name_get
 .text.nrf_log_color_id_get
                0x000000000001db98       0x2c ble/libble_uart.a(nrf_log_frontend.c.o)
                0x000000000001db98                nrf_log_color_id_get
 .text.log_pending_hook
                0x000000000001dbc4        0x4 ble/libble_uart.a(nrf_log_frontend.c.o)
                0x000000000001dbc4                log_pending_hook
 .text.nrf_log_frontend_dequeue
                0x000000000001dbc8      0x24c ble/libble_uart.a(nrf_log_frontend.c.o)
                0x000000000001dbc8                nrf_log_frontend_dequeue
 .text.nrf_log_frontend_std_2
                0x000000000001de14      0x1c8 ble/libble_uart.a(nrf_log_frontend.c.o)
                0x000000000001de14                nrf_log_frontend_std_2
 .text.nrf_log_frontend_std_1
                0x000000000001dfdc      0x1bc ble/libble_uart.a(nrf_log_frontend.c.o)
                0x000000000001dfdc                nrf_log_frontend_std_1
 .text.nrf_log_frontend_std_0
                0x000000000001e198      0x1ac ble/libble_uart.a(nrf_log_frontend.c.o)
                0x000000000001e198                nrf_log_frontend_std_0
 .text.nrf_log_backend_add
                0x000000000001e344       0x5c ble/libble_uart.a(nrf_log_frontend.c.o)
                0x000000000001e344                nrf_log_backend_add
 .text.nrf_log_panic
                0x000000000001e3a0       0x28 ble/libble_uart.a(nrf_log_frontend.c.o)
                0x000000000001e3a0                nrf_log_panic
 .text.nrf_memobj_pool_init
                0x000000000001e3c8        0x4 ble/libble_uart.a(nrf_memobj.c.o)
                0x000000000001e3c8                nrf_memobj_pool_init
 .text.nrf_memobj_alloc
                0x000000000001e3cc       0x98 ble/libble_uart.a(nrf_memobj.c.o)
                0x000000000001e3cc                nrf_memobj_alloc
 .text.nrf_memobj_get
                0x000000000001e464        0x8 ble/libble_uart.a(nrf_memobj.c.o)
                0x000000000001e464                nrf_memobj_get
 .text.nrf_memobj_put
                0x000000000001e46c       0x58 ble/libble_uart.a(nrf_memobj.c.o)
                0x000000000001e46c                nrf_memobj_put
 .text.nrf_memobj_write
                0x000000000001e4c4       0x68 ble/libble_uart.a(nrf_memobj.c.o)
                0x000000000001e4c4                nrf_memobj_write
 .text.nrf_memobj_read
                0x000000000001e52c       0x68 ble/libble_uart.a(nrf_memobj.c.o)
                0x000000000001e52c                nrf_memobj_read
 .text.nrf_pwr_mgmt_init
                0x000000000001e594       0x2c ble/libble_uart.a(nrf_pwr_mgmt.c.o)
                0x000000000001e594                nrf_pwr_mgmt_init
 .text.nrf_ringbuf_init
                0x000000000001e5c0       0x1c ble/libble_uart.a(nrf_ringbuf.c.o)
                0x000000000001e5c0                nrf_ringbuf_init
 .text.sd_ble_enable
                0x000000000001e5dc        0x4 ble/libble_uart.a(nrf_sdh_ble.c.o)
 .text.sd_ble_cfg_set
                0x000000000001e5e0        0x4 ble/libble_uart.a(nrf_sdh_ble.c.o)
 .text.sd_ble_evt_get
                0x000000000001e5e4        0x4 ble/libble_uart.a(nrf_sdh_ble.c.o)
 .text.nrf_sdh_ble_evts_poll.part.0
                0x000000000001e5e8       0x5c ble/libble_uart.a(nrf_sdh_ble.c.o)
 .text.nrf_sdh_ble_evts_poll
                0x000000000001e644       0x10 ble/libble_uart.a(nrf_sdh_ble.c.o)
 .text.nrf_sdh_ble_default_cfg_set
                0x000000000001e654      0x1b0 ble/libble_uart.a(nrf_sdh_ble.c.o)
                0x000000000001e654                nrf_sdh_ble_default_cfg_set
 .text.nrf_sdh_ble_enable
                0x000000000001e804       0x9c ble/libble_uart.a(nrf_sdh_ble.c.o)
                0x000000000001e804                nrf_sdh_ble_enable
 .text.sd_softdevice_enable
                0x000000000001e8a0        0x4 ble/libble_uart.a(nrf_sdh.c.o)
 .text.nrf_sdh_enable_request.part.0
                0x000000000001e8a4      0x10c ble/libble_uart.a(nrf_sdh.c.o)
 .text.nrf_sdh_enable_request
                0x000000000001e9b0       0x14 ble/libble_uart.a(nrf_sdh.c.o)
                0x000000000001e9b0                nrf_sdh_enable_request
 .text.SWI2_EGU2_IRQHandler
                0x000000000001e9c4       0x2c ble/libble_uart.a(nrf_sdh.c.o)
                0x000000000001e9c4                SWI2_EGU2_IRQHandler
 .text.nrf_section_iter_init
                0x000000000001e9f0       0x14 ble/libble_uart.a(nrf_section_iter.c.o)
                0x000000000001e9f0                nrf_section_iter_init
 .text.nrf_section_iter_next
                0x000000000001ea04       0x18 ble/libble_uart.a(nrf_section_iter.c.o)
                0x000000000001ea04                nrf_section_iter_next
 .text.nrf_strerror_get
                0x000000000001ea1c       0x44 ble/libble_uart.a(nrf_strerror.c.o)
                0x000000000001ea1c                nrf_strerror_get
 .text.gpiote_event_handler
                0x000000000001ea60       0x74 ble/libble_uart.a(app_button.c.o)
 .text.detection_delay_timeout_handler
                0x000000000001ead4      0x274 ble/libble_uart.a(app_button.c.o)
 .text.app_button_init
                0x000000000001ed48       0xb8 ble/libble_uart.a(app_button.c.o)
                0x000000000001ed48                app_button_init
 .text.app_button_enable
                0x000000000001ee00       0x2c ble/libble_uart.a(app_button.c.o)
                0x000000000001ee00                app_button_enable
 .text.app_error_handler_bare
                0x000000000001ee2c       0x20 ble/libble_uart.a(app_error.c.o)
                0x000000000001ee2c                app_error_handler_bare
 .text.app_error_fault_handler
                0x000000000001ee4c       0x6c ble/libble_uart.a(app_error_weak.c.o)
                0x000000000001ee4c                app_error_fault_handler
 .text.compare_func
                0x000000000001eeb8       0x18 ble/libble_uart.a(app_timer2.c.o)
 .text.timer_expire
                0x000000000001eed0       0xe8 ble/libble_uart.a(app_timer2.c.o)
 .text.rtc_irq  0x000000000001efb8      0x220 ble/libble_uart.a(app_timer2.c.o)
 .text.app_timer_init
                0x000000000001f1d8       0x6c ble/libble_uart.a(app_timer2.c.o)
                0x000000000001f1d8                app_timer_init
 *fill*         0x000000000001f244        0x4 
 .text.app_timer_create
                0x000000000001f248       0x30 ble/libble_uart.a(app_timer2.c.o)
                0x000000000001f248                app_timer_create
 .text.app_timer_start
                0x000000000001f278       0xb8 ble/libble_uart.a(app_timer2.c.o)
                0x000000000001f278                app_timer_start
 .text.app_timer_stop
                0x000000000001f330       0x7c ble/libble_uart.a(app_timer2.c.o)
                0x000000000001f330                app_timer_stop
 .text.app_util_critical_region_enter
                0x000000000001f3ac       0x4c ble/libble_uart.a(app_util_platform.c.o)
                0x000000000001f3ac                app_util_critical_region_enter
 .text.app_util_critical_region_exit
                0x000000000001f3f8       0x30 ble/libble_uart.a(app_util_platform.c.o)
                0x000000000001f3f8                app_util_critical_region_exit
 .text.sd_ble_gap_adv_set_configure
                0x000000000001f428        0x4 ble/libble_uart.a(ble_advertising.c.o)
 .text.sd_ble_gap_adv_start
                0x000000000001f42c        0x4 ble/libble_uart.a(ble_advertising.c.o)
 .text.sd_ble_gap_adv_stop
                0x000000000001f430        0x4 ble/libble_uart.a(ble_advertising.c.o)
 .text.ble_advertising_start.part.0
                0x000000000001f434      0x2d4 ble/libble_uart.a(ble_advertising.c.o)
 .text.ble_advertising_conn_cfg_tag_set
                0x000000000001f708        0x8 ble/libble_uart.a(ble_advertising.c.o)
                0x000000000001f708                ble_advertising_conn_cfg_tag_set
 .text.ble_advertising_init
                0x000000000001f710       0xf4 ble/libble_uart.a(ble_advertising.c.o)
                0x000000000001f710                ble_advertising_init
 .text.ble_advertising_start
                0x000000000001f804        0xc ble/libble_uart.a(ble_advertising.c.o)
                0x000000000001f804                ble_advertising_start
 .text.ble_advertising_on_ble_evt
                0x000000000001f810       0x8c ble/libble_uart.a(ble_advertising.c.o)
                0x000000000001f810                ble_advertising_on_ble_evt
 .text.ble_advertising_restart_without_whitelist
                0x000000000001f89c       0x60 ble/libble_uart.a(ble_advertising.c.o)
                0x000000000001f89c                ble_advertising_restart_without_whitelist
 .text.sd_ble_gap_conn_param_update
                0x000000000001f8fc        0x4 ble/libble_uart.a(ble_conn_params.c.o)
 .text.sd_ble_gap_disconnect
                0x000000000001f900        0x4 ble/libble_uart.a(ble_conn_params.c.o)
 .text.sd_ble_gap_ppcp_set
                0x000000000001f904        0x4 ble/libble_uart.a(ble_conn_params.c.o)
 .text.sd_ble_gap_ppcp_get
                0x000000000001f908        0x4 ble/libble_uart.a(ble_conn_params.c.o)
 .text.update_timeout_handler
                0x000000000001f90c       0x80 ble/libble_uart.a(ble_conn_params.c.o)
 .text.ble_evt_handler
                0x000000000001f98c      0x1d0 ble/libble_uart.a(ble_conn_params.c.o)
 .text.ble_conn_params_init
                0x000000000001fb5c       0x78 ble/libble_uart.a(ble_conn_params.c.o)
                0x000000000001fb5c                ble_conn_params_init
 .text.sd_ble_gatts_service_add
                0x000000000001fbd4        0x4 ble/libble_uart.a(ble_nus.c.o)
 .text.sd_ble_gatts_value_get
                0x000000000001fbd8        0x4 ble/libble_uart.a(ble_nus.c.o)
 .text.sd_ble_gatts_hvx
                0x000000000001fbdc        0x4 ble/libble_uart.a(ble_nus.c.o)
 .text.sd_ble_uuid_vs_add
                0x000000000001fbe0        0x4 ble/libble_uart.a(ble_nus.c.o)
 .text.ble_nus_on_ble_evt
                0x000000000001fbe4      0x134 ble/libble_uart.a(ble_nus.c.o)
                0x000000000001fbe4                ble_nus_on_ble_evt
 .text.ble_nus_init
                0x000000000001fd18       0xe4 ble/libble_uart.a(ble_nus.c.o)
                0x000000000001fd18                ble_nus_init
 .text.ble_nus_data_send
                0x000000000001fdfc       0x6c ble/libble_uart.a(ble_nus.c.o)
                0x000000000001fdfc                ble_nus_data_send
 .text.sd_ble_gatts_characteristic_add
                0x000000000001fe68        0x4 ble/libble_uart.a(ble_srv_common.c.o)
 .text.ble_srv_is_notification_enabled
                0x000000000001fe6c        0x8 ble/libble_uart.a(ble_srv_common.c.o)
                0x000000000001fe6c                ble_srv_is_notification_enabled
 .text.characteristic_add
                0x000000000001fe74      0x270 ble/libble_uart.a(ble_srv_common.c.o)
                0x000000000001fe74                characteristic_add
 .text.bsp_board_led_state_get
                0x00000000000200e4       0x28 ble/libble_uart.a(boards.c.o)
                0x00000000000200e4                bsp_board_led_state_get
 .text.bsp_board_led_on
                0x000000000002010c       0x24 ble/libble_uart.a(boards.c.o)
                0x000000000002010c                bsp_board_led_on
 .text.bsp_board_led_off
                0x0000000000020130       0x24 ble/libble_uart.a(boards.c.o)
                0x0000000000020130                bsp_board_led_off
 .text.bsp_board_leds_off
                0x0000000000020154       0x60 ble/libble_uart.a(boards.c.o)
                0x0000000000020154                bsp_board_leds_off
 .text.bsp_board_leds_on
                0x00000000000201b4       0x60 ble/libble_uart.a(boards.c.o)
                0x00000000000201b4                bsp_board_leds_on
 .text.bsp_board_led_invert
                0x0000000000020214       0x34 ble/libble_uart.a(boards.c.o)
                0x0000000000020214                bsp_board_led_invert
 .text.bsp_board_button_state_get
                0x0000000000020248       0x28 ble/libble_uart.a(boards.c.o)
                0x0000000000020248                bsp_board_button_state_get
 .text.bsp_board_pin_to_button_idx
                0x0000000000020270       0x14 ble/libble_uart.a(boards.c.o)
                0x0000000000020270                bsp_board_pin_to_button_idx
 .text.bsp_board_button_idx_to_pin
                0x0000000000020284        0xc ble/libble_uart.a(boards.c.o)
                0x0000000000020284                bsp_board_button_idx_to_pin
 .text.bsp_board_init
                0x0000000000020290       0xb4 ble/libble_uart.a(boards.c.o)
                0x0000000000020290                bsp_board_init
 .text.drv_rtc_init
                0x0000000000020344       0xc8 ble/libble_uart.a(drv_rtc.c.o)
                0x0000000000020344                drv_rtc_init
 .text.drv_rtc_start
                0x000000000002040c        0x8 ble/libble_uart.a(drv_rtc.c.o)
                0x000000000002040c                drv_rtc_start
 .text.drv_rtc_stop
                0x0000000000020414        0x8 ble/libble_uart.a(drv_rtc.c.o)
                0x0000000000020414                drv_rtc_stop
 .text.drv_rtc_compare_set
                0x000000000002041c       0x54 ble/libble_uart.a(drv_rtc.c.o)
                0x000000000002041c                drv_rtc_compare_set
 .text.drv_rtc_windowed_compare_set
                0x0000000000020470      0x100 ble/libble_uart.a(drv_rtc.c.o)
                0x0000000000020470                drv_rtc_windowed_compare_set
 .text.drv_rtc_overflow_enable
                0x0000000000020570       0x14 ble/libble_uart.a(drv_rtc.c.o)
                0x0000000000020570                drv_rtc_overflow_enable
 .text.drv_rtc_overflow_pending
                0x0000000000020584       0x20 ble/libble_uart.a(drv_rtc.c.o)
                0x0000000000020584                drv_rtc_overflow_pending
 .text.drv_rtc_compare_disable
                0x00000000000205a4       0x18 ble/libble_uart.a(drv_rtc.c.o)
                0x00000000000205a4                drv_rtc_compare_disable
 .text.drv_rtc_compare_pending
                0x00000000000205bc       0x20 ble/libble_uart.a(drv_rtc.c.o)
                0x00000000000205bc                drv_rtc_compare_pending
 .text.drv_rtc_counter_get
                0x00000000000205dc        0x8 ble/libble_uart.a(drv_rtc.c.o)
                0x00000000000205dc                drv_rtc_counter_get
 .text.drv_rtc_irq_trigger
                0x00000000000205e4       0x24 ble/libble_uart.a(drv_rtc.c.o)
                0x00000000000205e4                drv_rtc_irq_trigger
 .text.RTC1_IRQHandler
                0x0000000000020608       0x14 ble/libble_uart.a(drv_rtc.c.o)
                0x0000000000020608                RTC1_IRQHandler
 .text.nrf_atfifo_init
                0x000000000002061c       0x30 ble/libble_uart.a(nrf_atfifo.c.o)
                0x000000000002061c                nrf_atfifo_init
 .text.nrf_atfifo_item_alloc
                0x000000000002064c       0x64 ble/libble_uart.a(nrf_atfifo.c.o)
                0x000000000002064c                nrf_atfifo_item_alloc
 .text.nrf_atfifo_item_put
                0x00000000000206b0       0x20 ble/libble_uart.a(nrf_atfifo.c.o)
                0x00000000000206b0                nrf_atfifo_item_put
 .text.nrf_atfifo_item_get
                0x00000000000206d0       0x64 ble/libble_uart.a(nrf_atfifo.c.o)
                0x00000000000206d0                nrf_atfifo_item_get
 .text.nrf_atfifo_item_free
                0x0000000000020734       0x20 ble/libble_uart.a(nrf_atfifo.c.o)
                0x0000000000020734                nrf_atfifo_item_free
 .text.nrf_atomic_u32_fetch_store
                0x0000000000020754       0x14 ble/libble_uart.a(nrf_atomic.c.o)
                0x0000000000020754                nrf_atomic_u32_fetch_store
 .text.nrf_atomic_u32_or
                0x0000000000020768       0x18 ble/libble_uart.a(nrf_atomic.c.o)
                0x0000000000020768                nrf_atomic_u32_or
 .text.nrf_atomic_u32_and
                0x0000000000020780       0x18 ble/libble_uart.a(nrf_atomic.c.o)
                0x0000000000020780                nrf_atomic_u32_and
 .text.nrf_atomic_u32_add
                0x0000000000020798       0x18 ble/libble_uart.a(nrf_atomic.c.o)
                0x0000000000020798                nrf_atomic_u32_add
 .text.nrf_atomic_u32_sub
                0x00000000000207b0       0x18 ble/libble_uart.a(nrf_atomic.c.o)
                0x00000000000207b0                nrf_atomic_u32_sub
 .text.nrf_atomic_flag_set
                0x00000000000207c8       0x18 ble/libble_uart.a(nrf_atomic.c.o)
                0x00000000000207c8                nrf_atomic_flag_set
 .text.nrf_atomic_flag_clear_fetch
                0x00000000000207e0       0x18 ble/libble_uart.a(nrf_atomic.c.o)
                0x00000000000207e0                nrf_atomic_flag_clear_fetch
 .text.nrf_balloc_init
                0x00000000000207f8       0x3c ble/libble_uart.a(nrf_balloc.c.o)
                0x00000000000207f8                nrf_balloc_init
 .text.nrf_balloc_alloc
                0x0000000000020834       0x50 ble/libble_uart.a(nrf_balloc.c.o)
                0x0000000000020834                nrf_balloc_alloc
 .text.nrf_balloc_free
                0x0000000000020884       0x38 ble/libble_uart.a(nrf_balloc.c.o)
                0x0000000000020884                nrf_balloc_free
 .text.nrf_log_backend_rtt_flush
                0x00000000000208bc        0x4 ble/libble_uart.a(nrf_log_backend_rtt.c.o)
 .text.nrf_log_backend_rtt_put
                0x00000000000208c0       0x20 ble/libble_uart.a(nrf_log_backend_rtt.c.o)
 .text.serial_tx
                0x00000000000208e0       0x5c ble/libble_uart.a(nrf_log_backend_rtt.c.o)
 .text.nrf_log_backend_rtt_panic_set
                0x000000000002093c        0x4 ble/libble_uart.a(nrf_log_backend_rtt.c.o)
 .text.nrf_log_backend_rtt_init
                0x0000000000020940        0x4 ble/libble_uart.a(nrf_log_backend_rtt.c.o)
                0x0000000000020940                nrf_log_backend_rtt_init
 .text.nrf_log_backend_serial_put
                0x0000000000020944       0xd8 ble/libble_uart.a(nrf_log_backend_serial.c.o)
                0x0000000000020944                nrf_log_backend_serial_put
 .text.prefix_process.constprop.0
                0x0000000000020a1c       0x80 ble/libble_uart.a(nrf_log_str_formatter.c.o)
 .text.nrf_log_std_entry_process
                0x0000000000020a9c       0xec ble/libble_uart.a(nrf_log_str_formatter.c.o)
                0x0000000000020a9c                nrf_log_std_entry_process
 .text.nrf_log_hexdump_entry_process
                0x0000000000020b88      0x104 ble/libble_uart.a(nrf_log_str_formatter.c.o)
                0x0000000000020b88                nrf_log_hexdump_entry_process
 .text.nrf_sortlist_add
                0x0000000000020c8c       0x28 ble/libble_uart.a(nrf_sortlist.c.o)
                0x0000000000020c8c                nrf_sortlist_add
 .text.nrf_sortlist_pop
                0x0000000000020cb4        0xc ble/libble_uart.a(nrf_sortlist.c.o)
                0x0000000000020cb4                nrf_sortlist_pop
 .text.nrf_sortlist_peek
                0x0000000000020cc0        0x8 ble/libble_uart.a(nrf_sortlist.c.o)
                0x0000000000020cc0                nrf_sortlist_peek
 .text.nrf_sortlist_remove
                0x0000000000020cc8       0x1c ble/libble_uart.a(nrf_sortlist.c.o)
                0x0000000000020cc8                nrf_sortlist_remove
 .text.nrfx_gpiote_init
                0x0000000000020ce4       0xb4 ble/libble_uart.a(nrfx_gpiote.c.o)
                0x0000000000020ce4                nrfx_gpiote_init
 .text.nrfx_gpiote_is_init
                0x0000000000020d98       0x14 ble/libble_uart.a(nrfx_gpiote.c.o)
                0x0000000000020d98                nrfx_gpiote_is_init
 .text.nrfx_gpiote_in_init
                0x0000000000020dac      0x200 ble/libble_uart.a(nrfx_gpiote.c.o)
                0x0000000000020dac                nrfx_gpiote_in_init
 .text.nrfx_gpiote_in_event_enable
                0x0000000000020fac       0xf0 ble/libble_uart.a(nrfx_gpiote.c.o)
                0x0000000000020fac                nrfx_gpiote_in_event_enable
 .text.nrfx_gpiote_in_is_set
                0x000000000002109c       0x20 ble/libble_uart.a(nrfx_gpiote.c.o)
                0x000000000002109c                nrfx_gpiote_in_is_set
 .text.GPIOTE_IRQHandler
                0x00000000000210bc      0x504 ble/libble_uart.a(nrfx_gpiote.c.o)
                0x00000000000210bc                GPIOTE_IRQHandler
 .text.SEGGER_RTT_WriteNoLock
                0x00000000000215c0      0x1a8 ble/libble_uart.a(SEGGER_RTT.c.o)
                0x00000000000215c0                SEGGER_RTT_WriteNoLock
 .text.SEGGER_RTT_Init
                0x0000000000021768       0x68 ble/libble_uart.a(SEGGER_RTT.c.o)
                0x0000000000021768                SEGGER_RTT_Init
 .text.sd_ble_gap_addr_get
                0x00000000000217d0        0x4 ble/libble_uart.a(ble_advdata.c.o)
 .text.sd_ble_gap_appearance_get
                0x00000000000217d4        0x4 ble/libble_uart.a(ble_advdata.c.o)
 .text.sd_ble_gap_device_name_get
                0x00000000000217d8        0x4 ble/libble_uart.a(ble_advdata.c.o)
 .text.sd_ble_uuid_encode
                0x00000000000217dc        0x4 ble/libble_uart.a(ble_advdata.c.o)
 .text.uuid_list_sized_encode
                0x00000000000217e0       0xb8 ble/libble_uart.a(ble_advdata.c.o)
 .text.ble_advdata_encode
                0x0000000000021898      0x424 ble/libble_uart.a(ble_advdata.c.o)
                0x0000000000021898                ble_advdata_encode
 .text.ble_advdata_parse
                0x0000000000021cbc       0x4c ble/libble_uart.a(ble_advdata.c.o)
                0x0000000000021cbc                ble_advdata_parse
 .text.blcm_link_ctx_get
                0x0000000000021d08       0x50 ble/libble_uart.a(ble_link_ctx_manager.c.o)
                0x0000000000021d08                blcm_link_ctx_get
 .text.nrf_fprintf_buffer_flush
                0x0000000000021d58       0x18 ble/libble_uart.a(nrf_fprintf.c.o)
                0x0000000000021d58                nrf_fprintf_buffer_flush
 .text.nrf_fprintf
                0x0000000000021d70       0x20 ble/libble_uart.a(nrf_fprintf.c.o)
                0x0000000000021d70                nrf_fprintf
 .text.unsigned_print
                0x0000000000021d90      0x158 ble/libble_uart.a(nrf_fprintf_format.c.o)
 .text.nrf_fprintf_fmt
                0x0000000000021ee8      0x610 ble/libble_uart.a(nrf_fprintf_format.c.o)
                0x0000000000021ee8                nrf_fprintf_fmt
 .text.ble_evt_handler
                0x00000000000224f8      0x13c ble/libble_uart.a(ble_conn_state.c.o)
 .text.ble_conn_state_conn_idx
                0x0000000000022634       0x24 ble/libble_uart.a(ble_conn_state.c.o)
                0x0000000000022634                ble_conn_state_conn_idx
 .text.nrf_atflags_set
                0x0000000000022658       0x18 ble/libble_uart.a(nrf_atflags.c.o)
                0x0000000000022658                nrf_atflags_set
 .text.nrf_atflags_clear
                0x0000000000022670       0x18 ble/libble_uart.a(nrf_atflags.c.o)
                0x0000000000022670                nrf_atflags_clear
 .text.nrf_atflags_get
                0x0000000000022688       0x14 ble/libble_uart.a(nrf_atflags.c.o)
                0x0000000000022688                nrf_atflags_get
 .text.svcRtxKernelInitialize
                0x000000000002269c      0x15c rtx/librtx.a(rtx_kernel.o)
 .text.svcRtxKernelStart
                0x00000000000227f8       0xb8 rtx/librtx.a(rtx_kernel.o)
 .text.osRtxKernelBeforeInit
                0x00000000000228b0        0x4 rtx/librtx.a(rtx_kernel.o)
                0x00000000000228b0                osRtxKernelBeforeInit
 .text.osRtxKernelErrorNotify
                0x00000000000228b4       0x18 rtx/librtx.a(rtx_kernel.o)
                0x00000000000228b4                osRtxKernelErrorNotify
 .text.osKernelInitialize
                0x00000000000228cc       0x38 rtx/librtx.a(rtx_kernel.o)
                0x00000000000228cc                osKernelInitialize
 .text.osKernelStart
                0x0000000000022904       0x34 rtx/librtx.a(rtx_kernel.o)
                0x0000000000022904                osKernelStart
 .text.osRtxMemoryInit
                0x0000000000022938       0x44 rtx/librtx.a(rtx_memory.o)
                0x0000000000022938                osRtxMemoryInit
 .text.osRtxMemoryAlloc
                0x000000000002297c       0x90 rtx/librtx.a(rtx_memory.o)
                0x000000000002297c                osRtxMemoryAlloc
 .text.osRtxMemoryFree
                0x0000000000022a0c       0x4c rtx/librtx.a(rtx_memory.o)
                0x0000000000022a0c                osRtxMemoryFree
 .text.osRtxMemoryPoolInit
                0x0000000000022a58       0x64 rtx/librtx.a(rtx_mempool.o)
                0x0000000000022a58                osRtxMemoryPoolInit
 .text.osRtxMemoryPoolAlloc
                0x0000000000022abc       0x48 rtx/librtx.a(rtx_mempool.o)
                0x0000000000022abc                osRtxMemoryPoolAlloc
 .text.osRtxMemoryPoolFree
                0x0000000000022b04       0x60 rtx/librtx.a(rtx_mempool.o)
                0x0000000000022b04                osRtxMemoryPoolFree
 .text.osRtxTick_Handler
                0x0000000000022b64       0x80 rtx/librtx.a(rtx_system.o)
                0x0000000000022b64                osRtxTick_Handler
 .text.osRtxPendSV_Handler
                0x0000000000022be4       0xa8 rtx/librtx.a(rtx_system.o)
                0x0000000000022be4                osRtxPendSV_Handler
 .text.osRtxPostProcess
                0x0000000000022c8c       0x74 rtx/librtx.a(rtx_system.o)
                0x0000000000022c8c                osRtxPostProcess
 .text.osRtxThreadWaitEnter.part.0
                0x0000000000022d00       0xa4 rtx/librtx.a(rtx_thread.o)
 .text.svcRtxThreadFlagsWait
                0x0000000000022da4      0x108 rtx/librtx.a(rtx_thread.o)
 .text.osRtxThreadListPut
                0x0000000000022eac       0x34 rtx/librtx.a(rtx_thread.o)
                0x0000000000022eac                osRtxThreadListPut
 .text.osRtxThreadListGet
                0x0000000000022ee0       0x14 rtx/librtx.a(rtx_thread.o)
                0x0000000000022ee0                osRtxThreadListGet
 .text.osRtxThreadListSort
                0x0000000000022ef4       0x5c rtx/librtx.a(rtx_thread.o)
                0x0000000000022ef4                osRtxThreadListSort
 .text.osRtxThreadListRemove
                0x0000000000022f50       0x14 rtx/librtx.a(rtx_thread.o)
                0x0000000000022f50                osRtxThreadListRemove
 .text.osRtxThreadReadyPut
                0x0000000000022f64       0x44 rtx/librtx.a(rtx_thread.o)
                0x0000000000022f64                osRtxThreadReadyPut
 .text.osRtxThreadDelayTick
                0x0000000000022fa8      0x15c rtx/librtx.a(rtx_thread.o)
                0x0000000000022fa8                osRtxThreadDelayTick
 .text.osRtxThreadRegPtr
                0x0000000000023104       0x14 rtx/librtx.a(rtx_thread.o)
                0x0000000000023104                osRtxThreadRegPtr
 .text.osRtxThreadSwitch
                0x0000000000023118       0x10 rtx/librtx.a(rtx_thread.o)
                0x0000000000023118                osRtxThreadSwitch
 .text.osRtxThreadDispatch
                0x0000000000023128      0x108 rtx/librtx.a(rtx_thread.o)
                0x0000000000023128                osRtxThreadDispatch
 .text.svcRtxThreadNew
                0x0000000000023230      0x2f0 rtx/librtx.a(rtx_thread.o)
 .text.svcRtxThreadSetPriority
                0x0000000000023520       0xb4 rtx/librtx.a(rtx_thread.o)
 .text.osRtxThreadWaitExit
                0x00000000000235d4       0xb8 rtx/librtx.a(rtx_thread.o)
                0x00000000000235d4                osRtxThreadWaitExit
 .text.osRtxThreadPostProcess
                0x000000000002368c       0x94 rtx/librtx.a(rtx_thread.o)
 .text.svcRtxThreadFlagsSet
                0x0000000000023720       0xf4 rtx/librtx.a(rtx_thread.o)
 .text.osRtxThreadWaitEnter
                0x0000000000023814       0x18 rtx/librtx.a(rtx_thread.o)
                0x0000000000023814                osRtxThreadWaitEnter
 .text.osRtxThreadBeforeFree
                0x000000000002382c        0x4 rtx/librtx.a(rtx_thread.o)
                0x000000000002382c                osRtxThreadBeforeFree
 .text.osRtxThreadFree
                0x0000000000023830       0x5c rtx/librtx.a(rtx_thread.o)
 .text.svcRtxThreadExit
                0x000000000002388c      0x124 rtx/librtx.a(rtx_thread.o)
 .text.osRtxThreadStartup
                0x00000000000239b0       0x44 rtx/librtx.a(rtx_thread.o)
                0x00000000000239b0                osRtxThreadStartup
 .text.osThreadNew
                0x00000000000239f4       0x40 rtx/librtx.a(rtx_thread.o)
                0x00000000000239f4                osThreadNew
 .text.osThreadSetPriority
                0x0000000000023a34       0x3c rtx/librtx.a(rtx_thread.o)
                0x0000000000023a34                osThreadSetPriority
 .text.osThreadExit
                0x0000000000023a70       0x1c rtx/librtx.a(rtx_thread.o)
                0x0000000000023a70                osThreadExit
 .text.osThreadEntry
                0x0000000000023a8c        0x8 rtx/librtx.a(rtx_thread.o)
 .text.osThreadFlagsSet
                0x0000000000023a94       0x90 rtx/librtx.a(rtx_thread.o)
                0x0000000000023a94                osThreadFlagsSet
 .text.osThreadFlagsWait
                0x0000000000023b24       0x44 rtx/librtx.a(rtx_thread.o)
                0x0000000000023b24                osThreadFlagsWait
 .text.osRtxTimerTick
                0x0000000000023b68       0xc0 rtx/librtx.a(rtx_timer.o)
 .text.osRtxTimerSetup
                0x0000000000023c28       0x20 rtx/librtx.a(rtx_timer.o)
                0x0000000000023c28                osRtxTimerSetup
 .text.osRtxTimerThread
                0x0000000000023c48       0x28 rtx/librtx.a(rtx_timer.o)
                0x0000000000023c48                osRtxTimerThread
 .text          0x0000000000023c70       0xc8 rtx/librtx.a(irq_armv7m.o)
                0x0000000000023c70                SVC_Handler
                0x0000000000023d0a                PendSV_Handler
                0x0000000000023d1a                SysTick_Handler
 .text.OS_Tick_Setup
                0x0000000000023d38       0x4c rtx/librtx.a(os_systick.o)
                0x0000000000023d38                OS_Tick_Setup
 .text.OS_Tick_Enable
                0x0000000000023d84       0x28 rtx/librtx.a(os_systick.o)
                0x0000000000023d84                OS_Tick_Enable
 .text.OS_Tick_AcknowledgeIRQ
                0x0000000000023dac        0x8 rtx/librtx.a(os_systick.o)
                0x0000000000023dac                OS_Tick_AcknowledgeIRQ
 .text.OS_Tick_GetIRQn
                0x0000000000023db4        0x8 rtx/librtx.a(os_systick.o)
                0x0000000000023db4                OS_Tick_GetIRQn
 .text.osRtxIdleThread
                0x0000000000023dbc        0x4 rtx/librtx.a(RTX_Config.o)
                0x0000000000023dbc                osRtxIdleThread
 .text.osRtxErrorNotify
                0x0000000000023dc0        0x4 rtx/librtx.a(RTX_Config.o)
                0x0000000000023dc0                osRtxErrorNotify
 .text.EvrRtxMemoryInit
                0x0000000000023dc4        0x4 rtx/librtx.a(rtx_evr.o)
                0x0000000000023dc4                EvrRtxMemoryInit
 .text.EvrRtxMemoryAlloc
                0x0000000000023dc8        0x4 rtx/librtx.a(rtx_evr.o)
                0x0000000000023dc8                EvrRtxMemoryAlloc
 .text.EvrRtxMemoryFree
                0x0000000000023dcc        0x4 rtx/librtx.a(rtx_evr.o)
                0x0000000000023dcc                EvrRtxMemoryFree
 .text.EvrRtxMemoryBlockInit
                0x0000000000023dd0        0x4 rtx/librtx.a(rtx_evr.o)
                0x0000000000023dd0                EvrRtxMemoryBlockInit
 .text.EvrRtxMemoryBlockAlloc
                0x0000000000023dd4        0x4 rtx/librtx.a(rtx_evr.o)
                0x0000000000023dd4                EvrRtxMemoryBlockAlloc
 .text.EvrRtxMemoryBlockFree
                0x0000000000023dd8        0x4 rtx/librtx.a(rtx_evr.o)
                0x0000000000023dd8                EvrRtxMemoryBlockFree
 .text.EvrRtxKernelError
                0x0000000000023ddc        0x4 rtx/librtx.a(rtx_evr.o)
                0x0000000000023ddc                EvrRtxKernelError
 .text.EvrRtxKernelInitialize
                0x0000000000023de0        0x4 rtx/librtx.a(rtx_evr.o)
                0x0000000000023de0                EvrRtxKernelInitialize
 .text.EvrRtxKernelInitialized
                0x0000000000023de4        0x4 rtx/librtx.a(rtx_evr.o)
                0x0000000000023de4                EvrRtxKernelInitialized
 .text.EvrRtxKernelStart
                0x0000000000023de8        0x4 rtx/librtx.a(rtx_evr.o)
                0x0000000000023de8                EvrRtxKernelStart
 .text.EvrRtxKernelStarted
                0x0000000000023dec        0x4 rtx/librtx.a(rtx_evr.o)
                0x0000000000023dec                EvrRtxKernelStarted
 .text.EvrRtxKernelErrorNotify
                0x0000000000023df0        0x4 rtx/librtx.a(rtx_evr.o)
                0x0000000000023df0                EvrRtxKernelErrorNotify
 .text.EvrRtxThreadError
                0x0000000000023df4        0x4 rtx/librtx.a(rtx_evr.o)
                0x0000000000023df4                EvrRtxThreadError
 .text.EvrRtxThreadNew
                0x0000000000023df8        0x4 rtx/librtx.a(rtx_evr.o)
                0x0000000000023df8                EvrRtxThreadNew
 .text.EvrRtxThreadCreated
                0x0000000000023dfc        0x4 rtx/librtx.a(rtx_evr.o)
                0x0000000000023dfc                EvrRtxThreadCreated
 .text.EvrRtxThreadSetPriority
                0x0000000000023e00        0x4 rtx/librtx.a(rtx_evr.o)
                0x0000000000023e00                EvrRtxThreadSetPriority
 .text.EvrRtxThreadPriorityUpdated
                0x0000000000023e04        0x4 rtx/librtx.a(rtx_evr.o)
                0x0000000000023e04                EvrRtxThreadPriorityUpdated
 .text.EvrRtxThreadJoined
                0x0000000000023e08        0x4 rtx/librtx.a(rtx_evr.o)
                0x0000000000023e08                EvrRtxThreadJoined
 .text.EvrRtxThreadBlocked
                0x0000000000023e0c        0x4 rtx/librtx.a(rtx_evr.o)
                0x0000000000023e0c                EvrRtxThreadBlocked
 .text.EvrRtxThreadUnblocked
                0x0000000000023e10        0x4 rtx/librtx.a(rtx_evr.o)
                0x0000000000023e10                EvrRtxThreadUnblocked
 .text.EvrRtxThreadPreempted
                0x0000000000023e14        0x4 rtx/librtx.a(rtx_evr.o)
                0x0000000000023e14                EvrRtxThreadPreempted
 .text.EvrRtxThreadSwitched
                0x0000000000023e18        0x4 rtx/librtx.a(rtx_evr.o)
                0x0000000000023e18                EvrRtxThreadSwitched
 .text.EvrRtxThreadExit
                0x0000000000023e1c        0x4 rtx/librtx.a(rtx_evr.o)
                0x0000000000023e1c                EvrRtxThreadExit
 .text.EvrRtxThreadDestroyed
                0x0000000000023e20        0x4 rtx/librtx.a(rtx_evr.o)
                0x0000000000023e20                EvrRtxThreadDestroyed
 .text.EvrRtxThreadFlagsError
                0x0000000000023e24        0x4 rtx/librtx.a(rtx_evr.o)
                0x0000000000023e24                EvrRtxThreadFlagsError
 .text.EvrRtxThreadFlagsSet
                0x0000000000023e28        0x4 rtx/librtx.a(rtx_evr.o)
                0x0000000000023e28                EvrRtxThreadFlagsSet
 .text.EvrRtxThreadFlagsSetDone
                0x0000000000023e2c        0x4 rtx/librtx.a(rtx_evr.o)
                0x0000000000023e2c                EvrRtxThreadFlagsSetDone
 .text.EvrRtxThreadFlagsWait
                0x0000000000023e30        0x4 rtx/librtx.a(rtx_evr.o)
                0x0000000000023e30                EvrRtxThreadFlagsWait
 .text.EvrRtxThreadFlagsWaitPending
                0x0000000000023e34        0x4 rtx/librtx.a(rtx_evr.o)
                0x0000000000023e34                EvrRtxThreadFlagsWaitPending
 .text.EvrRtxThreadFlagsWaitTimeout
                0x0000000000023e38        0x4 rtx/librtx.a(rtx_evr.o)
                0x0000000000023e38                EvrRtxThreadFlagsWaitTimeout
 .text.EvrRtxThreadFlagsWaitCompleted
                0x0000000000023e3c        0x4 rtx/librtx.a(rtx_evr.o)
                0x0000000000023e3c                EvrRtxThreadFlagsWaitCompleted
 .text.EvrRtxThreadFlagsWaitNotCompleted
                0x0000000000023e40        0x4 rtx/librtx.a(rtx_evr.o)
                0x0000000000023e40                EvrRtxThreadFlagsWaitNotCompleted
 .text.EvrRtxDelayCompleted
                0x0000000000023e44        0x4 rtx/librtx.a(rtx_evr.o)
                0x0000000000023e44                EvrRtxDelayCompleted
 .text.EvrRtxTimerCallback
                0x0000000000023e48        0x4 rtx/librtx.a(rtx_evr.o)
                0x0000000000023e48                EvrRtxTimerCallback
 .text.EvrRtxEventFlagsWaitTimeout
                0x0000000000023e4c        0x4 rtx/librtx.a(rtx_evr.o)
                0x0000000000023e4c                EvrRtxEventFlagsWaitTimeout
 .text.EvrRtxMutexAcquireTimeout
                0x0000000000023e50        0x4 rtx/librtx.a(rtx_evr.o)
                0x0000000000023e50                EvrRtxMutexAcquireTimeout
 .text.EvrRtxMutexAcquired
                0x0000000000023e54        0x4 rtx/librtx.a(rtx_evr.o)
                0x0000000000023e54                EvrRtxMutexAcquired
 .text.EvrRtxMutexReleased
                0x0000000000023e58        0x4 rtx/librtx.a(rtx_evr.o)
                0x0000000000023e58                EvrRtxMutexReleased
 .text.EvrRtxSemaphoreAcquireTimeout
                0x0000000000023e5c        0x4 rtx/librtx.a(rtx_evr.o)
                0x0000000000023e5c                EvrRtxSemaphoreAcquireTimeout
 .text.EvrRtxMemoryPoolAllocTimeout
                0x0000000000023e60        0x4 rtx/librtx.a(rtx_evr.o)
                0x0000000000023e60                EvrRtxMemoryPoolAllocTimeout
 .text.EvrRtxMessageQueueError
                0x0000000000023e64        0x4 rtx/librtx.a(rtx_evr.o)
                0x0000000000023e64                EvrRtxMessageQueueError
 .text.EvrRtxMessageQueueCreated
                0x0000000000023e68        0x4 rtx/librtx.a(rtx_evr.o)
                0x0000000000023e68                EvrRtxMessageQueueCreated
 .text.EvrRtxMessageQueuePut
                0x0000000000023e6c        0x4 rtx/librtx.a(rtx_evr.o)
                0x0000000000023e6c                EvrRtxMessageQueuePut
 .text.EvrRtxMessageQueuePutPending
                0x0000000000023e70        0x4 rtx/librtx.a(rtx_evr.o)
                0x0000000000023e70                EvrRtxMessageQueuePutPending
 .text.EvrRtxMessageQueuePutTimeout
                0x0000000000023e74        0x4 rtx/librtx.a(rtx_evr.o)
                0x0000000000023e74                EvrRtxMessageQueuePutTimeout
 .text.EvrRtxMessageQueueInsertPending
                0x0000000000023e78        0x4 rtx/librtx.a(rtx_evr.o)
                0x0000000000023e78                EvrRtxMessageQueueInsertPending
 .text.EvrRtxMessageQueueInserted
                0x0000000000023e7c        0x4 rtx/librtx.a(rtx_evr.o)
                0x0000000000023e7c                EvrRtxMessageQueueInserted
 .text.EvrRtxMessageQueueNotInserted
                0x0000000000023e80        0x4 rtx/librtx.a(rtx_evr.o)
                0x0000000000023e80                EvrRtxMessageQueueNotInserted
 .text.EvrRtxMessageQueueGet
                0x0000000000023e84        0x4 rtx/librtx.a(rtx_evr.o)
                0x0000000000023e84                EvrRtxMessageQueueGet
 .text.EvrRtxMessageQueueGetPending
                0x0000000000023e88        0x4 rtx/librtx.a(rtx_evr.o)
                0x0000000000023e88                EvrRtxMessageQueueGetPending
 .text.EvrRtxMessageQueueGetTimeout
                0x0000000000023e8c        0x4 rtx/librtx.a(rtx_evr.o)
                0x0000000000023e8c                EvrRtxMessageQueueGetTimeout
 .text.EvrRtxMessageQueueRetrieved
                0x0000000000023e90        0x4 rtx/librtx.a(rtx_evr.o)
                0x0000000000023e90                EvrRtxMessageQueueRetrieved
 .text.EvrRtxMessageQueueNotRetrieved
                0x0000000000023e94        0x4 rtx/librtx.a(rtx_evr.o)
                0x0000000000023e94                EvrRtxMessageQueueNotRetrieved
 .text.svcRtxMessageQueuePut
                0x0000000000023e98      0x12c rtx/librtx.a(rtx_msgqueue.o)
 .text.osRtxMessageQueuePostProcess
                0x0000000000023fc4      0x18c rtx/librtx.a(rtx_msgqueue.o)
 .text.svcRtxMessageQueueGet
                0x0000000000024150      0x1c4 rtx/librtx.a(rtx_msgqueue.o)
 .text.osRtxMessageQueueTimerSetup
                0x0000000000024314      0x184 rtx/librtx.a(rtx_msgqueue.o)
                0x0000000000024314                osRtxMessageQueueTimerSetup
 .text.osMessageQueuePut
                0x0000000000024498       0x9c rtx/librtx.a(rtx_msgqueue.o)
                0x0000000000024498                osMessageQueuePut
 .text.osMessageQueueGet
                0x0000000000024534       0xe0 rtx/librtx.a(rtx_msgqueue.o)
                0x0000000000024534                osMessageQueueGet
 .text.osRtxMutexOwnerRelease
                0x0000000000024614       0x64 rtx/librtx.a(rtx_mutex.o)
                0x0000000000024614                osRtxMutexOwnerRelease
 .text.osRtxMutexOwnerRestore
                0x0000000000024678       0x40 rtx/librtx.a(rtx_mutex.o)
                0x0000000000024678                osRtxMutexOwnerRestore
 .text.memset   0x00000000000246b8       0xa4 /opt/arm-gcc/arm-none-eabi/lib/thumb/v7e-m+fp/hard/libc.a(libc_a-memset.o)
                0x00000000000246b8                memset
 .text.strcpy   0x000000000002475c       0xbc /opt/arm-gcc/arm-none-eabi/lib/thumb/v7e-m+fp/hard/libc.a(libc_a-strcpy.o)
                0x000000000002475c                strcpy
 .text          0x0000000000024818      0x134 /opt/arm-gcc/arm-none-eabi/lib/thumb/v7e-m+fp/hard/libc.a(libc_a-memcpy.o)
                0x0000000000024818                memcpy
 *fill*         0x000000000002494c       0x34 
 .text          0x0000000000024980       0xdc /opt/arm-gcc/arm-none-eabi/lib/thumb/v7e-m+fp/hard/libc.a(libc_a-strlen.o)
                0x0000000000024980                strlen
 .text          0x0000000000024a5c       0x30 /opt/arm-gcc/lib/gcc/arm-none-eabi/12.2.1/thumb/v7e-m+fp/hard/libgcc.a(_aeabi_uldivmod.o)
                0x0000000000024a5c                __aeabi_uldivmod
 .text.__udivmoddi4
                0x0000000000024a8c      0x2bc /opt/arm-gcc/lib/gcc/arm-none-eabi/12.2.1/thumb/v7e-m+fp/hard/libgcc.a(_udivmoddi4.o)
                0x0000000000024a8c                __udivmoddi4
 .text          0x0000000000024d48        0x4 /opt/arm-gcc/lib/gcc/arm-none-eabi/12.2.1/thumb/v7e-m+fp/hard/libgcc.a(_dvmd_tls.o)
                0x0000000000024d48                __aeabi_ldiv0
                0x0000000000024d48                __aeabi_idiv0
 *(.init)
 *(.fini)
 *crtbegin.o(.ctors)
 *crtbegin?.o(.ctors)
 *(EXCLUDE_FILE(*crtend.o *crtend?.o) .ctors)
 *(SORT_BY_NAME(.ctors.*))
 *(.ctors)
 *crtbegin.o(.dtors)
 *crtbegin?.o(.dtors)
 *(EXCLUDE_FILE(*crtend.o *crtend?.o) .dtors)
 *(SORT_BY_NAME(.dtors.*))
 *(.dtors)
 *(.rodata*)
 .rodata.task_ctrl.str1.4
                0x0000000000024d4c        0x0 main.o
                                          0x2 (size before relaxing)
 .rodata.main.str1.4
                0x0000000000024d4c        0xf main.o
 *fill*         0x0000000000024d5b        0x1 
 .rodata.led_cols
                0x0000000000024d5c        0x5 bsp/libbsp.a(board.o)
                0x0000000000024d5c                led_cols
 *fill*         0x0000000000024d61        0x3 
 .rodata.led_rows
                0x0000000000024d64        0x5 bsp/libbsp.a(board.o)
                0x0000000000024d64                led_rows
 *fill*         0x0000000000024d69        0x3 
 .rodata._do_print.str1.4
                0x0000000000024d6c       0x11 bsp/libbsp.a(lib.o)
 *fill*         0x0000000000024d7d        0x3 
 .rodata.ble_evt_handler.str1.4
                0x0000000000024d80       0x19 ble/libble_uart.a(ble_uart.c.o)
 *fill*         0x0000000000024d99        0x3 
 .rodata.gatt_evt_handler.str1.4
                0x0000000000024d9c       0x1c ble/libble_uart.a(ble_uart.c.o)
 .rodata.ble_init.str1.4
                0x0000000000024db8       0x4d ble/libble_uart.a(ble_uart.c.o)
 *fill*         0x0000000000024e05        0x3 
 .rodata.app_buttons
                0x0000000000024e08       0x10 ble/libble_uart.a(bsp.c.o)
 .rodata.m_bsp_button_tmr
                0x0000000000024e18        0x4 ble/libble_uart.a(bsp.c.o)
 .rodata.m_bsp_alert_tmr
                0x0000000000024e1c        0x4 ble/libble_uart.a(bsp.c.o)
 .rodata.m_bsp_leds_tmr
                0x0000000000024e20        0x4 ble/libble_uart.a(bsp.c.o)
 .rodata.data_length_update.str1.4
                0x0000000000024e24       0xe2 ble/libble_uart.a(nrf_ble_gatt.c.o)
 *fill*         0x0000000000024f06        0x2 
 .rodata.nrf_ble_gatt_on_ble_evt.str1.4
                0x0000000000024f08       0x63 ble/libble_uart.a(nrf_ble_gatt.c.o)
 *fill*         0x0000000000024f6b        0x1 
 .rodata.str1.4
                0x0000000000024f6c        0xd ble/libble_uart.a(nrf_ble_gatt.c.o)
 *fill*         0x0000000000024f79        0x3 
 .rodata.str1.4
                0x0000000000024f7c       0x10 ble/libble_uart.a(nrf_log_default_backends.c.o)
 .rodata.nrf_log_frontend_dequeue.str1.4
                0x0000000000024f8c       0x11 ble/libble_uart.a(nrf_log_frontend.c.o)
 *fill*         0x0000000000024f9d        0x3 
 .rodata.str1.4
                0x0000000000024fa0        0x4 ble/libble_uart.a(nrf_log_frontend.c.o)
 .rodata.m_log_push_ringbuf
                0x0000000000024fa4        0xc ble/libble_uart.a(nrf_log_frontend.c.o)
 .rodata.pwr_mgmt_data
                0x0000000000024fb0        0xc ble/libble_uart.a(nrf_pwr_mgmt.c.o)
 .rodata.str1.4
                0x0000000000024fbc        0x9 ble/libble_uart.a(nrf_pwr_mgmt.c.o)
 *fill*         0x0000000000024fc5        0x3 
 .rodata.nrf_sdh_ble_default_cfg_set.str1.4
                0x0000000000024fc8      0x1cf ble/libble_uart.a(nrf_sdh_ble.c.o)
 *fill*         0x0000000000025197        0x1 
 .rodata.nrf_sdh_ble_enable.str1.4
                0x0000000000025198       0xad ble/libble_uart.a(nrf_sdh_ble.c.o)
 *fill*         0x0000000000025245        0x3 
 .rodata.sdh_ble_observers
                0x0000000000025248        0xc ble/libble_uart.a(nrf_sdh_ble.c.o)
 .rodata.str1.4
                0x0000000000025254        0xc ble/libble_uart.a(nrf_sdh_ble.c.o)
 .rodata.sdh_stack_observers
                0x0000000000025260        0xc ble/libble_uart.a(nrf_sdh.c.o)
 .rodata.sdh_state_observers
                0x000000000002526c        0xc ble/libble_uart.a(nrf_sdh.c.o)
 .rodata.sdh_req_observers
                0x0000000000025278        0xc ble/libble_uart.a(nrf_sdh.c.o)
 .rodata.str1.4
                0x0000000000025284        0x8 ble/libble_uart.a(nrf_sdh.c.o)
 .rodata        0x000000000002528c        0x4 ble/libble_uart.a(nrf_sdh.c.o)
 .rodata.str1.4
                0x0000000000025290      0x3e9 ble/libble_uart.a(nrf_strerror.c.o)
 *fill*         0x0000000000025679        0x3 
 .rodata.nrf_strerror_array
                0x000000000002567c      0x128 ble/libble_uart.a(nrf_strerror.c.o)
 .rodata.m_unknown_str
                0x00000000000257a4       0x13 ble/libble_uart.a(nrf_strerror.c.o)
 *fill*         0x00000000000257b7        0x1 
 .rodata.m_detection_delay_timer_id
                0x00000000000257b8        0x4 ble/libble_uart.a(app_button.c.o)
 .rodata.str1.4
                0x00000000000257bc        0xb ble/libble_uart.a(app_button.c.o)
 *fill*         0x00000000000257c7        0x1 
 .rodata.app_error_fault_handler.str1.4
                0x00000000000257c8       0x19 ble/libble_uart.a(app_error_weak.c.o)
 *fill*         0x00000000000257e1        0x3 
 .rodata.m_app_timer_sortlist
                0x00000000000257e4        0xc ble/libble_uart.a(app_timer2.c.o)
 .rodata.str1.4
                0x00000000000257f0        0xa ble/libble_uart.a(app_timer2.c.o)
 *fill*         0x00000000000257fa        0x2 
 .rodata        0x00000000000257fc        0x4 ble/libble_uart.a(app_timer2.c.o)
 .rodata.str1.4
                0x0000000000025800        0x8 ble/libble_uart.a(ble_nus.c.o)
 .rodata        0x0000000000025808       0x10 ble/libble_uart.a(ble_nus.c.o)
 .rodata.m_board_btn_list
                0x0000000000025818        0x2 ble/libble_uart.a(boards.c.o)
 *fill*         0x000000000002581a        0x2 
 .rodata.m_board_led_list
                0x000000000002581c        0xa ble/libble_uart.a(boards.c.o)
 *fill*         0x0000000000025826        0x2 
 .rodata.drv_rtc_init.str1.4
                0x0000000000025828       0x36 ble/libble_uart.a(drv_rtc.c.o)
 *fill*         0x000000000002585e        0x2 
 .rodata.delay_machine_code.0
                0x0000000000025860        0x6 ble/libble_uart.a(drv_rtc.c.o)
 *fill*         0x0000000000025866        0xa 
 .rodata.delay_machine_code.0
                0x0000000000025870        0x6 ble/libble_uart.a(nrf_log_backend_rtt.c.o)
 *fill*         0x0000000000025876        0x2 
 .rodata.nrf_log_backend_rtt_api
                0x0000000000025878        0xc ble/libble_uart.a(nrf_log_backend_rtt.c.o)
                0x0000000000025878                nrf_log_backend_rtt_api
 .rodata.prefix_process.constprop.0.str1.4
                0x0000000000025884       0x36 ble/libble_uart.a(nrf_log_str_formatter.c.o)
 *fill*         0x00000000000258ba        0x2 
 .rodata.nrf_log_std_entry_process.str1.4
                0x00000000000258bc        0x3 ble/libble_uart.a(nrf_log_str_formatter.c.o)
 *fill*         0x00000000000258bf        0x1 
 .rodata.nrf_log_hexdump_entry_process.str1.4
                0x00000000000258c0       0x13 ble/libble_uart.a(nrf_log_str_formatter.c.o)
                                         0x16 (size before relaxing)
 *fill*         0x00000000000258d3        0x1 
 .rodata.str1.4
                0x00000000000258d4       0x56 ble/libble_uart.a(nrf_log_str_formatter.c.o)
 *fill*         0x000000000002592a        0x2 
 .rodata.m_colors
                0x000000000002592c       0x24 ble/libble_uart.a(nrf_log_str_formatter.c.o)
 .rodata.severity_names
                0x0000000000025950       0x14 ble/libble_uart.a(nrf_log_str_formatter.c.o)
 .rodata.str1.4
                0x0000000000025964        0x9 ble/libble_uart.a(nrf_sortlist.c.o)
 *fill*         0x000000000002596d        0x3 
 .rodata.str1.4
                0x0000000000025970        0x7 ble/libble_uart.a(nrfx_gpiote.c.o)
 *fill*         0x0000000000025977        0x1 
 .rodata.SEGGER_RTT_ReadNoLock.str1.4
                0x0000000000025978       0x17 ble/libble_uart.a(SEGGER_RTT.c.o)
 *fill*         0x000000000002598f        0x1 
 .rodata._aV2C.0
                0x0000000000025990       0x10 ble/libble_uart.a(nrf_fprintf_format.c.o)
 .rodata.svcRtxKernelGetInfo.str1.4
                0x00000000000259a0        0xb rtx/librtx.a(rtx_kernel.o)
 *fill*         0x00000000000259ab        0x1 
 .rodata        0x00000000000259ac       0xa8 rtx/librtx.a(rtx_lib.o)
                0x00000000000259ac                os_cb_sections
                0x00000000000259e4                osRtxConfig
 .rodata.osRtxUserSVC
                0x0000000000025a54        0x4 rtx/librtx.a(rtx_lib.o)
                0x0000000000025a54                osRtxUserSVC
 .rodata.os_timer_mq_attr
                0x0000000000025a58       0x18 rtx/librtx.a(rtx_lib.o)
 .rodata.os_timer_thread_attr
                0x0000000000025a70       0x24 rtx/librtx.a(rtx_lib.o)
 .rodata.os_idle_thread_attr
                0x0000000000025a94       0x24 rtx/librtx.a(rtx_lib.o)
 .rodata._ctype_
                0x0000000000025ab8      0x101 /opt/arm-gcc/arm-none-eabi/lib/thumb/v7e-m+fp/hard/libc.a(libc_a-ctype_.o)
                0x0000000000025ab8                _ctype_
 *(.eh_frame*)

.glue_7         0x0000000000025bbc        0x0
 .glue_7        0x0000000000025bbc        0x0 linker stubs

.glue_7t        0x0000000000025bbc        0x0
 .glue_7t       0x0000000000025bbc        0x0 linker stubs

.vfp11_veneer   0x0000000000025bbc        0x0
 .vfp11_veneer  0x0000000000025bbc        0x0 linker stubs

.v4_bx          0x0000000000025bbc        0x0
 .v4_bx         0x0000000000025bbc        0x0 linker stubs

.iplt           0x0000000000025bbc        0x0
 .iplt          0x0000000000025bbc        0x0 main.o

.mem_section_dummy_rom

.sdh_soc_observers
                0x0000000000025bb9        0x0
                [!provide]                        PROVIDE (__start_sdh_soc_observers = .)
 *(SORT_BY_NAME(.sdh_soc_observers*))
                [!provide]                        PROVIDE (__stop_sdh_soc_observers = .)

.sdh_ble_observers
                0x0000000000025bbc       0x40
                0x0000000000025bbc                PROVIDE (__start_sdh_ble_observers = .)
 *(SORT_BY_NAME(.sdh_ble_observers*))
 .sdh_ble_observers0
                0x0000000000025bbc        0x8 ble/libble_uart.a(ble_conn_state.c.o)
 .sdh_ble_observers1
                0x0000000000025bc4       0x10 ble/libble_uart.a(ble_uart.c.o)
 .sdh_ble_observers1
                0x0000000000025bd4        0x8 ble/libble_uart.a(bsp_btn_ble.c.o)
 .sdh_ble_observers1
                0x0000000000025bdc        0x8 ble/libble_uart.a(ble_conn_params.c.o)
 .sdh_ble_observers2
                0x0000000000025be4       0x10 ble/libble_uart.a(ble_uart.c.o)
 .sdh_ble_observers3
                0x0000000000025bf4        0x8 ble/libble_uart.a(ble_uart.c.o)
                0x0000000000025bfc                PROVIDE (__stop_sdh_ble_observers = .)

.pwr_mgmt_data  0x0000000000025bfc        0x0
                0x0000000000025bfc                PROVIDE (__start_pwr_mgmt_data = .)
 *(SORT_BY_NAME(.pwr_mgmt_data*))
                0x0000000000025bfc                PROVIDE (__stop_pwr_mgmt_data = .)

.sdh_req_observers
                0x0000000000025bfc        0x0
                0x0000000000025bfc                PROVIDE (__start_sdh_req_observers = .)
 *(SORT_BY_NAME(.sdh_req_observers*))
                0x0000000000025bfc                PROVIDE (__stop_sdh_req_observers = .)

.sdh_state_observers
                0x0000000000025bfc        0x0
                0x0000000000025bfc                PROVIDE (__start_sdh_state_observers = .)
 *(SORT_BY_NAME(.sdh_state_observers*))
                0x0000000000025bfc                PROVIDE (__stop_sdh_state_observers = .)

.sdh_stack_observers
                0x0000000000025bfc        0x8
                0x0000000000025bfc                PROVIDE (__start_sdh_stack_observers = .)
 *(SORT_BY_NAME(.sdh_stack_observers*))
 .sdh_stack_observers0
                0x0000000000025bfc        0x8 ble/libble_uart.a(nrf_sdh_ble.c.o)
                0x0000000000025c04                PROVIDE (__stop_sdh_stack_observers = .)

.nrf_queue      0x0000000000025c04        0x0
                [!provide]                        PROVIDE (__start_nrf_queue = .)
 *(.nrf_queue)
                [!provide]                        PROVIDE (__stop_nrf_queue = .)

.nrf_balloc     0x0000000000025c04       0x14
                [!provide]                        PROVIDE (__start_nrf_balloc = .)
 *(.nrf_balloc)
 .nrf_balloc    0x0000000000025c04       0x14 ble/libble_uart.a(nrf_log_frontend.c.o)
                0x0000000000025c04                log_mempool
                [!provide]                        PROVIDE (__stop_nrf_balloc = .)

.cli_command    0x0000000000025c18        0x0
                [!provide]                        PROVIDE (__start_cli_command = .)
 *(.cli_command)
                [!provide]                        PROVIDE (__stop_cli_command = .)

.crypto_data    0x0000000000025c18        0x0
                [!provide]                        PROVIDE (__start_crypto_data = .)
 *(SORT_BY_NAME(.crypto_data*))
                [!provide]                        PROVIDE (__stop_crypto_data = .)

.log_const_data
                0x0000000000025c18       0x50
                0x0000000000025c18                PROVIDE (__start_log_const_data = .)
 *(SORT_BY_NAME(.log_const_data*))
 .log_const_data_GPIOTE
                0x0000000000025c18        0x8 ble/libble_uart.a(nrfx_gpiote.c.o)
                0x0000000000025c18                m_nrf_log_GPIOTE_logs_data_const
 .log_const_data_app
                0x0000000000025c20        0x8 ble/libble_uart.a(nrf_log_frontend.c.o)
                0x0000000000025c20                m_nrf_log_app_logs_data_const
 .log_const_data_app_button
                0x0000000000025c28        0x8 ble/libble_uart.a(app_button.c.o)
                0x0000000000025c28                m_nrf_log_app_button_logs_data_const
 .log_const_data_app_timer
                0x0000000000025c30        0x8 ble/libble_uart.a(app_timer2.c.o)
                0x0000000000025c30                m_nrf_log_app_timer_logs_data_const
 .log_const_data_ble_nus
                0x0000000000025c38        0x8 ble/libble_uart.a(ble_nus.c.o)
                0x0000000000025c38                m_nrf_log_ble_nus_logs_data_const
 .log_const_data_nrf_ble_gatt
                0x0000000000025c40        0x8 ble/libble_uart.a(nrf_ble_gatt.c.o)
                0x0000000000025c40                m_nrf_log_nrf_ble_gatt_logs_data_const
 .log_const_data_nrf_sdh
                0x0000000000025c48        0x8 ble/libble_uart.a(nrf_sdh.c.o)
                0x0000000000025c48                m_nrf_log_nrf_sdh_logs_data_const
 .log_const_data_nrf_sdh_ble
                0x0000000000025c50        0x8 ble/libble_uart.a(nrf_sdh_ble.c.o)
                0x0000000000025c50                m_nrf_log_nrf_sdh_ble_logs_data_const
 .log_const_data_pwr_mgmt
                0x0000000000025c58        0x8 ble/libble_uart.a(nrf_pwr_mgmt.c.o)
                0x0000000000025c58                m_nrf_log_pwr_mgmt_logs_data_const
 .log_const_data_sortlist
                0x0000000000025c60        0x8 ble/libble_uart.a(nrf_sortlist.c.o)
                0x0000000000025c60                m_nrf_log_sortlist_logs_data_const
                0x0000000000025c68                PROVIDE (__stop_log_const_data = .)

.log_backends   0x0000000000025c68       0x10
                [!provide]                        PROVIDE (__start_log_backends = .)
 *(SORT_BY_NAME(.log_backends*))
 .log_backends  0x0000000000025c68       0x10 ble/libble_uart.a(nrf_log_default_backends.c.o)
                [!provide]                        PROVIDE (__stop_log_backends = .)

.ARM.extab
 *(.ARM.extab* .gnu.linkonce.armextab.*)
                0x0000000000025c78                __exidx_start = .

.ARM.exidx      0x0000000000025c78        0x8
 *(.ARM.exidx* .gnu.linkonce.armexidx.*)
 .ARM.exidx.text.__udivmoddi4
                0x0000000000025c78        0x8 /opt/arm-gcc/lib/gcc/arm-none-eabi/12.2.1/thumb/v7e-m+fp/hard/libgcc.a(_udivmoddi4.o)
                0x0000000000025c80                __exidx_end = .

.rel.dyn        0x0000000000025c80        0x0
 .rel.iplt      0x0000000000025c80        0x0 main.o
                0x0000000000025c80                . = ALIGN (0x4)
                0x0000000000025c80                __etext = .

.data           0x0000000020002608      0x164 load address 0x0000000000025c80
                0x0000000020002608                __data_start__ = .
 *(vtable)
 *(.data*)
 .data.m_adv_uuids
                0x0000000020002608        0x4 ble/libble_uart.a(ble_uart.c.o)
 .data.m_ble_nus_max_data_len
                0x000000002000260c        0x2 ble/libble_uart.a(ble_uart.c.o)
 .data.m_conn_handle
                0x000000002000260e        0x2 ble/libble_uart.a(ble_uart.c.o)
 .data.m_nus    0x0000000020002610       0x1c ble/libble_uart.a(ble_uart.c.o)
 .data.m_nus_link_ctx_storage
                0x000000002000262c        0x8 ble/libble_uart.a(ble_uart.c.o)
 *fill*         0x0000000020002634        0x4 
 .data.m_bsp_button_tmr_data
                0x0000000020002638       0x20 ble/libble_uart.a(bsp.c.o)
 .data.m_bsp_alert_tmr_data
                0x0000000020002658       0x20 ble/libble_uart.a(bsp.c.o)
 .data.m_bsp_leds_tmr_data
                0x0000000020002678       0x20 ble/libble_uart.a(bsp.c.o)
 .data.log_backend_cb_rtt_log_backend
                0x0000000020002698        0x8 ble/libble_uart.a(nrf_log_default_backends.c.o)
 .data.m_detection_delay_timer_id_data
                0x00000000200026a0       0x20 ble/libble_uart.a(app_button.c.o)
 .data.m_rtc_inst
                0x00000000200026c0        0x8 ble/libble_uart.a(app_timer2.c.o)
 .data.os       0x00000000200026c8       0xa4 rtx/librtx.a(rtx_kernel.o)
                0x00000000200026c8                osRtxInfo
                0x000000002000276c                . = ALIGN (0x4)
                [!provide]                        PROVIDE (__preinit_array_start = .)
 *(.preinit_array)
                [!provide]                        PROVIDE (__preinit_array_end = .)
                0x000000002000276c                . = ALIGN (0x4)
                [!provide]                        PROVIDE (__init_array_start = .)
 *(SORT_BY_NAME(.init_array.*))
 *(.init_array)
                [!provide]                        PROVIDE (__init_array_end = .)
                0x000000002000276c                . = ALIGN (0x4)
                [!provide]                        PROVIDE (__fini_array_start = .)
 *(SORT_BY_NAME(.fini_array.*))
 *(.fini_array)
                [!provide]                        PROVIDE (__fini_array_end = .)
 *(.jcr*)
                0x000000002000276c                . = ALIGN (0x4)
                0x000000002000276c                __data_end__ = .

.igot.plt       0x000000002000276c        0x0 load address 0x0000000000025de4
 .igot.plt      0x000000002000276c        0x0 main.o
                0x000000002000276c                . = ALIGN (0x4)

.mem_section_dummy_ram

.cli_sorted_cmd_ptrs
                0x000000002000276c        0x0
                [!provide]                        PROVIDE (__start_cli_sorted_cmd_ptrs = .)
 *(.cli_sorted_cmd_ptrs)
                [!provide]                        PROVIDE (__stop_cli_sorted_cmd_ptrs = .)

.fs_data        0x000000002000276c        0x0
                [!provide]                        PROVIDE (__start_fs_data = .)
 *(.fs_data)
                [!provide]                        PROVIDE (__stop_fs_data = .)

.log_dynamic_data
                0x000000002000276c        0x0
                0x000000002000276c                PROVIDE (__start_log_dynamic_data = .)
 *(SORT_BY_NAME(.log_dynamic_data*))
                [!provide]                        PROVIDE (__stop_log_dynamic_data = .)

.log_filter_data
                0x000000002000276c        0x0
                [!provide]                        PROVIDE (__start_log_filter_data = .)
 *(SORT_BY_NAME(.log_filter_data*))
                [!provide]                        PROVIDE (__stop_log_filter_data = .)

.bss            0x0000000020002770     0x931c load address 0x0000000000025de8
                0x0000000020002770                . = ALIGN (0x4)
                0x0000000020002770                __bss_start__ = .
 *(.bss*)
 .bss.cmd_len   0x0000000020002770        0x4 main.o
                0x0000000020002770                cmd_len
 .bss.cmd_buf   0x0000000020002774      0x100 main.o
                0x0000000020002774                cmd_buf
 .bss.tid_ctrl  0x0000000020002874        0x4 main.o
                0x0000000020002874                tid_ctrl
 .bss.SystemCoreClock
                0x0000000020002878        0x4 bsp/libbsp.a(system.o)
                0x0000000020002878                SystemCoreClock
 .bss.duty_cycle
                0x000000002000287c        0x4 bsp/libbsp.a(audio.o)
 .bss.s_sequence
                0x0000000020002880        0x4 bsp/libbsp.a(pwm.o)
 .bss.data_array.0
                0x0000000020002884       0xf4 ble/libble_uart.a(ble_uart.c.o)
 .bss.index.1   0x0000000020002978        0x1 ble/libble_uart.a(ble_uart.c.o)
 *fill*         0x0000000020002979        0x3 
 .bss.m_advertising
                0x000000002000297c       0xf8 ble/libble_uart.a(ble_uart.c.o)
 .bss.m_qwr     0x0000000020002a74        0xc ble/libble_uart.a(ble_uart.c.o)
 .bss.m_gatt    0x0000000020002a80       0x14 ble/libble_uart.a(ble_uart.c.o)
 .bss.m_nus_link_ctx_storage_ctx_data_pool
                0x0000000020002a94        0x4 ble/libble_uart.a(ble_uart.c.o)
 .bss.m_ble_recv_handler
                0x0000000020002a98        0x4 ble/libble_uart.a(ble_uart.c.o)
                0x0000000020002a98                m_ble_recv_handler
 .bss.m_num_connections
                0x0000000020002a9c        0x4 ble/libble_uart.a(bsp_btn_ble.c.o)
 .bss.m_error_handler
                0x0000000020002aa0        0x4 ble/libble_uart.a(bsp_btn_ble.c.o)
 .bss.release_event_at_push.0
                0x0000000020002aa4        0x2 ble/libble_uart.a(bsp.c.o)
 .bss.current_long_push_pin_no.1
                0x0000000020002aa6        0x1 ble/libble_uart.a(bsp.c.o)
 *fill*         0x0000000020002aa7        0x1 
 .bss.m_events_list
                0x0000000020002aa8        0x6 ble/libble_uart.a(bsp.c.o)
 *fill*         0x0000000020002aae        0x2 
 .bss.m_registered_callback
                0x0000000020002ab0        0x4 ble/libble_uart.a(bsp.c.o)
 .bss.m_alert_on
                0x0000000020002ab4        0x1 ble/libble_uart.a(bsp.c.o)
 *fill*         0x0000000020002ab5        0x3 
 .bss.m_indication_type
                0x0000000020002ab8        0x4 ble/libble_uart.a(bsp.c.o)
 .bss.m_leds_clear
                0x0000000020002abc        0x1 ble/libble_uart.a(bsp.c.o)
 .bss.m_stable_state
                0x0000000020002abd        0x1 ble/libble_uart.a(bsp.c.o)
 *fill*         0x0000000020002abe        0x2 
 .bss.m_log_data
                0x0000000020002ac0      0x420 ble/libble_uart.a(nrf_log_frontend.c.o)
 .bss.m_log_push_ringbuf_cb
                0x0000000020002ee0       0x18 ble/libble_uart.a(nrf_log_frontend.c.o)
 .bss.m_log_push_ringbuf_buf
                0x0000000020002ef8       0x80 ble/libble_uart.a(nrf_log_frontend.c.o)
 .bss.log_mempool_nrf_balloc_cb
                0x0000000020002f78        0x8 ble/libble_uart.a(nrf_log_frontend.c.o)
 .bss.log_mempool_nrf_balloc_pool_mem
                0x0000000020002f80       0xc0 ble/libble_uart.a(nrf_log_frontend.c.o)
 .bss.log_mempool_nrf_balloc_pool_stack
                0x0000000020003040        0x8 ble/libble_uart.a(nrf_log_frontend.c.o)
 .bss.m_handlers_iter
                0x0000000020003048        0x8 ble/libble_uart.a(nrf_pwr_mgmt.c.o)
 .bss.m_shutdown_started
                0x0000000020003050        0x1 ble/libble_uart.a(nrf_pwr_mgmt.c.o)
 *fill*         0x0000000020003051        0x3 
 .bss.m_sysoff_mtx
                0x0000000020003054        0x4 ble/libble_uart.a(nrf_pwr_mgmt.c.o)
 .bss.m_stack_is_enabled
                0x0000000020003058        0x1 ble/libble_uart.a(nrf_sdh_ble.c.o)
 .bss.m_nrf_sdh_continue
                0x0000000020003059        0x1 ble/libble_uart.a(nrf_sdh.c.o)
 .bss.m_nrf_sdh_suspended
                0x000000002000305a        0x1 ble/libble_uart.a(nrf_sdh.c.o)
 .bss.m_nrf_sdh_enabled
                0x000000002000305b        0x1 ble/libble_uart.a(nrf_sdh.c.o)
 .bss.m_pin_states
                0x000000002000305c       0x20 ble/libble_uart.a(app_button.c.o)
 *fill*         0x000000002000307c        0x4 
 .bss.m_pin_active
                0x0000000020003080        0x8 ble/libble_uart.a(app_button.c.o)
 .bss.m_detection_delay
                0x0000000020003088        0x4 ble/libble_uart.a(app_button.c.o)
 .bss.m_button_count
                0x000000002000308c        0x1 ble/libble_uart.a(app_button.c.o)
 *fill*         0x000000002000308d        0x3 
 .bss.mp_buttons
                0x0000000020003090        0x4 ble/libble_uart.a(app_button.c.o)
 .bss.m_app_timer_sortlist_sortlist_cb
                0x0000000020003094        0x4 ble/libble_uart.a(app_timer2.c.o)
 .bss.m_req_fifo_inst
                0x0000000020003098       0x10 ble/libble_uart.a(app_timer2.c.o)
 .bss.m_req_fifo_data
                0x00000000200030a8       0x58 ble/libble_uart.a(app_timer2.c.o)
 .bss.m_stamp64
                0x0000000020003100        0x8 ble/libble_uart.a(app_timer2.c.o)
 .bss.m_base_counter
                0x0000000020003108        0x8 ble/libble_uart.a(app_timer2.c.o)
 .bss.m_global_active
                0x0000000020003110        0x1 ble/libble_uart.a(app_timer2.c.o)
 *fill*         0x0000000020003111        0x3 
 .bss.mp_active_timer
                0x0000000020003114        0x4 ble/libble_uart.a(app_timer2.c.o)
 .bss.nrf_nvic_state
                0x0000000020003118        0xc ble/libble_uart.a(app_util_platform.c.o)
                0x0000000020003118                nrf_nvic_state
 .bss.m_preferred_conn_params
                0x0000000020003124        0x8 ble/libble_uart.a(ble_conn_params.c.o)
 .bss.m_conn_params_config
                0x000000002000312c       0x1c ble/libble_uart.a(ble_conn_params.c.o)
 .bss.m_conn_params_instances
                0x0000000020003148       0x14 ble/libble_uart.a(ble_conn_params.c.o)
 *fill*         0x000000002000315c        0x4 
 .bss.m_timer_data
                0x0000000020003160       0x20 ble/libble_uart.a(ble_conn_params.c.o)
 .bss.m_cb      0x0000000020003180        0x8 ble/libble_uart.a(drv_rtc.c.o)
 .bss.m_handlers
                0x0000000020003188        0x4 ble/libble_uart.a(drv_rtc.c.o)
 .bss.m_string_buff
                0x000000002000318c       0x40 ble/libble_uart.a(nrf_log_backend_rtt.c.o)
 .bss.m_host_present
                0x00000000200031cc        0x1 ble/libble_uart.a(nrf_log_backend_rtt.c.o)
 *fill*         0x00000000200031cd        0x3 
 .bss.m_cb      0x00000000200031d0       0x68 ble/libble_uart.a(nrfx_gpiote.c.o)
 .bss._acDownBuffer
                0x0000000020003238       0x10 ble/libble_uart.a(SEGGER_RTT.c.o)
 .bss._acUpBuffer
                0x0000000020003248      0x200 ble/libble_uart.a(SEGGER_RTT.c.o)
 .bss._SEGGER_RTT
                0x0000000020003448       0x78 ble/libble_uart.a(SEGGER_RTT.c.o)
                0x0000000020003448                _SEGGER_RTT
 .bss.m_bcs     0x00000000200034c0       0x7c ble/libble_uart.a(ble_conn_state.c.o)
 .bss.os.msgqueue.mem
                0x000000002000353c       0x50 rtx/librtx.a(rtx_lib.o)
 .bss.os.msgqueue.cb
                0x000000002000358c       0x34 rtx/librtx.a(rtx_lib.o)
 .bss.os.thread.timer.stack
                0x00000000200035c0      0x200 rtx/librtx.a(rtx_lib.o)
 .bss.os.thread.cb
                0x00000000200037c0       0x88 rtx/librtx.a(rtx_lib.o)
 .bss.os.thread.idle.stack
                0x0000000020003848      0x200 rtx/librtx.a(rtx_lib.o)
 .bss.os        0x0000000020003a48     0x8040 rtx/librtx.a(rtx_lib.o)
 .bss.os        0x000000002000ba88        0x1 rtx/librtx.a(os_systick.o)
 *(COMMON)
                0x000000002000ba8c                . = ALIGN (0x4)
 *fill*         0x000000002000ba89        0x3 
                0x000000002000ba8c                __bss_end__ = .

.heap           0x000000002000ba8c        0x0
                0x000000002000ba8c                __HeapBase = .
                0x000000002000ba8c                __end__ = .
                0x000000002000ba8c                PROVIDE (end = .)
 *(.heap*)
                0x000000002000ba8c                __HeapLimit = .

.stack_dummy    0x000000002000ba8c     0x2000
 *(.stack*)
 .stack         0x000000002000ba8c     0x2000 bsp/libbsp.a(startup.o)
                0x000000002000ba8c                stack
                0x0000000020020000                __StackTop = (ORIGIN (RAM) + LENGTH (RAM))
                0x000000002001e000                __StackLimit = (__StackTop - SIZEOF (.stack_dummy))
                [!provide]                        PROVIDE (__stack = __StackTop)
                0x0000000000000001                ASSERT ((__StackLimit >= __HeapLimit), region RAM overflowed with stack)
                0x0000000000000168                DataInitFlashUsed = (__bss_start__ - __data_start__)
                0x0000000000009c80                CodeFlashUsed = (__etext - ORIGIN (FLASH))
                0x0000000000009de8                TotalFlashUsed = (CodeFlashUsed + DataInitFlashUsed)
                0x0000000000000001                ASSERT ((TotalFlashUsed <= LENGTH (FLASH)), region FLASH overflowed with .data and user data)
LOAD main.o
LOAD bsp/libbsp.a
LOAD ble/libble_uart.a
LOAD rtx/librtx.a
LOAD /opt/arm-gcc/arm-none-eabi/lib/thumb/v7e-m+fp/hard/libm.a
LOAD /opt/arm-gcc/arm-none-eabi/lib/thumb/v7e-m+fp/hard/libc.a
LOAD /opt/arm-gcc/lib/gcc/arm-none-eabi/12.2.1/thumb/v7e-m+fp/hard/libgcc.a
LOAD /opt/arm-gcc/arm-none-eabi/lib/thumb/v7e-m+fp/hard/libnosys.a
OUTPUT(app.out elf32-littlearm)
LOAD linker stubs

.debug_info     0x0000000000000000    0x541a9
 .debug_info    0x0000000000000000      0x6de main.o
 .debug_info    0x00000000000006de      0x2e9 bsp/libbsp.a(startup.o)
 .debug_info    0x00000000000009c7       0x75 bsp/libbsp.a(system.o)
 .debug_info    0x0000000000000a3c     0x12c2 bsp/libbsp.a(board.o)
 .debug_info    0x0000000000001cfe      0x29d bsp/libbsp.a(serial.o)
 .debug_info    0x0000000000001f9b      0x22b bsp/libbsp.a(gpio.o)
 .debug_info    0x00000000000021c6     0x1ad7 bsp/libbsp.a(lib.o)
 .debug_info    0x0000000000003c9d      0x6f9 bsp/libbsp.a(audio.o)
 .debug_info    0x0000000000004396      0x165 bsp/libbsp.a(pwm.o)
 .debug_info    0x00000000000044fb      0x19f bsp/libbsp.a(adc.o)
 .debug_info    0x000000000000469a     0x4554 ble/libble_uart.a(ble_uart.c.o)
 .debug_info    0x0000000000008bee     0x1c10 ble/libble_uart.a(bsp_btn_ble.c.o)
 .debug_info    0x000000000000a7fe     0x14f9 ble/libble_uart.a(bsp.c.o)
 .debug_info    0x000000000000bcf7     0x26a7 ble/libble_uart.a(nrf_ble_gatt.c.o)
 .debug_info    0x000000000000e39e     0x1d2a ble/libble_uart.a(nrf_ble_qwr.c.o)
 .debug_info    0x00000000000100c8      0x2fc ble/libble_uart.a(nrf_log_default_backends.c.o)
 .debug_info    0x00000000000103c4     0x3b4f ble/libble_uart.a(nrf_log_frontend.c.o)
 .debug_info    0x0000000000013f13      0xb84 ble/libble_uart.a(nrf_memobj.c.o)
 .debug_info    0x0000000000014a97     0x12d4 ble/libble_uart.a(nrf_pwr_mgmt.c.o)
 .debug_info    0x0000000000015d6b      0x62d ble/libble_uart.a(nrf_ringbuf.c.o)
 .debug_info    0x0000000000016398     0x28e9 ble/libble_uart.a(nrf_sdh_ble.c.o)
 .debug_info    0x0000000000018c81     0x1835 ble/libble_uart.a(nrf_sdh.c.o)
 .debug_info    0x000000000001a4b6      0x19a ble/libble_uart.a(nrf_section_iter.c.o)
 .debug_info    0x000000000001a650      0x275 ble/libble_uart.a(nrf_strerror.c.o)
 .debug_info    0x000000000001a8c5     0x12e0 ble/libble_uart.a(app_button.c.o)
 .debug_info    0x000000000001bba5      0x2be ble/libble_uart.a(app_error.c.o)
 .debug_info    0x000000000001be63      0x478 ble/libble_uart.a(app_error_weak.c.o)
 .debug_info    0x000000000001c2db     0x1958 ble/libble_uart.a(app_timer2.c.o)
 .debug_info    0x000000000001dc33      0x9dc ble/libble_uart.a(app_util_platform.c.o)
 .debug_info    0x000000000001e60f     0x2f9d ble/libble_uart.a(ble_advertising.c.o)
 .debug_info    0x00000000000215ac     0x292c ble/libble_uart.a(ble_conn_params.c.o)
 .debug_info    0x0000000000023ed8     0x260a ble/libble_uart.a(ble_nus.c.o)
 .debug_info    0x00000000000264e2      0xd8f ble/libble_uart.a(ble_srv_common.c.o)
 .debug_info    0x0000000000027271      0xeb8 ble/libble_uart.a(boards.c.o)
 .debug_info    0x0000000000028129     0x20c2 ble/libble_uart.a(drv_rtc.c.o)
 .debug_info    0x000000000002a1eb      0xb02 ble/libble_uart.a(nrf_atfifo.c.o)
 .debug_info    0x000000000002aced      0xa65 ble/libble_uart.a(nrf_atomic.c.o)
 .debug_info    0x000000000002b752      0x3d1 ble/libble_uart.a(nrf_balloc.c.o)
 .debug_info    0x000000000002bb23      0x5a5 ble/libble_uart.a(nrf_log_backend_rtt.c.o)
 .debug_info    0x000000000002c0c8      0x7c7 ble/libble_uart.a(nrf_log_backend_serial.c.o)
 .debug_info    0x000000000002c88f      0x848 ble/libble_uart.a(nrf_log_str_formatter.c.o)
 .debug_info    0x000000000002d0d7      0x3a9 ble/libble_uart.a(nrf_sortlist.c.o)
 .debug_info    0x000000000002d480     0x3cc1 ble/libble_uart.a(nrfx_gpiote.c.o)
 .debug_info    0x0000000000031141     0x2ff4 ble/libble_uart.a(SEGGER_RTT.c.o)
 .debug_info    0x0000000000034135     0x1fb1 ble/libble_uart.a(ble_advdata.c.o)
 .debug_info    0x00000000000360e6      0x1b2 ble/libble_uart.a(ble_link_ctx_manager.c.o)
 .debug_info    0x0000000000036298      0x250 ble/libble_uart.a(nrf_fprintf.c.o)
 .debug_info    0x00000000000364e8      0xc29 ble/libble_uart.a(nrf_fprintf_format.c.o)
 .debug_info    0x0000000000037111     0x2c73 ble/libble_uart.a(ble_conn_state.c.o)
 .debug_info    0x0000000000039d84      0x71f ble/libble_uart.a(nrf_atflags.c.o)
 .debug_info    0x000000000003a4a3     0x33f2 rtx/librtx.a(rtx_kernel.o)
 .debug_info    0x000000000003d895      0xc38 rtx/librtx.a(rtx_lib.o)
 .debug_info    0x000000000003e4cd      0x639 rtx/librtx.a(rtx_memory.o)
 .debug_info    0x000000000003eb06     0x34e0 rtx/librtx.a(rtx_mempool.o)
 .debug_info    0x0000000000041fe6     0x11fd rtx/librtx.a(rtx_system.o)
 .debug_info    0x00000000000431e3     0x6adf rtx/librtx.a(rtx_thread.o)
 .debug_info    0x0000000000049cc2     0x1fb6 rtx/librtx.a(rtx_timer.o)
 .debug_info    0x000000000004bc78       0x45 rtx/librtx.a(irq_armv7m.o)
 .debug_info    0x000000000004bcbd      0x453 rtx/librtx.a(os_systick.o)
 .debug_info    0x000000000004c110      0x100 rtx/librtx.a(RTX_Config.o)
 .debug_info    0x000000000004c210     0x1ecf rtx/librtx.a(rtx_evr.o)
 .debug_info    0x000000000004e0df     0x41f0 rtx/librtx.a(rtx_msgqueue.o)
 .debug_info    0x00000000000522cf     0x1eda rtx/librtx.a(rtx_mutex.o)

.debug_abbrev   0x0000000000000000     0xbc91
 .debug_abbrev  0x0000000000000000      0x1f8 main.o
 .debug_abbrev  0x00000000000001f8      0x1d0 bsp/libbsp.a(startup.o)
 .debug_abbrev  0x00000000000003c8       0x74 bsp/libbsp.a(system.o)
 .debug_abbrev  0x000000000000043c      0x29f bsp/libbsp.a(board.o)
 .debug_abbrev  0x00000000000006db      0x183 bsp/libbsp.a(serial.o)
 .debug_abbrev  0x000000000000085e       0xef bsp/libbsp.a(gpio.o)
 .debug_abbrev  0x000000000000094d      0x36f bsp/libbsp.a(lib.o)
 .debug_abbrev  0x0000000000000cbc      0x26c bsp/libbsp.a(audio.o)
 .debug_abbrev  0x0000000000000f28       0xcf bsp/libbsp.a(pwm.o)
 .debug_abbrev  0x0000000000000ff7      0x128 bsp/libbsp.a(adc.o)
 .debug_abbrev  0x000000000000111f      0x5b8 ble/libble_uart.a(ble_uart.c.o)
 .debug_abbrev  0x00000000000016d7      0x328 ble/libble_uart.a(bsp_btn_ble.c.o)
 .debug_abbrev  0x00000000000019ff      0x4db ble/libble_uart.a(bsp.c.o)
 .debug_abbrev  0x0000000000001eda      0x47e ble/libble_uart.a(nrf_ble_gatt.c.o)
 .debug_abbrev  0x0000000000002358      0x352 ble/libble_uart.a(nrf_ble_qwr.c.o)
 .debug_abbrev  0x00000000000026aa      0x1a4 ble/libble_uart.a(nrf_log_default_backends.c.o)
 .debug_abbrev  0x000000000000284e      0x5d1 ble/libble_uart.a(nrf_log_frontend.c.o)
 .debug_abbrev  0x0000000000002e1f      0x2b7 ble/libble_uart.a(nrf_memobj.c.o)
 .debug_abbrev  0x00000000000030d6      0x4a8 ble/libble_uart.a(nrf_pwr_mgmt.c.o)
 .debug_abbrev  0x000000000000357e      0x187 ble/libble_uart.a(nrf_ringbuf.c.o)
 .debug_abbrev  0x0000000000003705      0x49a ble/libble_uart.a(nrf_sdh_ble.c.o)
 .debug_abbrev  0x0000000000003b9f      0x521 ble/libble_uart.a(nrf_sdh.c.o)
 .debug_abbrev  0x00000000000040c0       0xbc ble/libble_uart.a(nrf_section_iter.c.o)
 .debug_abbrev  0x000000000000417c      0x15d ble/libble_uart.a(nrf_strerror.c.o)
 .debug_abbrev  0x00000000000042d9      0x3e7 ble/libble_uart.a(app_button.c.o)
 .debug_abbrev  0x00000000000046c0      0x147 ble/libble_uart.a(app_error.c.o)
 .debug_abbrev  0x0000000000004807      0x23a ble/libble_uart.a(app_error_weak.c.o)
 .debug_abbrev  0x0000000000004a41      0x551 ble/libble_uart.a(app_timer2.c.o)
 .debug_abbrev  0x0000000000004f92      0x311 ble/libble_uart.a(app_util_platform.c.o)
 .debug_abbrev  0x00000000000052a3      0x4c8 ble/libble_uart.a(ble_advertising.c.o)
 .debug_abbrev  0x000000000000576b      0x537 ble/libble_uart.a(ble_conn_params.c.o)
 .debug_abbrev  0x0000000000005ca2      0x424 ble/libble_uart.a(ble_nus.c.o)
 .debug_abbrev  0x00000000000060c6      0x2ae ble/libble_uart.a(ble_srv_common.c.o)
 .debug_abbrev  0x0000000000006374      0x343 ble/libble_uart.a(boards.c.o)
 .debug_abbrev  0x00000000000066b7      0x539 ble/libble_uart.a(drv_rtc.c.o)
 .debug_abbrev  0x0000000000006bf0      0x2bf ble/libble_uart.a(nrf_atfifo.c.o)
 .debug_abbrev  0x0000000000006eaf      0x216 ble/libble_uart.a(nrf_atomic.c.o)
 .debug_abbrev  0x00000000000070c5      0x21d ble/libble_uart.a(nrf_balloc.c.o)
 .debug_abbrev  0x00000000000072e2      0x2a6 ble/libble_uart.a(nrf_log_backend_rtt.c.o)
 .debug_abbrev  0x0000000000007588      0x20c ble/libble_uart.a(nrf_log_backend_serial.c.o)
 .debug_abbrev  0x0000000000007794      0x23b ble/libble_uart.a(nrf_log_str_formatter.c.o)
 .debug_abbrev  0x00000000000079cf      0x166 ble/libble_uart.a(nrf_sortlist.c.o)
 .debug_abbrev  0x0000000000007b35      0x50d ble/libble_uart.a(nrfx_gpiote.c.o)
 .debug_abbrev  0x0000000000008042      0x34f ble/libble_uart.a(SEGGER_RTT.c.o)
 .debug_abbrev  0x0000000000008391      0x401 ble/libble_uart.a(ble_advdata.c.o)
 .debug_abbrev  0x0000000000008792       0xe4 ble/libble_uart.a(ble_link_ctx_manager.c.o)
 .debug_abbrev  0x0000000000008876      0x13e ble/libble_uart.a(nrf_fprintf.c.o)
 .debug_abbrev  0x00000000000089b4      0x2dd ble/libble_uart.a(nrf_fprintf_format.c.o)
 .debug_abbrev  0x0000000000008c91      0x545 ble/libble_uart.a(ble_conn_state.c.o)
 .debug_abbrev  0x00000000000091d6      0x238 ble/libble_uart.a(nrf_atflags.c.o)
 .debug_abbrev  0x000000000000940e      0x52e rtx/librtx.a(rtx_kernel.o)
 .debug_abbrev  0x000000000000993c      0x20b rtx/librtx.a(rtx_lib.o)
 .debug_abbrev  0x0000000000009b47      0x1e8 rtx/librtx.a(rtx_memory.o)
 .debug_abbrev  0x0000000000009d2f      0x4ac rtx/librtx.a(rtx_mempool.o)
 .debug_abbrev  0x000000000000a1db      0x364 rtx/librtx.a(rtx_system.o)
 .debug_abbrev  0x000000000000a53f      0x56e rtx/librtx.a(rtx_thread.o)
 .debug_abbrev  0x000000000000aaad      0x48f rtx/librtx.a(rtx_timer.o)
 .debug_abbrev  0x000000000000af3c       0x21 rtx/librtx.a(irq_armv7m.o)
 .debug_abbrev  0x000000000000af5d      0x1ae rtx/librtx.a(os_systick.o)
 .debug_abbrev  0x000000000000b10b       0x90 rtx/librtx.a(RTX_Config.o)
 .debug_abbrev  0x000000000000b19b      0x215 rtx/librtx.a(rtx_evr.o)
 .debug_abbrev  0x000000000000b3b0      0x4c1 rtx/librtx.a(rtx_msgqueue.o)
 .debug_abbrev  0x000000000000b871      0x420 rtx/librtx.a(rtx_mutex.o)

.debug_loclists
                0x0000000000000000    0x1ec2d
 .debug_loclists
                0x0000000000000000       0x5c main.o
 .debug_loclists
                0x000000000000005c       0x38 bsp/libbsp.a(startup.o)
 .debug_loclists
                0x0000000000000094      0x3f6 bsp/libbsp.a(board.o)
 .debug_loclists
                0x000000000000048a      0x147 bsp/libbsp.a(serial.o)
 .debug_loclists
                0x00000000000005d1      0x119 bsp/libbsp.a(gpio.o)
 .debug_loclists
                0x00000000000006ea     0x15f3 bsp/libbsp.a(lib.o)
 .debug_loclists
                0x0000000000001cdd      0x3e2 bsp/libbsp.a(audio.o)
 .debug_loclists
                0x00000000000020bf       0xb4 bsp/libbsp.a(pwm.o)
 .debug_loclists
                0x0000000000002173       0x44 bsp/libbsp.a(adc.o)
 .debug_loclists
                0x00000000000021b7      0x85a ble/libble_uart.a(ble_uart.c.o)
 .debug_loclists
                0x0000000000002a11      0x182 ble/libble_uart.a(bsp_btn_ble.c.o)
 .debug_loclists
                0x0000000000002b93      0x813 ble/libble_uart.a(bsp.c.o)
 .debug_loclists
                0x00000000000033a6      0x82f ble/libble_uart.a(nrf_ble_gatt.c.o)
 .debug_loclists
                0x0000000000003bd5      0x330 ble/libble_uart.a(nrf_ble_qwr.c.o)
 .debug_loclists
                0x0000000000003f05       0x29 ble/libble_uart.a(nrf_log_default_backends.c.o)
 .debug_loclists
                0x0000000000003f2e     0x33bb ble/libble_uart.a(nrf_log_frontend.c.o)
 .debug_loclists
                0x00000000000072e9      0x959 ble/libble_uart.a(nrf_memobj.c.o)
 .debug_loclists
                0x0000000000007c42       0xca ble/libble_uart.a(nrf_pwr_mgmt.c.o)
 .debug_loclists
                0x0000000000007d0c      0x412 ble/libble_uart.a(nrf_ringbuf.c.o)
 .debug_loclists
                0x000000000000811e      0x24e ble/libble_uart.a(nrf_sdh_ble.c.o)
 .debug_loclists